Archive member included to satisfy reference by file (symbol)

app/libapp.a(main.cpp.obj)    (--whole-archive)
app/libapp.a(alarm.cpp.obj)   (--whole-archive)
app/libapp.a(occlusion.cpp.obj)
                              (--whole-archive)
app/libapp.a(volume.cpp.obj)  (--whole-archive)
app/libapp.a(infusion.cpp.obj)
                              (--whole-archive)
app/libapp.a(hardware.cpp.obj)
                              (--whole-archive)
zephyr/libzephyr.a(validate_libc.c.obj)
                              (--whole-archive)
zephyr/libzephyr.a(heap.c.obj)
                              (--whole-archive)
zephyr/libzephyr.a(boot_banner.c.obj)
                              (--whole-archive)
zephyr/libzephyr.a(cbprintf_packaged.c.obj)
                              (--whole-archive)
zephyr/libzephyr.a(clock.c.obj)
                              (--whole-archive)
zephyr/libzephyr.a(printk.c.obj)
                              (--whole-archive)
zephyr/libzephyr.a(cbprintf_complete.c.obj)
                              (--whole-archive)
zephyr/libzephyr.a(assert.c.obj)
                              (--whole-archive)
zephyr/libzephyr.a(dec.c.obj)
                              (--whole-archive)
zephyr/libzephyr.a(hex.c.obj)
                              (--whole-archive)
zephyr/libzephyr.a(rb.c.obj)  (--whole-archive)
zephyr/libzephyr.a(set.c.obj)
                              (--whole-archive)
zephyr/libzephyr.a(timeutil.c.obj)
                              (--whole-archive)
zephyr/libzephyr.a(bitarray.c.obj)
                              (--whole-archive)
zephyr/libzephyr.a(bitmask.c.obj)
                              (--whole-archive)
zephyr/libzephyr.a(getopt.c.obj)
                              (--whole-archive)
zephyr/libzephyr.a(getopt_common.c.obj)
                              (--whole-archive)
zephyr/libzephyr.a(ring_buffer.c.obj)
                              (--whole-archive)
zephyr/libzephyr.a(last_section_id.c.obj)
                              (--whole-archive)
zephyr/libzephyr.a(configs.c.obj)
                              (--whole-archive)
zephyr/libzephyr.a(stm32cube_hal.c.obj)
                              (--whole-archive)
zephyr/libzephyr.a(soc_config.c.obj)
                              (--whole-archive)
zephyr/libzephyr.a(stm32_backup_sram.c.obj)
                              (--whole-archive)
zephyr/libzephyr.a(gpioport_mgr.c.obj)
                              (--whole-archive)
zephyr/libzephyr.a(stm32_backup_domain.c.obj)
                              (--whole-archive)
zephyr/libzephyr.a(soc.c.obj)
                              (--whole-archive)
zephyr/libzephyr.a(mem_attr.c.obj)
                              (--whole-archive)
zephyr/libzephyr.a(tracing_none.c.obj)
                              (--whole-archive)
zephyr/libzephyr.a(sem.c.obj)
                              (--whole-archive)
zephyr/libzephyr.a(thread_entry.c.obj)
                              (--whole-archive)
zephyr/arch/common/libarch__common.a(sw_isr_common.c.obj)
                              (--whole-archive)
zephyr/arch/common/libarch__common.a(init.c.obj)
                              (--whole-archive)
zephyr/arch/common/libarch__common.a(xip.c.obj)
                              (--whole-archive)
zephyr/arch/arch/arm/core/libarch__arm__core.a(fatal.c.obj)
                              (--whole-archive)
zephyr/arch/arch/arm/core/libarch__arm__core.a(nmi.c.obj)
                              (--whole-archive)
zephyr/arch/arch/arm/core/libarch__arm__core.a(nmi_on_reset.S.obj)
                              (--whole-archive)
zephyr/arch/arch/arm/core/libarch__arm__core.a(tls.c.obj)
                              (--whole-archive)
zephyr/arch/arch/arm/core/cortex_m/libarch__arm__core__cortex_m.a(fault.c.obj)
                              (--whole-archive)
zephyr/arch/arch/arm/core/cortex_m/libarch__arm__core__cortex_m.a(fault_s.S.obj)
                              (--whole-archive)
zephyr/arch/arch/arm/core/cortex_m/libarch__arm__core__cortex_m.a(fpu.c.obj)
                              (--whole-archive)
zephyr/arch/arch/arm/core/cortex_m/libarch__arm__core__cortex_m.a(reset.S.obj)
                              (--whole-archive)
zephyr/arch/arch/arm/core/cortex_m/libarch__arm__core__cortex_m.a(scb.c.obj)
                              (--whole-archive)
zephyr/arch/arch/arm/core/cortex_m/libarch__arm__core__cortex_m.a(vector_table.S.obj)
                              (--whole-archive)
zephyr/arch/arch/arm/core/cortex_m/libarch__arm__core__cortex_m.a(svc.S.obj)
                              (--whole-archive)
zephyr/arch/arch/arm/core/cortex_m/libarch__arm__core__cortex_m.a(irq_manage.c.obj)
                              (--whole-archive)
zephyr/arch/arch/arm/core/cortex_m/libarch__arm__core__cortex_m.a(prep_c.c.obj)
                              (--whole-archive)
zephyr/arch/arch/arm/core/cortex_m/libarch__arm__core__cortex_m.a(thread.c.obj)
                              (--whole-archive)
[...]
Memory Configuration

Name             Origin             Length             Attributes
FLASH            0x08000000         0x00080000         xr
RAM              0x20000000         0x00020000         xw
BACKUP_SRAM      0x40024000         0x00001000         rw
SRAM0            0x20000000         0x00020000         rw
IDT_LIST         0xffff7fff         0x00008000         xw
*default*        0x00000000         0xffffffff

Linker script and memory map

                0x08004764                        vfprintf = __d_vfprintf
                0x00000000                        vfscanf = __d_vfscanf
LOAD zephyr/CMakeFiles/zephyr_final.dir/misc/empty_file.c.obj
LOAD zephyr/CMakeFiles/zephyr_final.dir/isr_tables.c.obj
LOAD zephyr/CMakeFiles/offsets.dir/./arch/arm/core/offsets/offsets.c.obj
LOAD app/libapp.a
LOAD zephyr/libzephyr.a
LOAD zephyr/arch/common/libarch__common.a
LOAD zephyr/arch/arch/arm/core/libarch__arm__core.a
LOAD zephyr/arch/arch/arm/core/cortex_m/libarch__arm__core__cortex_m.a
LOAD zephyr/arch/arch/arm/core/mpu/libarch__arm__core__mpu.a
LOAD zephyr/lib/libc/picolibc/liblib__libc__picolibc.a
LOAD zephyr/lib/libc/common/liblib__libc__common.a
LOAD zephyr/subsys/portability/posix/c_lib_ext/libsubsys__portability__posix__c_lib_ext.a
LOAD zephyr/drivers/interrupt_controller/libdrivers__interrupt_controller.a
LOAD zephyr/drivers/clock_control/libdrivers__clock_control.a
LOAD zephyr/drivers/console/libdrivers__console.a
LOAD zephyr/drivers/gpio/libdrivers__gpio.a
LOAD zephyr/drivers/i2c/libdrivers__i2c.a
LOAD zephyr/drivers/pinctrl/libdrivers__pinctrl.a
LOAD zephyr/drivers/pwm/libdrivers__pwm.a
LOAD zephyr/drivers/reset/libdrivers__reset.a
LOAD zephyr/drivers/sensor/st/lps22hb/libdrivers__sensor__st__lps22hb.a
LOAD zephyr/drivers/serial/libdrivers__serial.a
LOAD zephyr/drivers/timer/libdrivers__timer.a
LOAD modules/hal_stm32/stm32cube/lib..__modules__hal__stm32__stm32cube.a
LOAD zephyr/kernel/libkernel.a
LOAD zephyr/arch/common/libisr_tables.a
LOAD /home/thanga-inc-5829/zephyr-sdk-1.0.1/gnu/arm-zephyr-eabi/bin/../lib/gcc/arm-zephyr-eabi/14.3.0/../../../../arm-zephyr-eabi/lib/thumb/v7e-m+fp/hard/space/libc.a
LOAD /home/thanga-inc-5829/zephyr-sdk-1.0.1/gnu/arm-zephyr-eabi/bin/../lib/gcc/arm-zephyr-eabi/14.3.0/thumb/v7e-m+fp/hard/space/libgcc.a
                0x00000080                        _region_min_align = 0x80

.rel.plt        0x08000000        0x0
 *(SORT_BY_ALIGNMENT(.rel.plt))
                [!provide]                        PROVIDE (__rel_iplt_start = .)
 *(SORT_BY_ALIGNMENT(.rel.iplt))
 .rel.iplt      0x08000000        0x0 zephyr/CMakeFiles/zephyr_final.dir/isr_tables.c.obj
                [!provide]                        PROVIDE (__rel_iplt_end = .)

.rela.plt       0x00000000        0x0
 *(SORT_BY_ALIGNMENT(.rela.plt))
                [!provide]                        PROVIDE (__rela_iplt_start = .)
 *(SORT_BY_ALIGNMENT(.rela.iplt))
                [!provide]                        PROVIDE (__rela_iplt_end = .)

.rel.dyn
 *(SORT_BY_ALIGNMENT(.rel.*))

.rela.dyn
 *(SORT_BY_ALIGNMENT(.rela.*))

/DISCARD/
 *(SORT_BY_ALIGNMENT(.plt))

/DISCARD/
 *(SORT_BY_ALIGNMENT(.iplt))
                0x08000000                        __rom_region_start = 0x8000000

rom_start       0x08000000      0x168
                0x08000000                        __rom_start_address = .
 FILL mask 0x00
                0x08000000                        . = (. + (0x0 - (. - __rom_start_address)))
                0x08000000                        . = ALIGN (0x4)
                0x08000000                        . = ALIGN (0x80)
                0x08000000                        . = ALIGN (0x200)
                0x08000000                        _vector_start = .
 *(SORT_BY_ALIGNMENT(.exc_vector_table))
 *(SORT_BY_ALIGNMENT(.exc_vector_table.*))
 .exc_vector_table._vector_table_section
                0x08000000       0x40 zephyr/arch/arch/arm/core/cortex_m/libarch__arm__core__cortex_m.a(vector_table.S.obj)
                0x08000000                _vector_table
 *(SORT_BY_ALIGNMENT(.vectors))
                0x08000168                        _vector_end = .
                0x08000040                        . = ALIGN (0x4)
 *(SORT_BY_ALIGNMENT(.gnu.linkonce.irq_vector_table*))
 .gnu.linkonce.irq_vector_table
                0x08000040      0x128 zephyr/CMakeFiles/zephyr_final.dir/isr_tables.c.obj
                0x08000040                _irq_vector_table
                0x08000168                        _vector_end = .

text            0x08000168     0x6d60
                0x08000168                        __text_region_start = .
 *(SORT_BY_ALIGNMENT(.text))
 .text          0x08000168      0x378 /home/thanga-inc-5829/zephyr-sdk-1.0.1/gnu/arm-zephyr-eabi/bin/../lib/gcc/arm-zephyr-eabi/14.3.0/thumb/v7e-m+fp/hard/space/libgcc.a(_arm_addsubdf3.o)
                0x08000168                __aeabi_drsub
                0x08000170                __aeabi_dsub
                0x08000170                __subdf3
                0x08000174                __adddf3
                0x08000174                __aeabi_dadd
                0x080003ec                __aeabi_ui2d
                0x080003ec                __floatunsidf
                0x0800040c                __floatsidf
                0x0800040c                __aeabi_i2d
                0x08000430                __extendsfdf2
                0x08000430                __aeabi_f2d
                0x08000474                __aeabi_ul2d
                0x08000474                __floatundidf
                0x08000484                __floatdidf
                0x08000484                __aeabi_l2d
 .text          0x080004e0      0x424 /home/thanga-inc-5829/zephyr-sdk-1.0.1/gnu/arm-zephyr-eabi/bin/../lib/gcc/arm-zephyr-eabi/14.3.0/thumb/v7e-m+fp/hard/space/libgcc.a(_arm_muldivdf3.o)
                0x080004e0                __aeabi_dmul
                0x080004e0                __muldf3
                0x08000734                __aeabi_ddiv
                0x08000734                __divdf3
 .text          0x08000904       0xa0 /home/thanga-inc-5829/zephyr-sdk-1.0.1/gnu/arm-zephyr-eabi/bin/../lib/gcc/arm-zephyr-eabi/14.3.0/thumb/v7e-m+fp/hard/space/libgcc.a(_arm_truncdfsf2.o)
                0x08000904                __aeabi_d2f
                0x08000904                __truncdfsf2
 .text          0x080009a4      0x21c /home/thanga-inc-5829/zephyr-sdk-1.0.1/gnu/arm-zephyr-eabi/bin/../lib/gcc/arm-zephyr-eabi/14.3.0/thumb/v7e-m+fp/hard/space/libgcc.a(_arm_addsubsf3.o)
                0x080009a4                __aeabi_frsub
                0x080009ac                __subsf3
                0x080009ac                __aeabi_fsub
                0x080009b0                __aeabi_fadd
                0x080009b0                __addsf3
                0x08000b10                __aeabi_ui2f
                0x08000b10                __floatunsisf
                0x08000b18                __aeabi_i2f
                0x08000b18                __floatsisf
                0x08000b34                __floatundisf
                0x08000b34                __aeabi_ul2f
                0x08000b44                __floatdisf
                0x08000b44                __aeabi_l2f
 .text          0x08000bc0       0x30 /home/thanga-inc-5829/zephyr-sdk-1.0.1/gnu/arm-zephyr-eabi/bin/../lib/gcc/arm-zephyr-eabi/14.3.0/thumb/v7e-m+fp/hard/space/libgcc.a(_aeabi_uldivmod.o)
                0x08000bc0                __aeabi_uldivmod
 .text          0x08000bf0        0x4 /home/thanga-inc-5829/zephyr-sdk-1.0.1/gnu/arm-zephyr-eabi/bin/../lib/gcc/arm-zephyr-eabi/14.3.0/thumb/v7e-m+fp/hard/space/libgcc.a(_dvmd_tls.o)
                0x08000bf0                __aeabi_ldiv0
                0x08000bf0                __aeabi_idiv0
 .text          0x08000bf4       0x14 /home/thanga-inc-5829/zephyr-sdk-1.0.1/gnu/arm-zephyr-eabi/bin/../lib/gcc/arm-zephyr-eabi/14.3.0/../../../../arm-zephyr-eabi/lib/thumb/v7e-m+fp/hard/space/libc.a(strcmp.S.o)
                0x08000bf4                strcmp
 .text          0x08000c08      0x2bc /home/thanga-inc-5829/zephyr-sdk-1.0.1/gnu/arm-zephyr-eabi/bin/../lib/gcc/arm-zephyr-eabi/14.3.0/thumb/v7e-m+fp/hard/space/libgcc.a(_udivmoddi4.o)
                0x08000c08                __udivmoddi4
 *(SORT_BY_ALIGNMENT(.text.*))
 *fill*         0x08000ec4        0x4 
 .text._Z12sensor_pressv
                0x08000ec8       0x74 app/libapp.a(hardware.cpp.obj)
                0x08000ec8                sensor_press()
 *fill*         0x08000f3c        0x4 
 .text._Z14set_delay_ratej
                0x08000f40       0xa0 app/libapp.a(hardware.cpp.obj)
                0x08000f40                set_delay_rate(unsigned int)
 .text._Z5th_fnPvS_S_
                0x08000fe0       0x30 app/libapp.a(main.cpp.obj)
                0x08000fe0                th_fn(void*, void*, void*)
 .text.main     0x08001010      0x2d4 app/libapp.a(main.cpp.obj)
                0x08001010                main
 .text._GLOBAL__sub_I_initial
                0x080012e4       0xa8 app/libapp.a(main.cpp.obj)
 .text._ZN16OcclusionMonitor9isoccluedEv
                0x0800138c       0x24 app/libapp.a(occlusion.cpp.obj)
                0x0800138c                OcclusionMonitor::isocclued()
 .text._ZN13VolumeTracker3calEff
                0x080013b0      0x1a4 app/libapp.a(volume.cpp.obj)
                0x080013b0                VolumeTracker::cal(float, float)
 .text._ZN14LinearRampMode17computeTargetRateEv
                0x08001554       0x88 app/libapp.a(infusion.cpp.obj)
                0x08001554                LinearRampMode::computeTargetRate()
 .text._ZN12InfusionMode9applyRateEf
                0x080015dc       0xac app/libapp.a(infusion.cpp.obj)
                0x080015dc                InfusionMode::applyRate(float)
 .text._ZN12InfusionMode10checkAlarmEf
                0x08001688       0x70 app/libapp.a(infusion.cpp.obj)
                0x08001688                InfusionMode::checkAlarm(float)
 .text._Z11switch_modeP12InfusionModeS0_
                0x080016f8       0x44 app/libapp.a(infusion.cpp.obj)
                0x080016f8                switch_mode(InfusionMode*, InfusionMode*)
 .text._Z11encoder_isrPK6deviceP13gpio_callbackj
                0x0800173c       0x48 app/libapp.a(hardware.cpp.obj)
                0x0800173c                encoder_isr(device const*, gpio_callback*, unsigned int)
 .text._ZN3led5clearEv
                0x08001784        0xc app/libapp.a(hardware.cpp.obj)
                0x08001784                led::clear()
 .text._ZN3buz5clearEv
                0x08001790        0xc app/libapp.a(hardware.cpp.obj)
                0x08001790                buz::clear()
 .text._ZN3buz6updateEv
                0x0800179c        0xc app/libapp.a(hardware.cpp.obj)
                0x0800179c                buz::update()
 .text._ZN3led6updateEv
                0x080017a8        0xc app/libapp.a(hardware.cpp.obj)
                0x080017a8                led::update()
 .text.gpio_pin_configure_dt.isra.0
                0x080017b4       0x3c app/libapp.a(hardware.cpp.obj)
 .text._Z13hardware_initv
                0x080017f0       0xf8 app/libapp.a(hardware.cpp.obj)
                0x080017f0                hardware_init()
 .text._Z10motor_stopv
                0x080018e8        0xc app/libapp.a(hardware.cpp.obj)
                0x080018e8                motor_stop()
 .text._Z12motor_enablev
                0x080018f4        0xc app/libapp.a(hardware.cpp.obj)
                0x080018f4                motor_enable()
 .text.boot_banner
                0x08001900       0x24 zephyr/libzephyr.a(boot_banner.c.obj)
 .text.char_out
                0x08001924        0xc zephyr/libzephyr.a(printk.c.obj)
 .text.__printk_hook_install
                0x08001930        0xc zephyr/libzephyr.a(printk.c.obj)
                0x08001930                __printk_hook_install
 .text.vprintk  0x0800193c       0x30 zephyr/libzephyr.a(printk.c.obj)
                0x0800193c                vprintk
 .text.st_stm32_common_config
                0x0800196c       0x14 zephyr/libzephyr.a(soc_config.c.obj)
 .text.stm32_backup_sram_init
                0x08001980       0x4c zephyr/libzephyr.a(stm32_backup_sram.c.obj)
 .text.stm32_gpioport_init
                0x080019cc       0x20 zephyr/libzephyr.a(gpioport_mgr.c.obj)
 .text.stm32_gpioport_get
                0x080019ec       0x24 zephyr/libzephyr.a(gpioport_mgr.c.obj)
                0x080019ec                stm32_gpioport_get
 .text.stm32_backup_domain_enable_access
                0x08001a10       0x3c zephyr/libzephyr.a(stm32_backup_domain.c.obj)
                0x08001a10                stm32_backup_domain_enable_access
 .text.soc_early_init_hook
                0x08001a4c       0x30 zephyr/libzephyr.a(soc.c.obj)
                0x08001a4c                soc_early_init_hook
 .text.mem_attr_get_regions
                0x08001a7c        0xc zephyr/libzephyr.a(mem_attr.c.obj)
                0x08001a7c                mem_attr_get_regions
 .text.z_thread_entry
                0x08001a88       0x34 zephyr/libzephyr.a(thread_entry.c.obj)
                0x08001a88                z_thread_entry
 .text.arch_bss_zero
                0x08001abc       0x18 zephyr/arch/common/libarch__common.a(init.c.obj)
                0x08001abc                arch_bss_zero
 .text.arch_data_copy
                0x08001ad4       0x38 zephyr/arch/common/libarch__common.a(xip.c.obj)
                0x08001ad4                arch_data_copy
 .text.z_arm_fatal_error
                0x08001b0c       0xa4 zephyr/arch/arch/arm/core/libarch__arm__core.a(fatal.c.obj)
                0x08001b0c                z_arm_fatal_error
 .text.z_SysNmiOnReset
                0x08001bb0        0x8 zephyr/arch/arch/arm/core/libarch__arm__core.a(nmi_on_reset.S.obj)
                0x08001bb0                z_SysNmiOnReset
 .text.arch_tls_stack_setup
                0x08001bb8       0x40 zephyr/arch/arch/arm/core/libarch__arm__core.a(tls.c.obj)
                0x08001bb8                arch_tls_stack_setup
 .text.mem_manage_fault
                0x08001bf8       0xf0 zephyr/arch/arch/arm/core/cortex_m/libarch__arm__core__cortex_m.a(fault.c.obj)
 .text.usage_fault.isra.0
                0x08001ce8       0x98 zephyr/arch/arch/arm/core/cortex_m/libarch__arm__core__cortex_m.a(fault.c.obj)
 .text.bus_fault.isra.0
                0x08001d80       0xb8 zephyr/arch/arch/arm/core/cortex_m/libarch__arm__core__cortex_m.a(fault.c.obj)
 .text.z_arm_fault
                0x08001e38      0x19c zephyr/arch/arch/arm/core/cortex_m/libarch__arm__core__cortex_m.a(fault.c.obj)
                0x08001e38                z_arm_fault
 .text.z_arm_fault_init
                0x08001fd4       0x18 zephyr/arch/arch/arm/core/cortex_m/libarch__arm__core__cortex_m.a(fault.c.obj)
                0x08001fd4                z_arm_fault_init
 .text.__fault  0x08001fec       0x14 zephyr/arch/arch/arm/core/cortex_m/libarch__arm__core__cortex_m.a(fault_s.S.obj)
                0x08001fec                z_arm_bus_fault
                0x08001fec                z_arm_usage_fault
                0x08001fec                z_arm_mpu_fault
                0x08001fec                z_arm_exc_spurious
                0x08001fec                z_arm_debug_monitor
                0x08001fec                z_arm_hard_fault
 .text._reset_section
                0x08002000       0x34 zephyr/arch/arch/arm/core/cortex_m/libarch__arm__core__cortex_m.a(reset.S.obj)
                0x08002000                z_arm_reset
                0x08002000                __start
 .text.z_arm_svc
                0x08002034       0x24 zephyr/arch/arch/arm/core/cortex_m/libarch__arm__core__cortex_m.a(svc.S.obj)
                0x08002034                z_arm_svc
 .text.arm_irq_enable
                0x08002058       0x1c zephyr/arch/arch/arm/core/cortex_m/libarch__arm__core__cortex_m.a(irq_manage.c.obj)
                0x08002058                arm_irq_enable
 .text.arm_irq_priority_set
                0x08002074       0x30 zephyr/arch/arch/arm/core/cortex_m/libarch__arm__core__cortex_m.a(irq_manage.c.obj)
                0x08002074                arm_irq_priority_set
 .text.relocate_vector_table
                0x080020a4       0x1c zephyr/arch/arch/arm/core/cortex_m/libarch__arm__core__cortex_m.a(prep_c.c.obj)
                0x080020a4                relocate_vector_table
 .text.z_prep_c
                0x080020c0       0x4c zephyr/arch/arch/arm/core/cortex_m/libarch__arm__core__cortex_m.a(prep_c.c.obj)
                0x080020c0                z_prep_c
 .text.arch_new_thread
                0x0800210c       0x40 zephyr/arch/arch/arm/core/cortex_m/libarch__arm__core__cortex_m.a(thread.c.obj)
                0x0800210c                arch_new_thread
 .text.z_arm_mpu_stack_guard_and_fpu_adjust
                0x0800214c       0x54 zephyr/arch/arch/arm/core/cortex_m/libarch__arm__core__cortex_m.a(thread.c.obj)
                0x0800214c                z_arm_mpu_stack_guard_and_fpu_adjust
 .text.z_check_thread_stack_fail
                0x080021a0       0x2c zephyr/arch/arch/arm/core/cortex_m/libarch__arm__core__cortex_m.a(thread.c.obj)
                0x080021a0                z_check_thread_stack_fail
 .text.arch_float_disable
                0x080021cc       0x48 zephyr/arch/arch/arm/core/cortex_m/libarch__arm__core__cortex_m.a(thread.c.obj)
                0x080021cc                arch_float_disable
 .text.arch_switch_to_main_thread
                0x08002214       0x58 zephyr/arch/arch/arm/core/cortex_m/libarch__arm__core__cortex_m.a(thread.c.obj)
                0x08002214                arch_switch_to_main_thread
 .text.z_arm_cpu_idle_init
                0x0800226c        0xc zephyr/arch/arch/arm/core/cortex_m/libarch__arm__core__cortex_m.a(cpu_idle.c.obj)
                0x0800226c                z_arm_cpu_idle_init
 .text._HandlerModeExit
                0x08002278       0x20 zephyr/arch/arch/arm/core/cortex_m/libarch__arm__core__cortex_m.a(exc_exit.c.obj)
                0x08002278                z_arm_exc_exit
                0x08002278                z_arm_int_exit
 .text.z_impl_k_thread_abort
                0x08002298       0x2c zephyr/arch/arch/arm/core/cortex_m/libarch__arm__core__cortex_m.a(thread_abort.c.obj)
                0x08002298                z_impl_k_thread_abort
 .text.z_arm_pendsv
                0x080022c4       0x9c zephyr/arch/arch/arm/core/cortex_m/libarch__arm__core__cortex_m.a(swap_helper.S.obj)
                0x080022c4                z_arm_pendsv
 .text.z_arm_interrupt_init
                0x08002360       0x18 zephyr/arch/arch/arm/core/cortex_m/libarch__arm__core__cortex_m.a(irq_init.c.obj)
                0x08002360                z_arm_interrupt_init
 .text._isr_wrapper
                0x08002378       0x24 zephyr/arch/arch/arm/core/cortex_m/libarch__arm__core__cortex_m.a(isr_wrapper.c.obj)
                0x08002378                _isr_wrapper
 .text.__aeabi_read_tp
                0x0800239c        0xc zephyr/arch/arch/arm/core/cortex_m/libarch__arm__core__cortex_m.a(__aeabi_read_tp.S.obj)
                0x0800239c                __aeabi_read_tp
 .text.z_arm_configure_static_mpu_regions
                0x080023a8       0x18 zephyr/arch/arch/arm/core/mpu/libarch__arm__core__mpu.a(arm_core_mpu.c.obj)
                0x080023a8                z_arm_configure_static_mpu_regions
 .text.z_arm_configure_dynamic_mpu_regions
                0x080023c0       0x2c zephyr/arch/arch/arm/core/mpu/libarch__arm__core__mpu.a(arm_core_mpu.c.obj)
                0x080023c0                z_arm_configure_dynamic_mpu_regions
 .text.region_init
                0x080023ec       0x28 zephyr/arch/arch/arm/core/mpu/libarch__arm__core__mpu.a(arm_mpu.c.obj)
 .text.mpu_configure_regions
                0x08002414       0x6c zephyr/arch/arch/arm/core/mpu/libarch__arm__core__mpu.a(arm_mpu.c.obj)
 .text.arm_core_mpu_enable
                0x08002480       0x18 zephyr/arch/arch/arm/core/mpu/libarch__arm__core__mpu.a(arm_mpu.c.obj)
                0x08002480                arm_core_mpu_enable
 .text.arm_core_mpu_disable
                0x08002498       0x14 zephyr/arch/arch/arm/core/mpu/libarch__arm__core__mpu.a(arm_mpu.c.obj)
                0x08002498                arm_core_mpu_disable
 .text.arm_core_mpu_configure_static_mpu_regions
                0x080024ac       0x14 zephyr/arch/arch/arm/core/mpu/libarch__arm__core__mpu.a(arm_mpu.c.obj)
                0x080024ac                arm_core_mpu_configure_static_mpu_regions
 .text.arm_core_mpu_configure_dynamic_mpu_regions
                0x080024c0       0x38 zephyr/arch/arch/arm/core/mpu/libarch__arm__core__mpu.a(arm_mpu.c.obj)
                0x080024c0                arm_core_mpu_configure_dynamic_mpu_regions
 .text.z_arm_mpu_init
                0x080024f8      0x184 zephyr/arch/arch/arm/core/mpu/libarch__arm__core__mpu.a(arm_mpu.c.obj)
                0x080024f8                z_arm_mpu_init
 .text.z_impl_zephyr_fputc
                0x0800267c       0x10 zephyr/lib/libc/picolibc/liblib__libc__picolibc.a(stdio.c.obj)
                0x0800267c                z_impl_zephyr_fputc
 .text.__stdout_hook_install
                0x0800268c       0x18 zephyr/lib/libc/picolibc/liblib__libc__picolibc.a(stdio.c.obj)
                0x0800268c                __stdout_hook_install
 .text.malloc_prepare
                0x080026a4       0x24 zephyr/lib/libc/common/liblib__libc__common.a(malloc.c.obj)
 .text.stm32_exti_init
                0x080026c8       0x2c zephyr/drivers/interrupt_controller/libdrivers__interrupt_controller.a(intc_exti_stm32.c.obj)
 .text.stm32_exti_is_pending
                0x080026f4       0x20 zephyr/drivers/interrupt_controller/libdrivers__interrupt_controller.a(intc_exti_stm32.c.obj)
                0x080026f4                stm32_exti_is_pending
 .text.stm32_exti_clear_pending
                0x08002714       0x20 zephyr/drivers/interrupt_controller/libdrivers__interrupt_controller.a(intc_exti_stm32.c.obj)
                0x08002714                stm32_exti_clear_pending
 .text.stm32_fill_irq_table
                0x08002734       0x18 zephyr/drivers/interrupt_controller/libdrivers__interrupt_controller.a(intc_gpio_stm32.c.obj)
 .text.stm32_intc_gpio_isr
                0x0800274c       0x4c zephyr/drivers/interrupt_controller/libdrivers__interrupt_controller.a(intc_gpio_stm32.c.obj)
 .text.stm32_gpio_intc_enable_line
                0x08002798       0x2c zephyr/drivers/interrupt_controller/libdrivers__interrupt_controller.a(intc_gpio_stm32.c.obj)
                0x08002798                stm32_gpio_intc_enable_line
 .text.stm32_gpio_intc_disable_line
                0x080027c4       0x10 zephyr/drivers/interrupt_controller/libdrivers__interrupt_controller.a(intc_gpio_stm32.c.obj)
                0x080027c4                stm32_gpio_intc_disable_line
 .text.stm32_gpio_intc_select_line_trigger
                0x080027d4       0x50 zephyr/drivers/interrupt_controller/libdrivers__interrupt_controller.a(intc_gpio_stm32.c.obj)
                0x080027d4                stm32_gpio_intc_select_line_trigger
 .text.stm32_gpio_intc_set_irq_callback
                0x08002824       0x40 zephyr/drivers/interrupt_controller/libdrivers__interrupt_controller.a(intc_gpio_stm32.c.obj)
                0x08002824                stm32_gpio_intc_set_irq_callback
 .text.stm32_gpio_intc_remove_irq_callback
                0x08002864       0x24 zephyr/drivers/interrupt_controller/libdrivers__interrupt_controller.a(intc_gpio_stm32.c.obj)
                0x08002864                stm32_gpio_intc_remove_irq_callback
 .text.stm32_exti_get_line_src_port
                0x08002888       0x30 zephyr/drivers/interrupt_controller/libdrivers__interrupt_controller.a(intc_gpio_stm32.c.obj)
                0x08002888                stm32_exti_get_line_src_port
 .text.stm32_clock_control_get_subsys_rate
                0x080028b8       0xfc zephyr/drivers/clock_control/libdrivers__clock_control.a(clock_stm32_ll_common.c.obj)
 .text.enabled_clock
                0x080029b4       0x20 zephyr/drivers/clock_control/libdrivers__clock_control.a(clock_stm32_ll_common.c.obj)
                0x080029b4                enabled_clock
 .text.stm32_clock_control_init
                0x080029d4      0x140 zephyr/drivers/clock_control/libdrivers__clock_control.a(clock_stm32_ll_common.c.obj)
                0x080029d4                stm32_clock_control_init
 .text.get_pllsrc_frequency
                0x08002b14        0x8 zephyr/drivers/clock_control/libdrivers__clock_control.a(clock_stm32f2_f4_f7.c.obj)
                0x08002b14                get_pllsrc_frequency
 .text.config_pll_sysclock
                0x08002b1c       0x48 zephyr/drivers/clock_control/libdrivers__clock_control.a(clock_stm32f2_f4_f7.c.obj)
                0x08002b1c                config_pll_sysclock
 .text.config_enable_default_clocks
                0x08002b64       0x20 zephyr/drivers/clock_control/libdrivers__clock_control.a(clock_stm32f2_f4_f7.c.obj)
                0x08002b64                config_enable_default_clocks
 .text.uart_console_init
                0x08002b84       0x28 zephyr/drivers/console/libdrivers__console.a(uart_console.c.obj)
 .text.console_out
                0x08002bac       0x28 zephyr/drivers/console/libdrivers__console.a(uart_console.c.obj)
 .text.gpio_stm32_pin_interrupt_configure
                0x08002bd4       0xac zephyr/drivers/gpio/libdrivers__gpio.a(gpio_stm32.c.obj)
 .text.i2c_stm32_runtime_configure
                0x08002c80       0x74 zephyr/drivers/i2c/libdrivers__i2c.a(i2c_stm32.c.obj)
                0x08002c80                i2c_stm32_runtime_configure
 .text.i2c_stm32_init
                0x08002cf4       0x9c zephyr/drivers/i2c/libdrivers__i2c.a(i2c_stm32.c.obj)
 .text.i2c_stm32_activate
                0x08002d90       0x3c zephyr/drivers/i2c/libdrivers__i2c.a(i2c_stm32_common.c.obj)
                0x08002d90                i2c_stm32_activate
 .text.i2c_stm32_configure_timing
                0x08002dcc       0xa8 zephyr/drivers/i2c/libdrivers__i2c.a(i2c_stm32_v1.c.obj)
                0x08002dcc                i2c_stm32_configure_timing
 .text.pwm_stm32_init
                0x08002e74      0x1d8 zephyr/drivers/pwm/libdrivers__pwm.a(pwm_stm32.c.obj)
 .text.pwm_stm32_set_cycles
                0x0800304c      0x22c zephyr/drivers/pwm/libdrivers__pwm.a(pwm_stm32.c.obj)
 .text.lps22hb_channel_get
                0x08003278       0x54 zephyr/drivers/sensor/st/lps22hb/libdrivers__sensor__st__lps22hb.a(lps22hb.c.obj)
 .text.uart_stm32_parameters_set
                0x080032cc      0x104 zephyr/drivers/serial/libdrivers__serial.a(uart_stm32.c.obj)
 .text.uart_stm32_configure
                0x080033d0       0xf8 zephyr/drivers/serial/libdrivers__serial.a(uart_stm32.c.obj)
 .text.elapsed  0x080034c8       0x44 zephyr/drivers/timer/libdrivers__timer.a(cortex_m_systick.c.obj)
 .text.sys_clock_driver_init
                0x0800350c       0x34 zephyr/drivers/timer/libdrivers__timer.a(cortex_m_systick.c.obj)
 .text.sys_clock_isr
                0x08003540       0x70 zephyr/drivers/timer/libdrivers__timer.a(cortex_m_systick.c.obj)
                0x08003540                sys_clock_isr
 .text.sys_clock_set_timeout
                0x080035b0       0xf0 zephyr/drivers/timer/libdrivers__timer.a(cortex_m_systick.c.obj)
                0x080035b0                sys_clock_set_timeout
 .text.sys_clock_elapsed
                0x080036a0       0x2c zephyr/drivers/timer/libdrivers__timer.a(cortex_m_systick.c.obj)
                0x080036a0                sys_clock_elapsed
 .text.sys_clock_cycle_get_32
                0x080036cc       0x20 zephyr/drivers/timer/libdrivers__timer.a(cortex_m_systick.c.obj)
                0x080036cc                sys_clock_cycle_get_32
 .text.HAL_RCC_GetSysClockFreq
                0x080036ec       0x90 modules/hal_stm32/stm32cube/lib..__modules__hal__stm32__stm32cube.a(stm32f4xx_hal_rcc_ex.c.obj)
                0x080036ec                HAL_RCC_GetSysClockFreq
 .text.LL_SetFlashLatency
                0x0800377c      0x128 modules/hal_stm32/stm32cube/lib..__modules__hal__stm32__stm32cube.a(stm32f4xx_ll_utils.c.obj)
                0x0800377c                LL_SetFlashLatency
 .text.z_fatal_error
                0x080038a4       0x30 zephyr/kernel/libkernel.a(fatal.c.obj)
                0x080038a4                z_fatal_error
 .text.z_sys_init_run_level
                0x080038d4       0x30 zephyr/kernel/libkernel.a(init.c.obj)
 .text.bg_thread_main
                0x08003904       0xd8 zephyr/kernel/libkernel.a(init.c.obj)
 .text.z_init_cpu
                0x080039dc       0x6c zephyr/kernel/libkernel.a(init.c.obj)
                0x080039dc                z_init_cpu
 .text.z_cstart
                0x08003a48       0xcc zephyr/kernel/libkernel.a(init.c.obj)
                0x08003a48                z_cstart
 .text.z_impl_k_sem_give
                0x08003b14       0x68 zephyr/kernel/libkernel.a(sem.c.obj)
                0x08003b14                z_impl_k_sem_give
 .text.z_impl_k_sem_take
                0x08003b7c       0x4c zephyr/kernel/libkernel.a(sem.c.obj)
                0x08003b7c                z_impl_k_sem_take
 .text.z_impl_k_sem_reset
                0x08003bc8       0x6c zephyr/kernel/libkernel.a(sem.c.obj)
                0x08003bc8                z_impl_k_sem_reset
 .text.z_setup_new_thread
                0x08003c34       0xa4 zephyr/kernel/libkernel.a(thread.c.obj)
                0x08003c34                z_setup_new_thread
 .text.z_dummy_thread_init
                0x08003cd8       0x18 zephyr/kernel/libkernel.a(thread.c.obj)
                0x08003cd8                z_dummy_thread_init
 .text.z_impl_k_wakeup
                0x08003cf0       0x48 zephyr/kernel/libkernel.a(thread.c.obj)
                0x08003cf0                z_impl_k_wakeup
 .text.z_impl_k_thread_create
                0x08003d38       0x58 zephyr/kernel/libkernel.a(thread.c.obj)
                0x08003d38                z_impl_k_thread_create
 .text.z_swap_irqlock
                0x08003d90       0x30 zephyr/kernel/libkernel.a(sched.c.obj)
 .text.unready_thread
                0x08003dc0       0x54 zephyr/kernel/libkernel.a(sched.c.obj)
 .text.ready_thread
                0x08003e14       0x80 zephyr/kernel/libkernel.a(sched.c.obj)
 .text.reschedule.isra.0
                0x08003e94       0x28 zephyr/kernel/libkernel.a(sched.c.obj)
 .text.move_current_to_end_of_prio_q
                0x08003ebc       0x6c zephyr/kernel/libkernel.a(sched.c.obj)
                0x08003ebc                move_current_to_end_of_prio_q
 .text.z_thread_halt
                0x08003f28      0x12c zephyr/kernel/libkernel.a(sched.c.obj)
                0x08003f28                z_thread_halt
 .text.z_sched_lock_reschedule
                0x08004054       0x44 zephyr/kernel/libkernel.a(sched.c.obj)
                0x08004054                z_sched_lock_reschedule
 .text.z_sched_yield
                0x08004098       0x84 zephyr/kernel/libkernel.a(sched.c.obj)
                0x08004098                z_sched_yield
 .text.z_pend_curr
                0x0800411c       0x58 zephyr/kernel/libkernel.a(sched.c.obj)
                0x0800411c                z_pend_curr
 .text.z_tick_sleep
                0x08004174       0x90 zephyr/kernel/libkernel.a(sleep.c.obj)
 .text.z_sched_init
                0x08004204       0x10 zephyr/kernel/libkernel.a(scheduler.c.obj)
                0x08004204                z_sched_init
 .text.k_sched_lock
                0x08004214       0x28 zephyr/kernel/libkernel.a(scheduler.c.obj)
                0x08004214                k_sched_lock
 .text.k_sched_unlock
                0x0800423c       0x20 zephyr/kernel/libkernel.a(scheduler.c.obj)
                0x0800423c                k_sched_unlock
 .text.z_impl_k_sched_current_thread_query
                0x0800425c        0xc zephyr/kernel/libkernel.a(scheduler.c.obj)
                0x0800425c                z_impl_k_sched_current_thread_query
 .text.z_time_slice_size
                0x08004268       0x40 zephyr/kernel/libkernel.a(timeslicing.c.obj)
 .text.slice_timeout
                0x080042a8       0x20 zephyr/kernel/libkernel.a(timeslicing.c.obj)
 .text.z_time_slice_reset
                0x080042c8       0x44 zephyr/kernel/libkernel.a(timeslicing.c.obj)
                0x080042c8                z_time_slice_reset
 .text.z_time_slice
                0x0800430c       0x5c zephyr/kernel/libkernel.a(timeslicing.c.obj)
                0x0800430c                z_time_slice
 .text.first    0x08004368       0x10 zephyr/kernel/libkernel.a(timeout.c.obj)
 .text.elapsed  0x08004378       0x10 zephyr/kernel/libkernel.a(timeout.c.obj)
 .text.z_add_timeout
                0x08004388      0x130 zephyr/kernel/libkernel.a(timeout.c.obj)
                0x08004388                z_add_timeout
 .text.z_abort_timeout
                0x080044b8       0x90 zephyr/kernel/libkernel.a(timeout.c.obj)
                0x080044b8                z_abort_timeout
 .text.sys_clock_announce_locked
                0x08004548       0xcc zephyr/kernel/libkernel.a(timeout.c.obj)
                0x08004548                sys_clock_announce_locked
 .text.sys_clock_tick_get
                0x08004614       0x30 zephyr/kernel/libkernel.a(timeout.c.obj)
                0x08004614                sys_clock_tick_get
 .text.skip_to_arg
                0x08004644      0x120 /home/thanga-inc-5829/zephyr-sdk-1.0.1/gnu/arm-zephyr-eabi/bin/../lib/gcc/arm-zephyr-eabi/14.3.0/../../../../arm-zephyr-eabi/lib/thumb/v7e-m+fp/hard/space/libc.a(libc_tinystdio_vfprintf.c.o)
 .text.vfprintf
                0x08004764      0x95c /home/thanga-inc-5829/zephyr-sdk-1.0.1/gnu/arm-zephyr-eabi/bin/../lib/gcc/arm-zephyr-eabi/14.3.0/../../../../arm-zephyr-eabi/lib/thumb/v7e-m+fp/hard/space/libc.a(libc_tinystdio_vfprintf.c.o)
                0x08004764                __d_vfprintf
 .text.div10    0x080050c0       0x28 /home/thanga-inc-5829/zephyr-sdk-1.0.1/gnu/arm-zephyr-eabi/bin/../lib/gcc/arm-zephyr-eabi/14.3.0/../../../../arm-zephyr-eabi/lib/thumb/v7e-m+fp/hard/space/libc.a(libc_tinystdio_dtoa_ryu.c.o)
 .text.__dtoa_engine
                0x080050e8      0x474 /home/thanga-inc-5829/zephyr-sdk-1.0.1/gnu/arm-zephyr-eabi/bin/../lib/gcc/arm-zephyr-eabi/14.3.0/../../../../arm-zephyr-eabi/lib/thumb/v7e-m+fp/hard/space/libc.a(libc_tinystdio_dtoa_ryu.c.o)
                0x080050e8                __dtoa_engine
 .text.__log10Pow2
                0x0800555c        0xc /home/thanga-inc-5829/zephyr-sdk-1.0.1/gnu/arm-zephyr-eabi/bin/../lib/gcc/arm-zephyr-eabi/14.3.0/../../../../arm-zephyr-eabi/lib/thumb/v7e-m+fp/hard/space/libc.a(libc_tinystdio_ryu_log10.c.o)
                0x0800555c                __log10Pow2
 .text.__log10Pow5
                0x08005568        0xc /home/thanga-inc-5829/zephyr-sdk-1.0.1/gnu/arm-zephyr-eabi/bin/../lib/gcc/arm-zephyr-eabi/14.3.0/../../../../arm-zephyr-eabi/lib/thumb/v7e-m+fp/hard/space/libc.a(libc_tinystdio_ryu_log10.c.o)
                0x08005568                __log10Pow5
 .text.__pow5bits
                0x08005574       0x10 /home/thanga-inc-5829/zephyr-sdk-1.0.1/gnu/arm-zephyr-eabi/bin/../lib/gcc/arm-zephyr-eabi/14.3.0/../../../../arm-zephyr-eabi/lib/thumb/v7e-m+fp/hard/space/libc.a(libc_tinystdio_ryu_pow5bits.c.o)
                0x08005574                __pow5bits
 .text.__pow5Factor
                0x08005584       0x30 /home/thanga-inc-5829/zephyr-sdk-1.0.1/gnu/arm-zephyr-eabi/bin/../lib/gcc/arm-zephyr-eabi/14.3.0/../../../../arm-zephyr-eabi/lib/thumb/v7e-m+fp/hard/space/libc.a(libc_tinystdio_ryu_table.c.o)
                0x08005584                __pow5Factor
 .text.__double_computePow5
                0x080055b4       0xe8 /home/thanga-inc-5829/zephyr-sdk-1.0.1/gnu/arm-zephyr-eabi/bin/../lib/gcc/arm-zephyr-eabi/14.3.0/../../../../arm-zephyr-eabi/lib/thumb/v7e-m+fp/hard/space/libc.a(libc_tinystdio_ryu_table.c.o)
                0x080055b4                __double_computePow5
 .text.__double_computeInvPow5
                0x0800569c       0xf8 /home/thanga-inc-5829/zephyr-sdk-1.0.1/gnu/arm-zephyr-eabi/bin/../lib/gcc/arm-zephyr-eabi/14.3.0/../../../../arm-zephyr-eabi/lib/thumb/v7e-m+fp/hard/space/libc.a(libc_tinystdio_ryu_table.c.o)
                0x0800569c                __double_computeInvPow5
 .text._OffsetAbsSyms
                0x08005794        0x2 zephyr/CMakeFiles/offsets.dir/./arch/arm/core/offsets/offsets.c.obj
                0x08005794                _OffsetAbsSyms
 .text._ZN12AlarmManager3addEP13Alarmobserver
                0x08005796       0x10 app/libapp.a(alarm.cpp.obj)
                0x08005796                AlarmManager::add(Alarmobserver*)
 .text._ZN12AlarmManager8clearAllEv
                0x080057a6       0x20 app/libapp.a(alarm.cpp.obj)
                0x080057a6                AlarmManager::clearAll()
 .text._ZN12AlarmManager6notifyEv
                0x080057c6       0x26 app/libapp.a(alarm.cpp.obj)
                0x080057c6                AlarmManager::notify()
 .text._ZN16ConstantRateMode17computeTargetRateEv
                0x080057ec        0x6 app/libapp.a(infusion.cpp.obj)
                0x080057ec                ConstantRateMode::computeTargetRate()
 .text.k_uptime_get
                0x080057f2       0x10 app/libapp.a(infusion.cpp.obj)
 .text._ZN12InfusionMode3runEv
                0x08005802       0x2a app/libapp.a(infusion.cpp.obj)
                0x08005802                InfusionMode::run()
 .text.device_is_ready
                0x0800582c        0x4 app/libapp.a(hardware.cpp.obj)
 .text.gpio_pin_set_dt.isra.0
                0x08005830       0x28 app/libapp.a(hardware.cpp.obj)
 .text.chunk_size
                0x08005858        0xa zephyr/libzephyr.a(heap.c.obj)
 .text.free_list_add
                0x08005862       0x4e zephyr/libzephyr.a(heap.c.obj)
 .text.sys_heap_init
                0x080058b0       0x82 zephyr/libzephyr.a(heap.c.obj)
                0x080058b0                sys_heap_init
 .text.arch_printk_char_out
                0x08005932        0x4 zephyr/libzephyr.a(printk.c.obj)
                0x08005932                arch_printk_char_out
 .text.printk   0x08005936       0x1a zephyr/libzephyr.a(printk.c.obj)
                0x08005936                printk
 .text._ConfigAbsSyms
                0x08005950        0x2 zephyr/libzephyr.a(configs.c.obj)
                0x08005950                _ConfigAbsSyms
 .text.stm32_gpioport_configure_pin
                0x08005952      0x12a zephyr/libzephyr.a(gpioport_mgr.c.obj)
                0x08005952                stm32_gpioport_configure_pin
 .text.arch_early_memset
                0x08005a7c        0x4 zephyr/arch/common/libarch__common.a(init.c.obj)
                0x08005a7c                arch_early_memset
 .text.arch_early_memcpy
                0x08005a80        0x4 zephyr/arch/common/libarch__common.a(init.c.obj)
                0x08005a80                arch_early_memcpy
 .text.z_do_kernel_oops
                0x08005a84        0x8 zephyr/arch/arch/arm/core/libarch__arm__core.a(fatal.c.obj)
                0x08005a84                z_do_kernel_oops
 .text.z_arm_nmi
                0x08005a8c        0xe zephyr/arch/arch/arm/core/libarch__arm__core.a(nmi.c.obj)
                0x08005a8c                z_arm_nmi
 .text.z_irq_spurious
                0x08005a9a        0x8 zephyr/arch/arch/arm/core/cortex_m/libarch__arm__core__cortex_m.a(irq_manage.c.obj)
                0x08005a9a                z_irq_spurious
 .text.arch_coprocessors_disable
                0x08005aa2        0x4 zephyr/arch/arch/arm/core/cortex_m/libarch__arm__core__cortex_m.a(thread.c.obj)
                0x08005aa2                arch_coprocessors_disable
 .text.arch_irq_unlock_outlined
                0x08005aa6        0xe zephyr/arch/arch/arm/core/cortex_m/libarch__arm__core__cortex_m.a(thread.c.obj)
                0x08005aa6                arch_irq_unlock_outlined
 .text.arch_cpu_idle
                0x08005ab4       0x1a zephyr/arch/arch/arm/core/cortex_m/libarch__arm__core__cortex_m.a(cpu_idle.c.obj)
                0x08005ab4                arch_cpu_idle
 .text.size_to_mpu_rasr_size
                0x08005ace       0x20 zephyr/arch/arch/arm/core/mpu/libarch__arm__core__mpu.a(arm_mpu.c.obj)
 .text.picolibc_put
                0x08005aee        0xa zephyr/lib/libc/picolibc/liblib__libc__picolibc.a(stdio.c.obj)
 .text.stm32_exti_gpio_intc_init
                0x08005af8       0x92 zephyr/drivers/interrupt_controller/libdrivers__interrupt_controller.a(intc_gpio_stm32.c.obj)
 .text.stm32_gpio_intc_get_pin_irq_line
                0x08005b8a        0xa zephyr/drivers/interrupt_controller/libdrivers__interrupt_controller.a(intc_gpio_stm32.c.obj)
                0x08005b8a                stm32_gpio_intc_get_pin_irq_line
 .text.stm32_exti_set_line_src_port
                0x08005b94       0x36 zephyr/drivers/interrupt_controller/libdrivers__interrupt_controller.a(intc_gpio_stm32.c.obj)
                0x08005b94                stm32_exti_set_line_src_port
 .text.stm32_clock_control_on
                0x08005bca       0x44 zephyr/drivers/clock_control/libdrivers__clock_control.a(clock_stm32_ll_common.c.obj)
 .text.stm32_clock_control_off
                0x08005c0e       0x2c zephyr/drivers/clock_control/libdrivers__clock_control.a(clock_stm32_ll_common.c.obj)
 .text.stm32_clock_control_configure
                0x08005c3a       0x46 zephyr/drivers/clock_control/libdrivers__clock_control.a(clock_stm32_ll_common.c.obj)
 .text.stm32_clock_control_get_status
                0x08005c80       0x38 zephyr/drivers/clock_control/libdrivers__clock_control.a(clock_stm32_ll_common.c.obj)
 .text.config_regulator_voltage
                0x08005cb8        0x2 zephyr/drivers/clock_control/libdrivers__clock_control.a(clock_stm32_ll_common.c.obj)
                0x08005cb8                config_regulator_voltage
 .text.gpio_stm32_port_get_raw
                0x08005cba        0xc zephyr/drivers/gpio/libdrivers__gpio.a(gpio_stm32.c.obj)
 .text.gpio_stm32_port_set_masked_raw
                0x08005cc6       0x12 zephyr/drivers/gpio/libdrivers__gpio.a(gpio_stm32.c.obj)
 .text.gpio_stm32_port_set_bits_raw
                0x08005cd8        0xa zephyr/drivers/gpio/libdrivers__gpio.a(gpio_stm32.c.obj)
 .text.gpio_stm32_port_clear_bits_raw
                0x08005ce2        0xc zephyr/drivers/gpio/libdrivers__gpio.a(gpio_stm32.c.obj)
 .text.gpio_stm32_port_toggle_bits
                0x08005cee        0xe zephyr/drivers/gpio/libdrivers__gpio.a(gpio_stm32.c.obj)
 .text.gpio_stm32_manage_callback
                0x08005cfc       0x54 zephyr/drivers/gpio/libdrivers__gpio.a(gpio_stm32.c.obj)
 .text.gpio_stm32_config
                0x08005d50       0x96 zephyr/drivers/gpio/libdrivers__gpio.a(gpio_stm32.c.obj)
 .text.gpio_stm32_isr
                0x08005de6       0x2c zephyr/drivers/gpio/libdrivers__gpio.a(gpio_stm32.c.obj)
 .text.i2c_stm32_get_config
                0x08005e12       0x16 zephyr/drivers/i2c/libdrivers__i2c.a(i2c_stm32.c.obj)
                0x08005e12                i2c_stm32_get_config
 .text.i2c_stm32_irq_config_func_0
                0x08005e28       0x26 zephyr/drivers/i2c/libdrivers__i2c.a(i2c_stm32.c.obj)
 .text.i2c_stm32_irq_config_func_1
                0x08005e4e       0x26 zephyr/drivers/i2c/libdrivers__i2c.a(i2c_stm32.c.obj)
 .text.i2c_stm32_irq_config_func_2
                0x08005e74       0x26 zephyr/drivers/i2c/libdrivers__i2c.a(i2c_stm32.c.obj)
 .text.i2c_stm32_transfer
                0x08005e9a       0x8e zephyr/drivers/i2c/libdrivers__i2c.a(i2c_stm32.c.obj)
 .text.i2c_stm32_set_smbus_mode
                0x08005f28       0x16 zephyr/drivers/i2c/libdrivers__i2c.a(i2c_stm32.c.obj)
                0x08005f28                i2c_stm32_set_smbus_mode
 .text.i2c_stm32_event_isr
                0x08005f3e        0x4 zephyr/drivers/i2c/libdrivers__i2c.a(i2c_stm32_common.c.obj)
                0x08005f3e                i2c_stm32_event_isr
 .text.i2c_stm32_error_isr
                0x08005f42        0x4 zephyr/drivers/i2c/libdrivers__i2c.a(i2c_stm32_common.c.obj)
                0x08005f42                i2c_stm32_error_isr
 .text.i2c_stm32_disable_transfer_interrupts
                0x08005f46       0x36 zephyr/drivers/i2c/libdrivers__i2c.a(i2c_stm32_v1.c.obj)
 .text.i2c_stm32_reset
                0x08005f7c       0x5a zephyr/drivers/i2c/libdrivers__i2c.a(i2c_stm32_v1.c.obj)
 .text.i2c_stm32_controller_finish
                0x08005fd6       0x1c zephyr/drivers/i2c/libdrivers__i2c.a(i2c_stm32_v1.c.obj)
 .text.handle_txe
                0x08005ff2       0x52 zephyr/drivers/i2c/libdrivers__i2c.a(i2c_stm32_v1.c.obj)
 .text.msg_end.isra.0
                0x08006044       0x42 zephyr/drivers/i2c/libdrivers__i2c.a(i2c_stm32_v1.c.obj)
 .text.i2c_stm32_enable_transfer_interrupts.isra.0
                0x08006086       0x1c zephyr/drivers/i2c/libdrivers__i2c.a(i2c_stm32_v1.c.obj)
 .text.msg_init.isra.0
                0x080060a2       0x72 zephyr/drivers/i2c/libdrivers__i2c.a(i2c_stm32_v1.c.obj)
 .text.handle_rxne
                0x08006114       0x9c zephyr/drivers/i2c/libdrivers__i2c.a(i2c_stm32_v1.c.obj)
 .text.i2c_stm32_event
                0x080061b0      0x1b6 zephyr/drivers/i2c/libdrivers__i2c.a(i2c_stm32_v1.c.obj)
                0x080061b0                i2c_stm32_event
 .text.i2c_stm32_error
                0x08006366       0x6a zephyr/drivers/i2c/libdrivers__i2c.a(i2c_stm32_v1.c.obj)
                0x08006366                i2c_stm32_error
 .text.i2c_stm32_transaction
                0x080063d0       0x74 zephyr/drivers/i2c/libdrivers__i2c.a(i2c_stm32_v1.c.obj)
                0x080063d0                i2c_stm32_transaction
 .text.pinctrl_lookup_state
                0x08006444       0x26 zephyr/drivers/pinctrl/libdrivers__pinctrl.a(common.c.obj)
                0x08006444                pinctrl_lookup_state
 .text.pinctrl_configure_pins
                0x0800646a       0x38 zephyr/drivers/pinctrl/libdrivers__pinctrl.a(pinctrl_stm32.c.obj)
                0x0800646a                pinctrl_configure_pins
 .text.LL_TIM_OC_SetCompareCH1
                0x080064a2        0x4 zephyr/drivers/pwm/libdrivers__pwm.a(pwm_stm32.c.obj)
 .text.LL_TIM_OC_SetCompareCH2
                0x080064a6        0x4 zephyr/drivers/pwm/libdrivers__pwm.a(pwm_stm32.c.obj)
 .text.LL_TIM_OC_SetCompareCH3
                0x080064aa        0x4 zephyr/drivers/pwm/libdrivers__pwm.a(pwm_stm32.c.obj)
 .text.LL_TIM_OC_SetCompareCH4
                0x080064ae        0x4 zephyr/drivers/pwm/libdrivers__pwm.a(pwm_stm32.c.obj)
 .text.pwm_stm32_get_cycles_per_sec
                0x080064b2       0x16 zephyr/drivers/pwm/libdrivers__pwm.a(pwm_stm32.c.obj)
 .text.reset_stm32_status
                0x080064c8       0x20 zephyr/drivers/reset/libdrivers__reset.a(reset_stm32.c.obj)
 .text.reset_stm32_line_assert
                0x080064e8       0x1c zephyr/drivers/reset/libdrivers__reset.a(reset_stm32.c.obj)
 .text.reset_stm32_line_deassert
                0x08006504       0x1e zephyr/drivers/reset/libdrivers__reset.a(reset_stm32.c.obj)
 .text.reset_stm32_line_toggle
                0x08006522       0x16 zephyr/drivers/reset/libdrivers__reset.a(reset_stm32.c.obj)
 .text.i2c_write_read.constprop.0
                0x08006538       0x38 zephyr/drivers/sensor/st/lps22hb/libdrivers__sensor__st__lps22hb.a(lps22hb.c.obj)
 .text.lps22hb_sample_fetch
                0x08006570       0x4c zephyr/drivers/sensor/st/lps22hb/libdrivers__sensor__st__lps22hb.a(lps22hb.c.obj)
 .text.i2c_reg_update_byte.constprop.0
                0x080065bc       0x6e zephyr/drivers/sensor/st/lps22hb/libdrivers__sensor__st__lps22hb.a(lps22hb.c.obj)
 .text.lps22hb_init
                0x0800662a       0x6c zephyr/drivers/sensor/st/lps22hb/libdrivers__sensor__st__lps22hb.a(lps22hb.c.obj)
 .text.LL_USART_ClearFlag_PE
                0x08006696       0x12 zephyr/drivers/serial/libdrivers__serial.a(uart_stm32.c.obj)
 .text.uart_stm32_err_check
                0x080066a8       0x5e zephyr/drivers/serial/libdrivers__serial.a(uart_stm32.c.obj)
 .text.uart_stm32_set_baudrate.isra.0
                0x08006706       0x64 zephyr/drivers/serial/libdrivers__serial.a(uart_stm32.c.obj)
 .text.uart_stm32_poll_in
                0x0800676a       0x22 zephyr/drivers/serial/libdrivers__serial.a(uart_stm32.c.obj)
 .text.uart_stm32_poll_out
                0x0800678c       0x36 zephyr/drivers/serial/libdrivers__serial.a(uart_stm32.c.obj)
 .text.uart_stm32_init
                0x080067c2       0xa6 zephyr/drivers/serial/libdrivers__serial.a(uart_stm32.c.obj)
 .text.uart_stm32_config_get
                0x08006868       0x8e zephyr/drivers/serial/libdrivers__serial.a(uart_stm32.c.obj)
 .text.sys_clock_lock
                0x080068f6       0x10 zephyr/drivers/timer/libdrivers__timer.a(cortex_m_systick.c.obj)
 .text.z_impl_k_busy_wait
                0x08006906       0x1c zephyr/kernel/libkernel.a(busy_wait.c.obj)
                0x08006906                z_impl_k_busy_wait
 .text.do_device_init
                0x08006922       0x30 zephyr/kernel/libkernel.a(device.c.obj)
                0x08006922                do_device_init
 .text.z_impl_device_is_ready
                0x08006952       0x16 zephyr/kernel/libkernel.a(device.c.obj)
                0x08006952                z_impl_device_is_ready
 .text.arch_system_halt
                0x08006968       0x10 zephyr/kernel/libkernel.a(fatal.c.obj)
                0x08006968                arch_system_halt
 .text.k_sys_fatal_error_handler
                0x08006978        0x6 zephyr/kernel/libkernel.a(fatal.c.obj)
                0x08006978                k_sys_fatal_error_handler
 .text.idle     0x0800697e       0x16 zephyr/kernel/libkernel.a(idle.c.obj)
                0x0800697e                idle
 .text.z_impl_k_sem_init
                0x08006994       0x18 zephyr/kernel/libkernel.a(sem.c.obj)
                0x08006994                z_impl_k_sem_init
 .text.z_thread_abort
                0x080069ac       0x3e zephyr/kernel/libkernel.a(thread.c.obj)
                0x080069ac                z_thread_abort
 .text.z_impl_k_yield
                0x080069ea        0x4 zephyr/kernel/libkernel.a(thread.c.obj)
                0x080069ea                z_impl_k_yield
 .text.sys_dlist_remove
                0x080069ee       0x10 zephyr/kernel/libkernel.a(sched.c.obj)
 .text.unpend_thread_no_timeout
                0x080069fe       0x14 zephyr/kernel/libkernel.a(sched.c.obj)
 .text.add_to_waitq_locked
                0x08006a12       0x4c zephyr/kernel/libkernel.a(sched.c.obj)
 .text.z_ready_thread
                0x08006a5e       0x1e zephyr/kernel/libkernel.a(sched.c.obj)
                0x08006a5e                z_ready_thread
 .text.z_sched_ready_locked
                0x08006a7c        0x4 zephyr/kernel/libkernel.a(sched.c.obj)
                0x08006a7c                z_sched_ready_locked
 .text.z_sched_unready_locked
                0x08006a80        0x4 zephyr/kernel/libkernel.a(sched.c.obj)
                0x08006a80                z_sched_unready_locked
 .text.z_sched_wake_thread_locked
                0x08006a84       0x28 zephyr/kernel/libkernel.a(sched.c.obj)
                0x08006a84                z_sched_wake_thread_locked
 .text.z_thread_timeout
                0x08006aac       0x30 zephyr/kernel/libkernel.a(sched.c.obj)
                0x08006aac                z_thread_timeout
 .text.z_reschedule
                0x08006adc        0x6 zephyr/kernel/libkernel.a(sched.c.obj)
                0x08006adc                z_reschedule
 .text.z_impl_k_sleep
                0x08006ae2       0x32 zephyr/kernel/libkernel.a(sleep.c.obj)
                0x08006ae2                z_impl_k_sleep
 .text.next_timeout
                0x08006b14       0x2e zephyr/kernel/libkernel.a(timeout.c.obj)
 .text.sys_clock_tick_get_32
                0x08006b42        0x8 zephyr/kernel/libkernel.a(timeout.c.obj)
                0x08006b42                sys_clock_tick_get_32
 .text.z_impl_k_uptime_ticks
                0x08006b4a        0x4 zephyr/kernel/libkernel.a(timeout.c.obj)
                0x08006b4a                z_impl_k_uptime_ticks
 .text.memcpy   0x08006b4e       0x1c /home/thanga-inc-5829/zephyr-sdk-1.0.1/gnu/arm-zephyr-eabi/bin/../lib/gcc/arm-zephyr-eabi/14.3.0/../../../../arm-zephyr-eabi/lib/thumb/v7e-m+fp/hard/space/libc.a(memcpy.c.o)
                0x08006b4e                memcpy
                0x08006b4e                __aeabi_memcpy
                0x08006b4e                __aeabi_memcpy4
                0x08006b4e                __aeabi_memcpy8
 .text.memset   0x08006b6a       0x10 /home/thanga-inc-5829/zephyr-sdk-1.0.1/gnu/arm-zephyr-eabi/bin/../lib/gcc/arm-zephyr-eabi/14.3.0/../../../../arm-zephyr-eabi/lib/thumb/v7e-m+fp/hard/space/libc.a(memset.c.o)
                0x08006b6a                memset
 .text.strnlen  0x08006b7a       0x18 /home/thanga-inc-5829/zephyr-sdk-1.0.1/gnu/arm-zephyr-eabi/bin/../lib/gcc/arm-zephyr-eabi/14.3.0/../../../../arm-zephyr-eabi/lib/thumb/v7e-m+fp/hard/space/libc.a(libc_string_strnlen.c.o)
                0x08006b7a                strnlen
 .text.__ultoa_invert
                0x08006b92       0x4e /home/thanga-inc-5829/zephyr-sdk-1.0.1/gnu/arm-zephyr-eabi/bin/../lib/gcc/arm-zephyr-eabi/14.3.0/../../../../arm-zephyr-eabi/lib/thumb/v7e-m+fp/hard/space/libc.a(libc_tinystdio_vfprintf.c.o)
 .text.mulShiftAll64
                0x08006be0      0x170 /home/thanga-inc-5829/zephyr-sdk-1.0.1/gnu/arm-zephyr-eabi/bin/../lib/gcc/arm-zephyr-eabi/14.3.0/../../../../arm-zephyr-eabi/lib/thumb/v7e-m+fp/hard/space/libc.a(libc_tinystdio_dtoa_ryu.c.o)
 .text.__umul128
                0x08006d50       0x2e /home/thanga-inc-5829/zephyr-sdk-1.0.1/gnu/arm-zephyr-eabi/bin/../lib/gcc/arm-zephyr-eabi/14.3.0/../../../../arm-zephyr-eabi/lib/thumb/v7e-m+fp/hard/space/libc.a(libc_tinystdio_ryu_umul128.c.o)
                0x08006d50                __umul128
 .text.__shiftright128
                0x08006d7e       0x3e /home/thanga-inc-5829/zephyr-sdk-1.0.1/gnu/arm-zephyr-eabi/bin/../lib/gcc/arm-zephyr-eabi/14.3.0/../../../../arm-zephyr-eabi/lib/thumb/v7e-m+fp/hard/space/libc.a(libc_tinystdio_ryu_umul128.c.o)
                0x08006d7e                __shiftright128
 .text.__dtox_engine
                0x08006dbc      0x10c /home/thanga-inc-5829/zephyr-sdk-1.0.1/gnu/arm-zephyr-eabi/bin/../lib/gcc/arm-zephyr-eabi/14.3.0/../../../../arm-zephyr-eabi/lib/thumb/v7e-m+fp/hard/space/libc.a(libc_tinystdio_dtox_engine.c.o)
                0x08006dbc                __dtox_engine
 *(SORT_BY_ALIGNMENT(.gnu.linkonce.t.*))
 *(SORT_BY_ALIGNMENT(.glue_7t))
 .glue_7t       0x08006ec8        0x0 linker stubs
 *(SORT_BY_ALIGNMENT(.glue_7))
 .glue_7        0x08006ec8        0x0 linker stubs
 *(SORT_BY_ALIGNMENT(.vfp11_veneer))
 .vfp11_veneer  0x08006ec8        0x0 linker stubs
 *(SORT_BY_ALIGNMENT(.v4_bx))
 .v4_bx         0x08006ec8        0x0 linker stubs
                0x08006ec8                        . = ALIGN (0x4)
                0x08006ec8                        __text_region_end = .

.ARM.exidx      0x08006ec8        0x8
                0x08006ec8                        __exidx_start = .
 *(SORT_BY_ALIGNMENT(.ARM.exidx*) SORT_BY_ALIGNMENT(gnu.linkonce.armexidx.*))
 .ARM.exidx     0x08006ec8        0x8 /home/thanga-inc-5829/zephyr-sdk-1.0.1/gnu/arm-zephyr-eabi/bin/../lib/gcc/arm-zephyr-eabi/14.3.0/thumb/v7e-m+fp/hard/space/libgcc.a(_udivmoddi4.o)
                0x08006ed0                        __exidx_end = .
                0x08006ed0                        __rodata_region_start = .

initlevel       0x08006ed0       0xc8
                0x08006ed0                        __init_start = .
                0x08006ed0                        __init_EARLY_start = .
 *(SORT_BY_NAME(SORT_BY_ALIGNMENT(.z_init_EARLY_P_?_*)))
 *(SORT_BY_NAME(SORT_BY_ALIGNMENT(.z_init_EARLY_P_??_*)))
 *(SORT_BY_NAME(SORT_BY_ALIGNMENT(.z_init_EARLY_P_???_*)))
                0x08006ed0                        __init_PRE_KERNEL_1_start = .
 *(SORT_BY_NAME(SORT_BY_ALIGNMENT(.z_init_PRE_KERNEL_1_P_?_*)))
 .z_init_PRE_KERNEL_1_P_1_SUB_00009_
                0x08006ed0        0x8 zephyr/drivers/clock_control/libdrivers__clock_control.a(clock_stm32_ll_common.c.obj)
 .z_init_PRE_KERNEL_1_P_1_SUB_0_
                0x08006ed8        0x8 zephyr/libzephyr.a(soc_config.c.obj)
 *(SORT_BY_NAME(SORT_BY_ALIGNMENT(.z_init_PRE_KERNEL_1_P_??_*)))
 .z_init_PRE_KERNEL_1_P_35_SUB_00063_
                0x08006ee0        0x8 zephyr/drivers/reset/libdrivers__reset.a(reset_stm32.c.obj)
 .z_init_PRE_KERNEL_1_P_40_SUB_00045_
                0x08006ee8        0x8 zephyr/libzephyr.a(gpioport_mgr.c.obj)
 .z_init_PRE_KERNEL_1_P_40_SUB_00048_
                0x08006ef0        0x8 zephyr/libzephyr.a(gpioport_mgr.c.obj)
 .z_init_PRE_KERNEL_1_P_40_SUB_00087_
                0x08006ef8        0x8 zephyr/drivers/interrupt_controller/libdrivers__interrupt_controller.a(intc_exti_stm32.c.obj)
 .z_init_PRE_KERNEL_1_P_40_SUB_00128_
                0x08006f00        0x8 zephyr/libzephyr.a(gpioport_mgr.c.obj)
 .z_init_PRE_KERNEL_1_P_40_SUB_00129_
                0x08006f08        0x8 zephyr/libzephyr.a(gpioport_mgr.c.obj)
 .z_init_PRE_KERNEL_1_P_40_SUB_00130_
                0x08006f10        0x8 zephyr/libzephyr.a(gpioport_mgr.c.obj)
 .z_init_PRE_KERNEL_1_P_40_SUB_00131_
                0x08006f18        0x8 zephyr/libzephyr.a(gpioport_mgr.c.obj)
 .z_init_PRE_KERNEL_1_P_40_SUB_00132_
                0x08006f20        0x8 zephyr/libzephyr.a(gpioport_mgr.c.obj)
 .z_init_PRE_KERNEL_1_P_40_SUB_00133_
                0x08006f28        0x8 zephyr/libzephyr.a(gpioport_mgr.c.obj)
 .z_init_PRE_KERNEL_1_P_40_SUB_0_
                0x08006f30        0x8 zephyr/drivers/interrupt_controller/libdrivers__interrupt_controller.a(intc_gpio_stm32.c.obj)
 .z_init_PRE_KERNEL_1_P_50_SUB_00094_
                0x08006f38        0x8 zephyr/drivers/serial/libdrivers__serial.a(uart_stm32.c.obj)
 .z_init_PRE_KERNEL_1_P_50_SUB_00100_
                0x08006f40        0x8 zephyr/drivers/serial/libdrivers__serial.a(uart_stm32.c.obj)
 .z_init_PRE_KERNEL_1_P_60_SUB_0_
                0x08006f48        0x8 zephyr/drivers/console/libdrivers__console.a(uart_console.c.obj)
 .z_init_PRE_KERNEL_1_P_90_SUB_00088_
                0x08006f50        0x8 zephyr/libzephyr.a(stm32_backup_sram.c.obj)
 *(SORT_BY_NAME(SORT_BY_ALIGNMENT(.z_init_PRE_KERNEL_1_P_???_*)))
                0x08006f58                        __init_PRE_KERNEL_2_start = .
 *(SORT_BY_NAME(SORT_BY_ALIGNMENT(.z_init_PRE_KERNEL_2_P_?_*)))
 .z_init_PRE_KERNEL_2_P_0_SUB_0_
                0x08006f58        0x8 zephyr/drivers/timer/libdrivers__timer.a(cortex_m_systick.c.obj)
 *(SORT_BY_NAME(SORT_BY_ALIGNMENT(.z_init_PRE_KERNEL_2_P_??_*)))
 *(SORT_BY_NAME(SORT_BY_ALIGNMENT(.z_init_PRE_KERNEL_2_P_???_*)))
                0x08006f60                        __init_POST_KERNEL_start = .
 *(SORT_BY_NAME(SORT_BY_ALIGNMENT(.z_init_POST_KERNEL_P_?_*)))
 *(SORT_BY_NAME(SORT_BY_ALIGNMENT(.z_init_POST_KERNEL_P_??_*)))
 .z_init_POST_KERNEL_P_35_SUB_0_
                0x08006f60        0x8 zephyr/lib/libc/common/liblib__libc__common.a(malloc.c.obj)
 .z_init_POST_KERNEL_P_50_SUB_00021_
                0x08006f68        0x8 zephyr/drivers/i2c/libdrivers__i2c.a(i2c_stm32.c.obj)
 .z_init_POST_KERNEL_P_50_SUB_00025_
                0x08006f70        0x8 zephyr/drivers/i2c/libdrivers__i2c.a(i2c_stm32.c.obj)
 .z_init_POST_KERNEL_P_50_SUB_00029_
                0x08006f78        0x8 zephyr/drivers/i2c/libdrivers__i2c.a(i2c_stm32.c.obj)
 .z_init_POST_KERNEL_P_50_SUB_00066_
                0x08006f80        0x8 zephyr/drivers/pwm/libdrivers__pwm.a(pwm_stm32.c.obj)
 .z_init_POST_KERNEL_P_90_SUB_00125_
                0x08006f88        0x8 zephyr/drivers/sensor/st/lps22hb/libdrivers__sensor__st__lps22hb.a(lps22hb.c.obj)
 *(SORT_BY_NAME(SORT_BY_ALIGNMENT(.z_init_POST_KERNEL_P_???_*)))
                0x08006f90                        __init_APPLICATION_start = .
 *(SORT_BY_NAME(SORT_BY_ALIGNMENT(.z_init_APPLICATION_P_?_*)))
 .z_init_APPLICATION_P_0_SUB_0_
                0x08006f90        0x8 zephyr/libzephyr.a(boot_banner.c.obj)
 *(SORT_BY_NAME(SORT_BY_ALIGNMENT(.z_init_APPLICATION_P_??_*)))
 *(SORT_BY_NAME(SORT_BY_ALIGNMENT(.z_init_APPLICATION_P_???_*)))
                0x08006f98                        __init_SMP_start = .
 *(SORT_BY_NAME(SORT_BY_ALIGNMENT(.z_init_SMP_P_?_*)))
 *(SORT_BY_NAME(SORT_BY_ALIGNMENT(.z_init_SMP_P_??_*)))
 *(SORT_BY_NAME(SORT_BY_ALIGNMENT(.z_init_SMP_P_???_*)))
                0x08006f98                        __init_end = .

device_area     0x08006f98      0x214
                0x08006f98                        _device_list_start = .
 *(SORT_BY_NAME(SORT_BY_ALIGNMENT(._device.static.*_?_*)))
 ._device.static.1_1_
                0x08006f98       0x1c zephyr/drivers/clock_control/libdrivers__clock_control.a(clock_stm32_ll_common.c.obj)
                0x08006f98                __device_dts_ord_9
 *(SORT_BY_NAME(SORT_BY_ALIGNMENT(._device.static.*_??_*)))
 ._device.static.1_35_
                0x08006fb4       0x1c zephyr/drivers/reset/libdrivers__reset.a(reset_stm32.c.obj)
                0x08006fb4                __device_dts_ord_63
 ._device.static.1_40_
                0x08006fd0       0xe0 zephyr/libzephyr.a(gpioport_mgr.c.obj)
                0x08006fd0                __device_dts_ord_133
                0x08006fec                __device_dts_ord_132
                0x08007008                __device_dts_ord_131
                0x08007024                __device_dts_ord_130
                0x08007040                __device_dts_ord_129
                0x0800705c                __device_dts_ord_45
                0x08007078                __device_dts_ord_128
                0x08007094                __device_dts_ord_48
 ._device.static.1_40_
                0x080070b0       0x1c zephyr/drivers/interrupt_controller/libdrivers__interrupt_controller.a(intc_exti_stm32.c.obj)
                0x080070b0                __device_dts_ord_87
 ._device.static.1_50_
                0x080070cc       0x38 zephyr/drivers/serial/libdrivers__serial.a(uart_stm32.c.obj)
                0x080070cc                __device_dts_ord_94
                0x080070e8                __device_dts_ord_100
 ._device.static.1_90_
                0x08007104       0x1c zephyr/libzephyr.a(stm32_backup_sram.c.obj)
                0x08007104                __device_dts_ord_88
 ._device.static.3_50_
                0x08007120       0x54 zephyr/drivers/i2c/libdrivers__i2c.a(i2c_stm32.c.obj)
                0x08007120                __device_dts_ord_29
                0x0800713c                __device_dts_ord_25
                0x08007158                __device_dts_ord_21
 ._device.static.3_50_
                0x08007174       0x1c zephyr/drivers/pwm/libdrivers__pwm.a(pwm_stm32.c.obj)
                0x08007174                __device_dts_ord_66
 ._device.static.3_90_
                0x08007190       0x1c zephyr/drivers/sensor/st/lps22hb/libdrivers__sensor__st__lps22hb.a(lps22hb.c.obj)
                0x08007190                __device_dts_ord_125
 *(SORT_BY_NAME(SORT_BY_ALIGNMENT(._device.static.*_???_*)))
 *(SORT_BY_NAME(SORT_BY_ALIGNMENT(._device.static.*_????_*)))
 *(SORT_BY_NAME(SORT_BY_ALIGNMENT(._device.static.*_?????_*)))
                0x080071ac                        _device_list_end = .

sw_isr_table    0x080071ac      0x250
                0x080071ac                        . = ALIGN (0x4)
 *(SORT_BY_ALIGNMENT(.gnu.linkonce.sw_isr_table*))
 .gnu.linkonce.sw_isr_table
                0x080071ac      0x250 zephyr/CMakeFiles/zephyr_final.dir/isr_tables.c.obj
                0x080071ac                _sw_isr_table

initlevel_error
 *(SORT_BY_NAME(SORT_BY_ALIGNMENT(.z_init_*)))
                0x00000001                        ASSERT ((SIZEOF (initlevel_error) == 0x0), Undefined initialization levels used.)

app_shmem_regions
                0x080073fc        0x0
                0x080073fc                        __app_shmem_regions_start = .
 *(SORT_BY_NAME(SORT_BY_ALIGNMENT(.app_regions.*)))
                0x080073fc                        __app_shmem_regions_end = .

k_p4wq_initparam_area
                0x080073fc        0x0
                0x080073fc                        _k_p4wq_initparam_list_start = .
 *(SORT_BY_NAME(SORT_BY_ALIGNMENT(._k_p4wq_initparam.static.*)))
                0x080073fc                        _k_p4wq_initparam_list_end = .

_static_thread_data_area
                0x080073fc        0x0
                0x080073fc                        __static_thread_data_list_start = .
 *(SORT_BY_NAME(SORT_BY_ALIGNMENT(.__static_thread_data.static.*)))
                0x080073fc                        __static_thread_data_list_end = .

device_deps     0x080073fc        0x0
                0x080073fc                        __device_deps_start = .
 *(SORT_BY_NAME(SORT_BY_ALIGNMENT(.__device_deps_pass2*)))
                0x080073fc                        __device_deps_end = .

device_api_area
                0x080073fc       0xa0
                0x080073fc                        _gpio_driver_api_list_start = .
 *(SORT_BY_NAME(SORT_BY_ALIGNMENT(._gpio_driver_api.static.*)))
 ._gpio_driver_api.static.gpio_stm32_driver_
                0x080073fc       0x24 zephyr/drivers/gpio/libdrivers__gpio.a(gpio_stm32.c.obj)
                0x080073fc                gpio_stm32_driver
                0x08007420                        _gpio_driver_api_list_end = .
                0x08007420                        _gpio_driver_api_ext_end = .
                0x08007420                        _i2c_driver_api_list_start = .
 *(SORT_BY_NAME(SORT_BY_ALIGNMENT(._i2c_driver_api.static.*)))
 ._i2c_driver_api.static.api_funcs_
                0x08007420       0x18 zephyr/drivers/i2c/libdrivers__i2c.a(i2c_stm32.c.obj)
                0x08007438                        _i2c_driver_api_list_end = .
                0x08007438                        _i3c_driver_api_list_start = .
 *(SORT_BY_NAME(SORT_BY_ALIGNMENT(._i3c_driver_api.static.*)))
                0x08007438                        _i3c_driver_api_list_end = .
                0x08007438                        _i3c_driver_api_ext_end = .
                0x08007438                        _i2c_driver_api_ext_end = .
                0x08007438                        _i2c_target_driver_api_list_start = .
 *(SORT_BY_NAME(SORT_BY_ALIGNMENT(._i2c_target_driver_api.static.*)))
                0x08007438                        _i2c_target_driver_api_list_end = .
                0x08007438                        _i2c_target_driver_api_ext_end = .
                0x08007438                        _pwm_driver_api_list_start = .
 *(SORT_BY_NAME(SORT_BY_ALIGNMENT(._pwm_driver_api.static.*)))
 ._pwm_driver_api.static.pwm_stm32_driver_api_
                0x08007438        0x8 zephyr/drivers/pwm/libdrivers__pwm.a(pwm_stm32.c.obj)
                0x08007440                        _pwm_driver_api_list_end = .
                0x08007440                        _pwm_driver_api_ext_end = .
                0x08007440                        _reset_driver_api_list_start = .
 *(SORT_BY_NAME(SORT_BY_ALIGNMENT(._reset_driver_api.static.*)))
 ._reset_driver_api.static.reset_stm32_driver_api_
                0x08007440       0x10 zephyr/drivers/reset/libdrivers__reset.a(reset_stm32.c.obj)
                0x08007450                        _reset_driver_api_list_end = .
                0x08007450                        _reset_driver_api_ext_end = .
                0x08007450                        _sensor_driver_api_list_start = .
 *(SORT_BY_NAME(SORT_BY_ALIGNMENT(._sensor_driver_api.static.*)))
 ._sensor_driver_api.static.lps22hb_api_funcs_
                0x08007450       0x1c zephyr/drivers/sensor/st/lps22hb/libdrivers__sensor__st__lps22hb.a(lps22hb.c.obj)
                0x0800746c                        _sensor_driver_api_list_end = .
                0x0800746c                        _sensor_driver_api_ext_end = .
                0x0800746c                        _shared_irq_driver_api_list_start = .
 *(SORT_BY_NAME(SORT_BY_ALIGNMENT(._shared_irq_driver_api.static.*)))
                0x0800746c                        _shared_irq_driver_api_list_end = .
                0x0800746c                        _shared_irq_driver_api_ext_end = .
                0x0800746c                        _dmic_driver_api_list_start = .
 *(SORT_BY_NAME(SORT_BY_ALIGNMENT(._dmic_driver_api.static.*)))
                0x0800746c                        _dmic_driver_api_list_end = .
                0x0800746c                        _dmic_driver_api_ext_end = .
                0x0800746c                        _crypto_driver_api_list_start = .
 *(SORT_BY_NAME(SORT_BY_ALIGNMENT(._crypto_driver_api.static.*)))
                0x0800746c                        _crypto_driver_api_list_end = .
                0x0800746c                        _crypto_driver_api_ext_end = .
                0x0800746c                        _adc_driver_api_list_start = .
 *(SORT_BY_NAME(SORT_BY_ALIGNMENT(._adc_driver_api.static.*)))
                0x0800746c                        _adc_driver_api_list_end = .
                0x0800746c                        _adc_driver_api_ext_end = .
                0x0800746c                        _auxdisplay_driver_api_list_start = .
 *(SORT_BY_NAME(SORT_BY_ALIGNMENT(._auxdisplay_driver_api.static.*)))
                0x0800746c                        _auxdisplay_driver_api_list_end = .
                0x0800746c                        _auxdisplay_driver_api_ext_end = .
                0x0800746c                        _bbram_driver_api_list_start = .
 *(SORT_BY_NAME(SORT_BY_ALIGNMENT(._bbram_driver_api.static.*)))
                0x0800746c                        _bbram_driver_api_list_end = .
                0x0800746c                        _bbram_driver_api_ext_end = .
                0x0800746c                        _biometric_driver_api_list_start = .
 *(SORT_BY_NAME(SORT_BY_ALIGNMENT(._biometric_driver_api.static.*)))
                0x0800746c                        _biometric_driver_api_list_end = .
                0x0800746c                        _biometric_driver_api_ext_end = .
                0x0800746c                        _bt_hci_driver_api_list_start = .
 *(SORT_BY_NAME(SORT_BY_ALIGNMENT(._bt_hci_driver_api.static.*)))
                0x0800746c                        _bt_hci_driver_api_list_end = .
                0x0800746c                        _bt_hci_driver_api_ext_end = .
                0x0800746c                        _buzzer_driver_api_list_start = .
 *(SORT_BY_NAME(SORT_BY_ALIGNMENT(._buzzer_driver_api.static.*)))
                0x0800746c                        _buzzer_driver_api_list_end = .
                0x0800746c                        _buzzer_driver_api_ext_end = .
                0x0800746c                        _can_driver_api_list_start = .
 *(SORT_BY_NAME(SORT_BY_ALIGNMENT(._can_driver_api.static.*)))
                0x0800746c                        _can_driver_api_list_end = .
                0x0800746c                        _can_driver_api_ext_end = .
                0x0800746c                        _cellular_driver_api_list_start = .
 *(SORT_BY_NAME(SORT_BY_ALIGNMENT(._cellular_driver_api.static.*)))
                0x0800746c                        _cellular_driver_api_list_end = .
                0x0800746c                        _cellular_driver_api_ext_end = .
                0x0800746c                        _charger_driver_api_list_start = .
 *(SORT_BY_NAME(SORT_BY_ALIGNMENT(._charger_driver_api.static.*)))
                0x0800746c                        _charger_driver_api_list_end = .
                0x0800746c                        _charger_driver_api_ext_end = .
                0x0800746c                        _clock_control_driver_api_list_start = .
 *(SORT_BY_NAME(SORT_BY_ALIGNMENT(._clock_control_driver_api.static.*)))
 ._clock_control_driver_api.static.stm32_clock_control_api_
                0x0800746c       0x1c zephyr/drivers/clock_control/libdrivers__clock_control.a(clock_stm32_ll_common.c.obj)
                0x08007488                        _clock_control_driver_api_list_end = .
                0x08007488                        _nrf_clock_control_driver_api_list_start = .
 *(SORT_BY_NAME(SORT_BY_ALIGNMENT(._nrf_clock_control_driver_api.static.*)))
                0x08007488                        _nrf_clock_control_driver_api_list_end = .
                0x08007488                        _nrf_clock_control_driver_api_ext_end = .
                0x08007488                        _clock_control_driver_api_ext_end = .
                0x08007488                        _comparator_driver_api_list_start = .
 *(SORT_BY_NAME(SORT_BY_ALIGNMENT(._comparator_driver_api.static.*)))
                0x08007488                        _comparator_driver_api_list_end = .
                0x08007488                        _comparator_driver_api_ext_end = .
                0x08007488                        _coredump_driver_api_list_start = .
 *(SORT_BY_NAME(SORT_BY_ALIGNMENT(._coredump_driver_api.static.*)))
                0x08007488                        _coredump_driver_api_list_end = .
                0x08007488                        _coredump_driver_api_ext_end = .
                0x08007488                        _counter_driver_api_list_start = .
 *(SORT_BY_NAME(SORT_BY_ALIGNMENT(._counter_driver_api.static.*)))
                0x08007488                        _counter_driver_api_list_end = .
                0x08007488                        _counter_driver_api_ext_end = .
                0x08007488                        _crc_driver_api_list_start = .
 *(SORT_BY_NAME(SORT_BY_ALIGNMENT(._crc_driver_api.static.*)))
                0x08007488                        _crc_driver_api_list_end = .
                0x08007488                        _crc_driver_api_ext_end = .
                0x08007488                        _dac_driver_api_list_start = .
 *(SORT_BY_NAME(SORT_BY_ALIGNMENT(._dac_driver_api.static.*)))
                0x08007488                        _dac_driver_api_list_end = .
                0x08007488                        _dac_driver_api_ext_end = .
                0x08007488                        _dai_driver_api_list_start = .
 *(SORT_BY_NAME(SORT_BY_ALIGNMENT(._dai_driver_api.static.*)))
                0x08007488                        _dai_driver_api_list_end = .
                0x08007488                        _dai_driver_api_ext_end = .
                0x08007488                        _dali_driver_api_list_start = .
 *(SORT_BY_NAME(SORT_BY_ALIGNMENT(._dali_driver_api.static.*)))
                0x08007488                        _dali_driver_api_list_end = .
                0x08007488                        _dali_driver_api_ext_end = .
                0x08007488                        _display_driver_api_list_start = .
 *(SORT_BY_NAME(SORT_BY_ALIGNMENT(._display_driver_api.static.*)))
                0x08007488                        _display_driver_api_list_end = .
                0x08007488                        _display_driver_api_ext_end = .
                0x08007488                        _dma_driver_api_list_start = .
 *(SORT_BY_NAME(SORT_BY_ALIGNMENT(._dma_driver_api.static.*)))
                0x08007488                        _dma_driver_api_list_end = .
                0x08007488                        _dma_driver_api_ext_end = .
                0x08007488                        _edac_driver_api_list_start = .
 *(SORT_BY_NAME(SORT_BY_ALIGNMENT(._edac_driver_api.static.*)))
                0x08007488                        _edac_driver_api_list_end = .
                0x08007488                        _edac_driver_api_ext_end = .
                0x08007488                        _eeprom_driver_api_list_start = .
 *(SORT_BY_NAME(SORT_BY_ALIGNMENT(._eeprom_driver_api.static.*)))
                0x08007488                        _eeprom_driver_api_list_end = .
                0x08007488                        _eeprom_driver_api_ext_end = .
                0x08007488                        _emul_bbram_driver_api_list_start = .
 *(SORT_BY_NAME(SORT_BY_ALIGNMENT(._emul_bbram_driver_api.static.*)))
                0x08007488                        _emul_bbram_driver_api_list_end = .
                0x08007488                        _emul_bbram_driver_api_ext_end = .
                0x08007488                        _fuel_gauge_emul_driver_api_list_start = .
 *(SORT_BY_NAME(SORT_BY_ALIGNMENT(._fuel_gauge_emul_driver_api.static.*)))
                0x08007488                        _fuel_gauge_emul_driver_api_list_end = .
                0x08007488                        _fuel_gauge_emul_driver_api_ext_end = .
                0x08007488                        _emul_sensor_driver_api_list_start = .
 *(SORT_BY_NAME(SORT_BY_ALIGNMENT(._emul_sensor_driver_api.static.*)))
                0x08007488                        _emul_sensor_driver_api_list_end = .
                0x08007488                        _emul_sensor_driver_api_ext_end = .
                0x08007488                        _entropy_driver_api_list_start = .
 *(SORT_BY_NAME(SORT_BY_ALIGNMENT(._entropy_driver_api.static.*)))
                0x08007488                        _entropy_driver_api_list_end = .
                0x08007488                        _entropy_driver_api_ext_end = .
                0x08007488                        _espi_driver_api_list_start = .
 *(SORT_BY_NAME(SORT_BY_ALIGNMENT(._espi_driver_api.static.*)))
                0x08007488                        _espi_driver_api_list_end = .
                0x08007488                        _emul_espi_driver_api_list_start = .
 *(SORT_BY_NAME(SORT_BY_ALIGNMENT(._emul_espi_driver_api.static.*)))
                0x08007488                        _emul_espi_driver_api_list_end = .
                0x08007488                        _emul_espi_driver_api_ext_end = .
                0x08007488                        _espi_driver_api_ext_end = .
                0x08007488                        _espi_saf_driver_api_list_start = .
 *(SORT_BY_NAME(SORT_BY_ALIGNMENT(._espi_saf_driver_api.static.*)))
                0x08007488                        _espi_saf_driver_api_list_end = .
                0x08007488                        _espi_saf_driver_api_ext_end = .
                0x08007488                        _flash_driver_api_list_start = .
 *(SORT_BY_NAME(SORT_BY_ALIGNMENT(._flash_driver_api.static.*)))
                0x08007488                        _flash_driver_api_list_end = .
                0x08007488                        _flash_driver_api_ext_end = .
                0x08007488                        _fpga_driver_api_list_start = .
 *(SORT_BY_NAME(SORT_BY_ALIGNMENT(._fpga_driver_api.static.*)))
                0x08007488                        _fpga_driver_api_list_end = .
                0x08007488                        _fpga_driver_api_ext_end = .
                0x08007488                        _fuel_gauge_driver_api_list_start = .
 *(SORT_BY_NAME(SORT_BY_ALIGNMENT(._fuel_gauge_driver_api.static.*)))
                0x08007488                        _fuel_gauge_driver_api_list_end = .
                0x08007488                        _fuel_gauge_driver_api_ext_end = .
                0x08007488                        _gnss_driver_api_list_start = .
 *(SORT_BY_NAME(SORT_BY_ALIGNMENT(._gnss_driver_api.static.*)))
                0x08007488                        _gnss_driver_api_list_end = .
                0x08007488                        _gnss_driver_api_ext_end = .
                0x08007488                        _haptics_driver_api_list_start = .
 *(SORT_BY_NAME(SORT_BY_ALIGNMENT(._haptics_driver_api.static.*)))
                0x08007488                        _haptics_driver_api_list_end = .
                0x08007488                        _haptics_driver_api_ext_end = .
                0x08007488                        _hwspinlock_driver_api_list_start = .
 *(SORT_BY_NAME(SORT_BY_ALIGNMENT(._hwspinlock_driver_api.static.*)))
                0x08007488                        _hwspinlock_driver_api_list_end = .
                0x08007488                        _hwspinlock_driver_api_ext_end = .
                0x08007488                        _i2s_driver_api_list_start = .
 *(SORT_BY_NAME(SORT_BY_ALIGNMENT(._i2s_driver_api.static.*)))
                0x08007488                        _i2s_driver_api_list_end = .
                0x08007488                        _i2s_driver_api_ext_end = .
                0x08007488                        _ipm_driver_api_list_start = .
 *(SORT_BY_NAME(SORT_BY_ALIGNMENT(._ipm_driver_api.static.*)))
                0x08007488                        _ipm_driver_api_list_end = .
                0x08007488                        _ipm_driver_api_ext_end = .
                0x08007488                        _led_driver_api_list_start = .
 *(SORT_BY_NAME(SORT_BY_ALIGNMENT(._led_driver_api.static.*)))
                0x08007488                        _led_driver_api_list_end = .
                0x08007488                        _led_driver_api_ext_end = .
                0x08007488                        _led_strip_driver_api_list_start = .
 *(SORT_BY_NAME(SORT_BY_ALIGNMENT(._led_strip_driver_api.static.*)))
                0x08007488                        _led_strip_driver_api_list_end = .
                0x08007488                        _led_strip_driver_api_ext_end = .
                0x08007488                        _lora_driver_api_list_start = .
 *(SORT_BY_NAME(SORT_BY_ALIGNMENT(._lora_driver_api.static.*)))
                0x08007488                        _lora_driver_api_list_end = .
                0x08007488                        _lora_driver_api_ext_end = .
                0x08007488                        _mbox_driver_api_list_start = .
 *(SORT_BY_NAME(SORT_BY_ALIGNMENT(._mbox_driver_api.static.*)))
                0x08007488                        _mbox_driver_api_list_end = .
                0x08007488                        _mbox_driver_api_ext_end = .
                0x08007488                        _mdio_driver_api_list_start = .
 *(SORT_BY_NAME(SORT_BY_ALIGNMENT(._mdio_driver_api.static.*)))
                0x08007488                        _mdio_driver_api_list_end = .
                0x08007488                        _mdio_driver_api_ext_end = .
                0x08007488                        _mipi_dbi_driver_api_list_start = .
 *(SORT_BY_NAME(SORT_BY_ALIGNMENT(._mipi_dbi_driver_api.static.*)))
                0x08007488                        _mipi_dbi_driver_api_list_end = .
                0x08007488                        _mipi_dbi_driver_api_ext_end = .
                0x08007488                        _mipi_dsi_driver_api_list_start = .
 *(SORT_BY_NAME(SORT_BY_ALIGNMENT(._mipi_dsi_driver_api.static.*)))
                0x08007488                        _mipi_dsi_driver_api_list_end = .
                0x08007488                        _mipi_dsi_driver_api_ext_end = .
                0x08007488                        _mspi_driver_api_list_start = .
 *(SORT_BY_NAME(SORT_BY_ALIGNMENT(._mspi_driver_api.static.*)))
                0x08007488                        _mspi_driver_api_list_end = .
                0x08007488                        _emul_mspi_driver_api_list_start = .
 *(SORT_BY_NAME(SORT_BY_ALIGNMENT(._emul_mspi_driver_api.static.*)))
                0x08007488                        _emul_mspi_driver_api_list_end = .
                0x08007488                        _emul_mspi_driver_api_ext_end = .
                0x08007488                        _mspi_driver_api_ext_end = .
                0x08007488                        _opamp_driver_api_list_start = .
 *(SORT_BY_NAME(SORT_BY_ALIGNMENT(._opamp_driver_api.static.*)))
                0x08007488                        _opamp_driver_api_list_end = .
                0x08007488                        _opamp_driver_api_ext_end = .
                0x08007488                        _otp_driver_api_list_start = .
 *(SORT_BY_NAME(SORT_BY_ALIGNMENT(._otp_driver_api.static.*)))
                0x08007488                        _otp_driver_api_list_end = .
                0x08007488                        _otp_driver_api_ext_end = .
                0x08007488                        _peci_driver_api_list_start = .
 *(SORT_BY_NAME(SORT_BY_ALIGNMENT(._peci_driver_api.static.*)))
                0x08007488                        _peci_driver_api_list_end = .
                0x08007488                        _peci_driver_api_ext_end = .
                0x08007488                        _ps2_driver_api_list_start = .
 *(SORT_BY_NAME(SORT_BY_ALIGNMENT(._ps2_driver_api.static.*)))
                0x08007488                        _ps2_driver_api_list_end = .
                0x08007488                        _ps2_driver_api_ext_end = .
                0x08007488                        _ptp_clock_driver_api_list_start = .
 *(SORT_BY_NAME(SORT_BY_ALIGNMENT(._ptp_clock_driver_api.static.*)))
                0x08007488                        _ptp_clock_driver_api_list_end = .
                0x08007488                        _ptp_clock_driver_api_ext_end = .
                0x08007488                        _regulator_parent_driver_api_list_start = .
 *(SORT_BY_NAME(SORT_BY_ALIGNMENT(._regulator_parent_driver_api.static.*)))
                0x08007488                        _regulator_parent_driver_api_list_end = .
                0x08007488                        _regulator_parent_driver_api_ext_end = .
                0x08007488                        _regulator_driver_api_list_start = .
 *(SORT_BY_NAME(SORT_BY_ALIGNMENT(._regulator_driver_api.static.*)))
                0x08007488                        _regulator_driver_api_list_end = .
                0x08007488                        _regulator_driver_api_ext_end = .
                0x08007488                        _retained_mem_driver_api_list_start = .
 *(SORT_BY_NAME(SORT_BY_ALIGNMENT(._retained_mem_driver_api.static.*)))
                0x08007488                        _retained_mem_driver_api_list_end = .
                0x08007488                        _retained_mem_driver_api_ext_end = .
                0x08007488                        _rtc_driver_api_list_start = .
 *(SORT_BY_NAME(SORT_BY_ALIGNMENT(._rtc_driver_api.static.*)))
                0x08007488                        _rtc_driver_api_list_end = .
                0x08007488                        _rtc_driver_api_ext_end = .
                0x08007488                        _sdhc_driver_api_list_start = .
 *(SORT_BY_NAME(SORT_BY_ALIGNMENT(._sdhc_driver_api.static.*)))
                0x08007488                        _sdhc_driver_api_list_end = .
                0x08007488                        _sdhc_driver_api_ext_end = .
                0x08007488                        _smbus_driver_api_list_start = .
 *(SORT_BY_NAME(SORT_BY_ALIGNMENT(._smbus_driver_api.static.*)))
                0x08007488                        _smbus_driver_api_list_end = .
                0x08007488                        _smbus_driver_api_ext_end = .
                0x08007488                        _spi_driver_api_list_start = .
 *(SORT_BY_NAME(SORT_BY_ALIGNMENT(._spi_driver_api.static.*)))
                0x08007488                        _spi_driver_api_list_end = .
                0x08007488                        _spi_driver_api_ext_end = .
                0x08007488                        _syscon_driver_api_list_start = .
 *(SORT_BY_NAME(SORT_BY_ALIGNMENT(._syscon_driver_api.static.*)))
                0x08007488                        _syscon_driver_api_list_end = .
                0x08007488                        _syscon_driver_api_ext_end = .
                0x08007488                        _tee_driver_api_list_start = .
 *(SORT_BY_NAME(SORT_BY_ALIGNMENT(._tee_driver_api.static.*)))
                0x08007488                        _tee_driver_api_list_end = .
                0x08007488                        _tee_driver_api_ext_end = .
                0x08007488                        _tgpio_driver_api_list_start = .
 *(SORT_BY_NAME(SORT_BY_ALIGNMENT(._tgpio_driver_api.static.*)))
                0x08007488                        _tgpio_driver_api_list_end = .
                0x08007488                        _tgpio_driver_api_ext_end = .
                0x08007488                        _uaol_driver_api_list_start = .
 *(SORT_BY_NAME(SORT_BY_ALIGNMENT(._uaol_driver_api.static.*)))
                0x08007488                        _uaol_driver_api_list_end = .
                0x08007488                        _uaol_driver_api_ext_end = .
                0x08007488                        _video_driver_api_list_start = .
 *(SORT_BY_NAME(SORT_BY_ALIGNMENT(._video_driver_api.static.*)))
                0x08007488                        _video_driver_api_list_end = .
                0x08007488                        _video_driver_api_ext_end = .
                0x08007488                        _virtio_driver_api_list_start = .
 *(SORT_BY_NAME(SORT_BY_ALIGNMENT(._virtio_driver_api.static.*)))
                0x08007488                        _virtio_driver_api_list_end = .
                0x08007488                        _virtio_driver_api_ext_end = .
                0x08007488                        _w1_driver_api_list_start = .
 *(SORT_BY_NAME(SORT_BY_ALIGNMENT(._w1_driver_api.static.*)))
                0x08007488                        _w1_driver_api_list_end = .
                0x08007488                        _w1_driver_api_ext_end = .
                0x08007488                        _wdt_driver_api_list_start = .
 *(SORT_BY_NAME(SORT_BY_ALIGNMENT(._wdt_driver_api.static.*)))
                0x08007488                        _wdt_driver_api_list_end = .
                0x08007488                        _wdt_driver_api_ext_end = .
                0x08007488                        _wuc_driver_api_list_start = .
 *(SORT_BY_NAME(SORT_BY_ALIGNMENT(._wuc_driver_api.static.*)))
                0x08007488                        _wuc_driver_api_list_end = .
                0x08007488                        _wuc_driver_api_ext_end = .
                0x08007488                        _can_transceiver_driver_api_list_start = .
 *(SORT_BY_NAME(SORT_BY_ALIGNMENT(._can_transceiver_driver_api.static.*)))
                0x08007488                        _can_transceiver_driver_api_list_end = .
                0x08007488                        _can_transceiver_driver_api_ext_end = .
                0x08007488                        _i3c_target_driver_api_list_start = .
 *(SORT_BY_NAME(SORT_BY_ALIGNMENT(._i3c_target_driver_api.static.*)))
                0x08007488                        _i3c_target_driver_api_list_end = .
                0x08007488                        _i3c_target_driver_api_ext_end = .
                0x08007488                        _its_driver_api_list_start = .
 *(SORT_BY_NAME(SORT_BY_ALIGNMENT(._its_driver_api.static.*)))
                0x08007488                        _its_driver_api_list_end = .
                0x08007488                        _its_driver_api_ext_end = .
                0x08007488                        _vtd_driver_api_list_start = .
 *(SORT_BY_NAME(SORT_BY_ALIGNMENT(._vtd_driver_api.static.*)))
                0x08007488                        _vtd_driver_api_list_end = .
                0x08007488                        _vtd_driver_api_ext_end = .
                0x08007488                        _renesas_elc_driver_api_list_start = .
 *(SORT_BY_NAME(SORT_BY_ALIGNMENT(._renesas_elc_driver_api.static.*)))
                0x08007488                        _renesas_elc_driver_api_list_end = .
                0x08007488                        _renesas_elc_driver_api_ext_end = .
                0x08007488                        _pcie_ctrl_driver_api_list_start = .
 *(SORT_BY_NAME(SORT_BY_ALIGNMENT(._pcie_ctrl_driver_api.static.*)))
                0x08007488                        _pcie_ctrl_driver_api_list_end = .
                0x08007488                        _pcie_ctrl_driver_api_ext_end = .
                0x08007488                        _pcie_ep_driver_api_list_start = .
 *(SORT_BY_NAME(SORT_BY_ALIGNMENT(._pcie_ep_driver_api.static.*)))
                0x08007488                        _pcie_ep_driver_api_list_end = .
                0x08007488                        _pcie_ep_driver_api_ext_end = .
                0x08007488                        _psi5_driver_api_list_start = .
 *(SORT_BY_NAME(SORT_BY_ALIGNMENT(._psi5_driver_api.static.*)))
                0x08007488                        _psi5_driver_api_list_end = .
                0x08007488                        _psi5_driver_api_ext_end = .
                0x08007488                        _sent_driver_api_list_start = .
 *(SORT_BY_NAME(SORT_BY_ALIGNMENT(._sent_driver_api.static.*)))
                0x08007488                        _sent_driver_api_list_end = .
                0x08007488                        _sent_driver_api_ext_end = .
                0x08007488                        _svc_driver_api_list_start = .
 *(SORT_BY_NAME(SORT_BY_ALIGNMENT(._svc_driver_api.static.*)))
                0x08007488                        _svc_driver_api_list_end = .
                0x08007488                        _svc_driver_api_ext_end = .
                0x08007488                        _stepper_driver_api_list_start = .
 *(SORT_BY_NAME(SORT_BY_ALIGNMENT(._stepper_driver_api.static.*)))
                0x08007488                        _stepper_driver_api_list_end = .
                0x08007488                        _stepper_driver_api_ext_end = .
                0x08007488                        _stepper_ctrl_driver_api_list_start = .
 *(SORT_BY_NAME(SORT_BY_ALIGNMENT(._stepper_ctrl_driver_api.static.*)))
                0x08007488                        _stepper_ctrl_driver_api_list_end = .
                0x08007488                        _stepper_ctrl_driver_api_ext_end = .
                0x08007488                        _uart_driver_api_list_start = .
 *(SORT_BY_NAME(SORT_BY_ALIGNMENT(._uart_driver_api.static.*)))
 ._uart_driver_api.static.uart_stm32_driver_api_
                0x08007488       0x14 zephyr/drivers/serial/libdrivers__serial.a(uart_stm32.c.obj)
                0x0800749c                        _uart_driver_api_list_end = .
                0x0800749c                        _uart_driver_api_ext_end = .
                0x0800749c                        _bc12_emul_driver_api_list_start = .
 *(SORT_BY_NAME(SORT_BY_ALIGNMENT(._bc12_emul_driver_api.static.*)))
                0x0800749c                        _bc12_emul_driver_api_list_end = .
                0x0800749c                        _bc12_emul_driver_api_ext_end = .
                0x0800749c                        _bc12_driver_api_list_start = .
 *(SORT_BY_NAME(SORT_BY_ALIGNMENT(._bc12_driver_api.static.*)))