Archive member included to satisfy reference by file (symbol)

app/libapp.a(main.cpp.obj)    (--whole-archive)
app/libapp.a(alarm.cpp.obj)   (--whole-archive)
app/libapp.a(occlusion.cpp.obj)
                              (--whole-archive)
app/libapp.a(volume.cpp.obj)  (--whole-archive)
app/libapp.a(infusion.cpp.obj)
                              (--whole-archive)
app/libapp.a(hardware.cpp.obj)
                              (--whole-archive)
zephyr/libzephyr.a(validate_libc.c.obj)
                              (--whole-archive)
zephyr/libzephyr.a(cpp_dtors.c.obj)
                              (--whole-archive)
zephyr/libzephyr.a(heap.c.obj)
                              (--whole-archive)
zephyr/libzephyr.a(boot_banner.c.obj)
                              (--whole-archive)
zephyr/libzephyr.a(cbprintf_packaged.c.obj)
                              (--whole-archive)
zephyr/libzephyr.a(clock.c.obj)
                              (--whole-archive)
zephyr/libzephyr.a(printk.c.obj)
                              (--whole-archive)
zephyr/libzephyr.a(cbprintf_complete.c.obj)
                              (--whole-archive)
zephyr/libzephyr.a(assert.c.obj)
                              (--whole-archive)
zephyr/libzephyr.a(dec.c.obj)
                              (--whole-archive)
zephyr/libzephyr.a(hex.c.obj)
                              (--whole-archive)
zephyr/libzephyr.a(rb.c.obj)  (--whole-archive)
zephyr/libzephyr.a(set.c.obj)
                              (--whole-archive)
zephyr/libzephyr.a(timeutil.c.obj)
                              (--whole-archive)
zephyr/libzephyr.a(bitarray.c.obj)
                              (--whole-archive)
zephyr/libzephyr.a(bitmask.c.obj)
                              (--whole-archive)
zephyr/libzephyr.a(getopt.c.obj)
                              (--whole-archive)
zephyr/libzephyr.a(getopt_common.c.obj)
                              (--whole-archive)
zephyr/libzephyr.a(ring_buffer.c.obj)
                              (--whole-archive)
zephyr/libzephyr.a(last_section_id.c.obj)
                              (--whole-archive)
zephyr/libzephyr.a(configs.c.obj)
                              (--whole-archive)
zephyr/libzephyr.a(stm32cube_hal.c.obj)
                              (--whole-archive)
zephyr/libzephyr.a(soc_config.c.obj)
                              (--whole-archive)
zephyr/libzephyr.a(stm32_backup_sram.c.obj)
                              (--whole-archive)
zephyr/libzephyr.a(gpioport_mgr.c.obj)
                              (--whole-archive)
zephyr/libzephyr.a(stm32_backup_domain.c.obj)
                              (--whole-archive)
zephyr/libzephyr.a(soc.c.obj)
                              (--whole-archive)
zephyr/libzephyr.a(mem_attr.c.obj)
                              (--whole-archive)
zephyr/libzephyr.a(tracing_none.c.obj)
                              (--whole-archive)
zephyr/libzephyr.a(sem.c.obj)
                              (--whole-archive)
zephyr/libzephyr.a(thread_entry.c.obj)
                              (--whole-archive)
zephyr/arch/common/libarch__common.a(sw_isr_common.c.obj)
                              (--whole-archive)
zephyr/arch/common/libarch__common.a(init.c.obj)
                              (--whole-archive)
zephyr/arch/common/libarch__common.a(xip.c.obj)
                              (--whole-archive)
zephyr/arch/arch/arm/core/libarch__arm__core.a(fatal.c.obj)
                              (--whole-archive)
zephyr/arch/arch/arm/core/libarch__arm__core.a(nmi.c.obj)
                              (--whole-archive)
zephyr/arch/arch/arm/core/libarch__arm__core.a(nmi_on_reset.S.obj)
                              (--whole-archive)
zephyr/arch/arch/arm/core/libarch__arm__core.a(__aeabi_atexit.c.obj)
                              (--whole-archive)
zephyr/arch/arch/arm/core/libarch__arm__core.a(tls.c.obj)
                              (--whole-archive)
zephyr/arch/arch/arm/core/cortex_m/libarch__arm__core__cortex_m.a(fault.c.obj)
                              (--whole-archive)
zephyr/arch/arch/arm/core/cortex_m/libarch__arm__core__cortex_m.a(fault_s.S.obj)
                              (--whole-archive)
zephyr/arch/arch/arm/core/cortex_m/libarch__arm__core__cortex_m.a(fpu.c.obj)
                              (--whole-archive)
zephyr/arch/arch/arm/core/cortex_m/libarch__arm__core__cortex_m.a(reset.S.obj)
                              (--whole-archive)
zephyr/arch/arch/arm/core/cortex_m/libarch__arm__core__cortex_m.a(scb.c.obj)
                              (--whole-archive)
zephyr/arch/arch/arm/core/cortex_m/libarch__arm__core__cortex_m.a(vector_table.S.obj)
                              (--whole-archive)
zephyr/arch/arch/arm/core/cortex_m/libarch__arm__core__cortex_m.a(svc.S.obj)
                              (--whole-archive)
zephyr/arch/arch/arm/core/cortex_m/libarch__arm__core__cortex_m.a(irq_manage.c.obj)
                              (--whole-archive)
zephyr/arch/arch/arm/core/cortex_m/libarch__arm__core__cortex_m.a(prep_c.c.obj)
[...]
Memory Configuration

Name             Origin             Length             Attributes
FLASH            0x08000000         0x00080000         xr
RAM              0x20000000         0x00020000         xw
BACKUP_SRAM      0x40024000         0x00001000         rw
SRAM0            0x20000000         0x00020000         rw
IDT_LIST         0xffff7fff         0x00008000         xw
*default*        0x00000000         0xffffffff

Linker script and memory map

                0x080074bc                        vfprintf = __d_vfprintf
                0x08007e18                        vfscanf = __d_vfscanf
LOAD zephyr/CMakeFiles/zephyr_final.dir/misc/empty_file.c.obj
LOAD zephyr/CMakeFiles/zephyr_final.dir/isr_tables.c.obj
LOAD zephyr/CMakeFiles/offsets.dir/./arch/arm/core/offsets/offsets.c.obj
LOAD app/libapp.a
LOAD zephyr/libzephyr.a
LOAD zephyr/arch/common/libarch__common.a
LOAD zephyr/arch/arch/arm/core/libarch__arm__core.a
LOAD zephyr/arch/arch/arm/core/cortex_m/libarch__arm__core__cortex_m.a
LOAD zephyr/arch/arch/arm/core/mpu/libarch__arm__core__mpu.a
LOAD zephyr/lib/libc/picolibc/liblib__libc__picolibc.a
LOAD zephyr/lib/libc/common/liblib__libc__common.a
LOAD zephyr/subsys/portability/posix/c_lib_ext/libsubsys__portability__posix__c_lib_ext.a
LOAD zephyr/drivers/interrupt_controller/libdrivers__interrupt_controller.a
LOAD zephyr/drivers/clock_control/libdrivers__clock_control.a
LOAD zephyr/drivers/console/libdrivers__console.a
LOAD zephyr/drivers/gpio/libdrivers__gpio.a
LOAD zephyr/drivers/i2c/libdrivers__i2c.a
LOAD zephyr/drivers/pinctrl/libdrivers__pinctrl.a
LOAD zephyr/drivers/pwm/libdrivers__pwm.a
LOAD zephyr/drivers/reset/libdrivers__reset.a
LOAD zephyr/drivers/sensor/st/lps22hb/libdrivers__sensor__st__lps22hb.a
LOAD zephyr/drivers/sensor/st/qdec_stm32/libdrivers__sensor__st__qdec_stm32.a
LOAD zephyr/drivers/serial/libdrivers__serial.a
LOAD zephyr/drivers/timer/libdrivers__timer.a
LOAD modules/hal_stm32/stm32cube/lib..__modules__hal__stm32__stm32cube.a
LOAD zephyr/kernel/libkernel.a
LOAD zephyr/arch/common/libisr_tables.a
LOAD /home/thanga-inc-5829/zephyr-sdk-1.0.1/gnu/arm-zephyr-eabi/bin/../lib/gcc/arm-zephyr-eabi/14.3.0/../../../../arm-zephyr-eabi/lib/thumb/v7e-m+fp/hard/space/libstdc++.a
LOAD /home/thanga-inc-5829/zephyr-sdk-1.0.1/gnu/arm-zephyr-eabi/bin/../lib/gcc/arm-zephyr-eabi/14.3.0/../../../../arm-zephyr-eabi/lib/thumb/v7e-m+fp/hard/space/libc.a
LOAD /home/thanga-inc-5829/zephyr-sdk-1.0.1/gnu/arm-zephyr-eabi/bin/../lib/gcc/arm-zephyr-eabi/14.3.0/thumb/v7e-m+fp/hard/space/libgcc.a
                0x00000080                        _region_min_align = 0x80

.rel.plt        0x08000000        0x0
 *(SORT_BY_ALIGNMENT(.rel.plt))
                [!provide]                        PROVIDE (__rel_iplt_start = .)
 *(SORT_BY_ALIGNMENT(.rel.iplt))
 .rel.iplt      0x08000000        0x0 zephyr/CMakeFiles/zephyr_final.dir/isr_tables.c.obj
                [!provide]                        PROVIDE (__rel_iplt_end = .)

.rela.plt       0x00000000        0x0
 *(SORT_BY_ALIGNMENT(.rela.plt))
                [!provide]                        PROVIDE (__rela_iplt_start = .)
 *(SORT_BY_ALIGNMENT(.rela.iplt))
                [!provide]                        PROVIDE (__rela_iplt_end = .)

.rel.dyn
 *(SORT_BY_ALIGNMENT(.rel.*))

.rela.dyn
 *(SORT_BY_ALIGNMENT(.rela.*))

/DISCARD/
 *(SORT_BY_ALIGNMENT(.plt))

/DISCARD/
 *(SORT_BY_ALIGNMENT(.iplt))
                0x08000000                        __rom_region_start = 0x8000000

rom_start       0x08000000      0x168
                0x08000000                        __rom_start_address = .
 FILL mask 0x00
                0x08000000                        . = (. + (0x0 - (. - __rom_start_address)))
                0x08000000                        . = ALIGN (0x4)
                0x08000000                        . = ALIGN (0x80)
                0x08000000                        . = ALIGN (0x200)
                0x08000000                        _vector_start = .
 *(SORT_BY_ALIGNMENT(.exc_vector_table))
 *(SORT_BY_ALIGNMENT(.exc_vector_table.*))
 .exc_vector_table._vector_table_section
                0x08000000       0x40 zephyr/arch/arch/arm/core/cortex_m/libarch__arm__core__cortex_m.a(vector_table.S.obj)
                0x08000000                _vector_table
 *(SORT_BY_ALIGNMENT(.vectors))
                0x08000168                        _vector_end = .
                0x08000040                        . = ALIGN (0x4)
 *(SORT_BY_ALIGNMENT(.gnu.linkonce.irq_vector_table*))
 .gnu.linkonce.irq_vector_table
                0x08000040      0x128 zephyr/CMakeFiles/zephyr_final.dir/isr_tables.c.obj
                0x08000040                _irq_vector_table
                0x08000168                        _vector_end = .

text            0x08000168     0xa650
                0x08000168                        __text_region_start = .
 *(SORT_BY_ALIGNMENT(.text))
 .text          0x08000168      0x378 /home/thanga-inc-5829/zephyr-sdk-1.0.1/gnu/arm-zephyr-eabi/bin/../lib/gcc/arm-zephyr-eabi/14.3.0/thumb/v7e-m+fp/hard/space/libgcc.a(_arm_addsubdf3.o)
                0x08000168                __aeabi_drsub
                0x08000170                __aeabi_dsub
                0x08000170                __subdf3
                0x08000174                __adddf3
                0x08000174                __aeabi_dadd
                0x080003ec                __aeabi_ui2d
                0x080003ec                __floatunsidf
                0x0800040c                __floatsidf
                0x0800040c                __aeabi_i2d
                0x08000430                __extendsfdf2
                0x08000430                __aeabi_f2d
                0x08000474                __aeabi_ul2d
                0x08000474                __floatundidf
                0x08000484                __floatdidf
                0x08000484                __aeabi_l2d
 .text          0x080004e0      0x424 /home/thanga-inc-5829/zephyr-sdk-1.0.1/gnu/arm-zephyr-eabi/bin/../lib/gcc/arm-zephyr-eabi/14.3.0/thumb/v7e-m+fp/hard/space/libgcc.a(_arm_muldivdf3.o)
                0x080004e0                __aeabi_dmul
                0x080004e0                __muldf3
                0x08000734                __aeabi_ddiv
                0x08000734                __divdf3
 .text          0x08000904       0xa0 /home/thanga-inc-5829/zephyr-sdk-1.0.1/gnu/arm-zephyr-eabi/bin/../lib/gcc/arm-zephyr-eabi/14.3.0/thumb/v7e-m+fp/hard/space/libgcc.a(_arm_truncdfsf2.o)
                0x08000904                __aeabi_d2f
                0x08000904                __truncdfsf2
 .text          0x080009a4      0x21c /home/thanga-inc-5829/zephyr-sdk-1.0.1/gnu/arm-zephyr-eabi/bin/../lib/gcc/arm-zephyr-eabi/14.3.0/thumb/v7e-m+fp/hard/space/libgcc.a(_arm_addsubsf3.o)
                0x080009a4                __aeabi_frsub
                0x080009ac                __subsf3
                0x080009ac                __aeabi_fsub
                0x080009b0                __aeabi_fadd
                0x080009b0                __addsf3
                0x08000b10                __aeabi_ui2f
                0x08000b10                __floatunsisf
                0x08000b18                __aeabi_i2f
                0x08000b18                __floatsisf
                0x08000b34                __floatundisf
                0x08000b34                __aeabi_ul2f
                0x08000b44                __floatdisf
                0x08000b44                __aeabi_l2f
 .text          0x08000bc0       0x30 /home/thanga-inc-5829/zephyr-sdk-1.0.1/gnu/arm-zephyr-eabi/bin/../lib/gcc/arm-zephyr-eabi/14.3.0/thumb/v7e-m+fp/hard/space/libgcc.a(_aeabi_uldivmod.o)
                0x08000bc0                __aeabi_uldivmod
 .text          0x08000bf0        0x4 /home/thanga-inc-5829/zephyr-sdk-1.0.1/gnu/arm-zephyr-eabi/bin/../lib/gcc/arm-zephyr-eabi/14.3.0/thumb/v7e-m+fp/hard/space/libgcc.a(_dvmd_tls.o)
                0x08000bf0                __aeabi_ldiv0
                0x08000bf0                __aeabi_idiv0
 .text          0x08000bf4       0x14 /home/thanga-inc-5829/zephyr-sdk-1.0.1/gnu/arm-zephyr-eabi/bin/../lib/gcc/arm-zephyr-eabi/14.3.0/../../../../arm-zephyr-eabi/lib/thumb/v7e-m+fp/hard/space/libc.a(strcmp.S.o)
                0x08000bf4                strcmp
 .text          0x08000c08      0x2bc /home/thanga-inc-5829/zephyr-sdk-1.0.1/gnu/arm-zephyr-eabi/bin/../lib/gcc/arm-zephyr-eabi/14.3.0/thumb/v7e-m+fp/hard/space/libgcc.a(_udivmoddi4.o)
                0x08000c08                __udivmoddi4
 *(SORT_BY_ALIGNMENT(.text.*))
 *fill*         0x08000ec4        0x4 
 .text._Z12sensor_pressv
                0x08000ec8       0x6c app/libapp.a(hardware.cpp.obj)
                0x08000ec8                sensor_press()
 *fill*         0x08000f34        0x4 
 .text._Z14set_delay_ratej
                0x08000f38      0x114 app/libapp.a(hardware.cpp.obj)
                0x08000f38                set_delay_rate(unsigned int)
 *fill*         0x0800104c        0x4 
 .text.strtod   0x08001050      0x394 /home/thanga-inc-5829/zephyr-sdk-1.0.1/gnu/arm-zephyr-eabi/bin/../lib/gcc/arm-zephyr-eabi/14.3.0/../../../../arm-zephyr-eabi/lib/thumb/v7e-m+fp/hard/space/libc.a(libc_tinystdio_strtod.c.o)
                0x08001050                strtold
                0x08001050                strtod
 *fill*         0x080013e4        0x4 
 .text.__atod_engine
                0x080013e8      0x1c8 /home/thanga-inc-5829/zephyr-sdk-1.0.1/gnu/arm-zephyr-eabi/bin/../lib/gcc/arm-zephyr-eabi/14.3.0/../../../../arm-zephyr-eabi/lib/thumb/v7e-m+fp/hard/space/libc.a(libc_tinystdio_atod_ryu.c.o)
                0x080013e8                __atod_engine
 .text.z_impl_uart_poll_in
                0x080015b0       0x78 app/libapp.a(main.cpp.obj)
 .text.k_mutex_lock.constprop.0.isra.0
                0x08001628       0x10 app/libapp.a(main.cpp.obj)
 .text.k_mutex_unlock.constprop.0.isra.0
                0x08001638        0xc app/libapp.a(main.cpp.obj)
 .text._Z5th_fnPvS_S_
                0x08001644       0x48 app/libapp.a(main.cpp.obj)
                0x08001644                th_fn(void*, void*, void*)
 .text.main     0x0800168c      0x478 app/libapp.a(main.cpp.obj)
                0x0800168c                main
 .text._GLOBAL__sub_I_initial
                0x08001b04       0xb0 app/libapp.a(main.cpp.obj)
 .text._ZN16OcclusionMonitor9isoccluedEv
                0x08001bb4       0xa8 app/libapp.a(occlusion.cpp.obj)
                0x08001bb4                OcclusionMonitor::isocclued()
 .text._ZN13VolumeTracker3calEff
                0x08001c5c      0x174 app/libapp.a(volume.cpp.obj)
                0x08001c5c                VolumeTracker::cal(float, float)
 .text._ZN14LinearRampMode17computeTargetRateEv
                0x08001dd0      0x100 app/libapp.a(infusion.cpp.obj)
                0x08001dd0                LinearRampMode::computeTargetRate()
 .text._ZN12InfusionMode9applyRateEf
                0x08001ed0       0x9c app/libapp.a(infusion.cpp.obj)
                0x08001ed0                InfusionMode::applyRate(float)
 .text._ZN12InfusionMode10checkAlarmEf
                0x08001f6c       0x80 app/libapp.a(infusion.cpp.obj)
                0x08001f6c                InfusionMode::checkAlarm(float)
 .text.z_impl_sensor_channel_get.isra.0
                0x08001fec       0x74 app/libapp.a(hardware.cpp.obj)
 .text.z_impl_sensor_sample_fetch.isra.0
                0x08002060       0x78 app/libapp.a(hardware.cpp.obj)
 .text.gpio_pin_set_dt.isra.0
                0x080020d8       0xc8 app/libapp.a(hardware.cpp.obj)
 .text._ZN3buz6updateEb
                0x080021a0        0xc app/libapp.a(hardware.cpp.obj)
                0x080021a0                buz::update(bool)
 .text._ZN3led6updateEb
                0x080021ac        0xc app/libapp.a(hardware.cpp.obj)
                0x080021ac                led::update(bool)
 .text.gpio_pin_configure_dt.constprop.0.isra.0
                0x080021b8      0x118 app/libapp.a(hardware.cpp.obj)
 .text._Z20get_encoder_positionv
                0x080022d0       0x7c app/libapp.a(hardware.cpp.obj)
                0x080022d0                get_encoder_position()
 .text._Z13hardware_initv
                0x0800234c       0x94 app/libapp.a(hardware.cpp.obj)
                0x0800234c                hardware_init()
 .text._Z10motor_stopv
                0x080023e0        0xc app/libapp.a(hardware.cpp.obj)
                0x080023e0                motor_stop()
 .text._Z11motor_startv
                0x080023ec        0xc app/libapp.a(hardware.cpp.obj)
                0x080023ec                motor_start()
 .text.sys_heap_init
                0x080023f8      0x124 zephyr/libzephyr.a(heap.c.obj)
                0x080023f8                sys_heap_init
 .text.boot_banner
                0x0800251c       0x24 zephyr/libzephyr.a(boot_banner.c.obj)
 .text.char_out
                0x08002540        0xc zephyr/libzephyr.a(printk.c.obj)
 .text.__printk_hook_install
                0x0800254c        0xc zephyr/libzephyr.a(printk.c.obj)
                0x0800254c                __printk_hook_install
 .text.vprintk  0x08002558       0x30 zephyr/libzephyr.a(printk.c.obj)
                0x08002558                vprintk
 .text.st_stm32_common_config
                0x08002588       0x14 zephyr/libzephyr.a(soc_config.c.obj)
 .text.stm32_backup_sram_init
                0x0800259c       0x90 zephyr/libzephyr.a(stm32_backup_sram.c.obj)
 .text.stm32_gpioport_init
                0x0800262c       0x68 zephyr/libzephyr.a(gpioport_mgr.c.obj)
 .text.stm32_gpioport_get
                0x08002694       0x24 zephyr/libzephyr.a(gpioport_mgr.c.obj)
                0x08002694                stm32_gpioport_get
 .text.stm32_backup_domain_enable_access
                0x080026b8       0xa8 zephyr/libzephyr.a(stm32_backup_domain.c.obj)
                0x080026b8                stm32_backup_domain_enable_access
 .text.soc_early_init_hook
                0x08002760       0x30 zephyr/libzephyr.a(soc.c.obj)
                0x08002760                soc_early_init_hook
 .text.mem_attr_get_regions
                0x08002790        0xc zephyr/libzephyr.a(mem_attr.c.obj)
                0x08002790                mem_attr_get_regions
 .text.z_thread_entry
                0x0800279c       0x6c zephyr/libzephyr.a(thread_entry.c.obj)
                0x0800279c                z_thread_entry
 .text.arch_bss_zero
                0x08002808       0x18 zephyr/arch/common/libarch__common.a(init.c.obj)
                0x08002808                arch_bss_zero
 .text.arch_data_copy
                0x08002820       0x38 zephyr/arch/common/libarch__common.a(xip.c.obj)
                0x08002820                arch_data_copy
 .text.z_arm_fatal_error
                0x08002858       0xa4 zephyr/arch/arch/arm/core/libarch__arm__core.a(fatal.c.obj)
                0x08002858                z_arm_fatal_error
 .text.z_SysNmiOnReset
                0x080028fc        0x8 zephyr/arch/arch/arm/core/libarch__arm__core.a(nmi_on_reset.S.obj)
                0x080028fc                z_SysNmiOnReset
 .text.arch_tls_stack_setup
                0x08002904       0x40 zephyr/arch/arch/arm/core/libarch__arm__core.a(tls.c.obj)
                0x08002904                arch_tls_stack_setup
 .text.mem_manage_fault
                0x08002944      0x124 zephyr/arch/arch/arm/core/cortex_m/libarch__arm__core__cortex_m.a(fault.c.obj)
 .text.usage_fault.isra.0
                0x08002a68       0x98 zephyr/arch/arch/arm/core/cortex_m/libarch__arm__core__cortex_m.a(fault.c.obj)
 .text.bus_fault.isra.0
                0x08002b00       0xb8 zephyr/arch/arch/arm/core/cortex_m/libarch__arm__core__cortex_m.a(fault.c.obj)
 .text.z_arm_fault
                0x08002bb8      0x204 zephyr/arch/arch/arm/core/cortex_m/libarch__arm__core__cortex_m.a(fault.c.obj)
                0x08002bb8                z_arm_fault
 .text.z_arm_fault_init
                0x08002dbc       0x18 zephyr/arch/arch/arm/core/cortex_m/libarch__arm__core__cortex_m.a(fault.c.obj)
                0x08002dbc                z_arm_fault_init
 .text.__fault  0x08002dd4       0x14 zephyr/arch/arch/arm/core/cortex_m/libarch__arm__core__cortex_m.a(fault_s.S.obj)
                0x08002dd4                z_arm_bus_fault
                0x08002dd4                z_arm_usage_fault
                0x08002dd4                z_arm_mpu_fault
                0x08002dd4                z_arm_exc_spurious
                0x08002dd4                z_arm_debug_monitor
                0x08002dd4                z_arm_hard_fault
 .text._reset_section
                0x08002de8       0x34 zephyr/arch/arch/arm/core/cortex_m/libarch__arm__core__cortex_m.a(reset.S.obj)
                0x08002de8                z_arm_reset
                0x08002de8                __start
 .text.z_arm_svc
                0x08002e1c       0x24 zephyr/arch/arch/arm/core/cortex_m/libarch__arm__core__cortex_m.a(svc.S.obj)
                0x08002e1c                z_arm_svc
 .text.arm_irq_enable
                0x08002e40       0x1c zephyr/arch/arch/arm/core/cortex_m/libarch__arm__core__cortex_m.a(irq_manage.c.obj)
                0x08002e40                arm_irq_enable
 .text.arm_irq_priority_set
                0x08002e5c       0x68 zephyr/arch/arch/arm/core/cortex_m/libarch__arm__core__cortex_m.a(irq_manage.c.obj)
                0x08002e5c                arm_irq_priority_set
 .text.relocate_vector_table
                0x08002ec4       0x1c zephyr/arch/arch/arm/core/cortex_m/libarch__arm__core__cortex_m.a(prep_c.c.obj)
                0x08002ec4                relocate_vector_table
 .text.z_prep_c
                0x08002ee0       0x4c zephyr/arch/arch/arm/core/cortex_m/libarch__arm__core__cortex_m.a(prep_c.c.obj)
                0x08002ee0                z_prep_c
 .text.arch_new_thread
                0x08002f2c       0x40 zephyr/arch/arch/arm/core/cortex_m/libarch__arm__core__cortex_m.a(thread.c.obj)
                0x08002f2c                arch_new_thread
 .text.z_arm_mpu_stack_guard_and_fpu_adjust
                0x08002f6c       0x54 zephyr/arch/arch/arm/core/cortex_m/libarch__arm__core__cortex_m.a(thread.c.obj)
                0x08002f6c                z_arm_mpu_stack_guard_and_fpu_adjust
 .text.z_check_thread_stack_fail
                0x08002fc0       0x2c zephyr/arch/arch/arm/core/cortex_m/libarch__arm__core__cortex_m.a(thread.c.obj)
                0x08002fc0                z_check_thread_stack_fail
 .text.arch_float_disable
                0x08002fec       0x48 zephyr/arch/arch/arm/core/cortex_m/libarch__arm__core__cortex_m.a(thread.c.obj)
                0x08002fec                arch_float_disable
 .text.arch_switch_to_main_thread
                0x08003034       0x58 zephyr/arch/arch/arm/core/cortex_m/libarch__arm__core__cortex_m.a(thread.c.obj)
                0x08003034                arch_switch_to_main_thread
 .text.z_arm_cpu_idle_init
                0x0800308c        0xc zephyr/arch/arch/arm/core/cortex_m/libarch__arm__core__cortex_m.a(cpu_idle.c.obj)
                0x0800308c                z_arm_cpu_idle_init
 .text._HandlerModeExit
                0x08003098       0x20 zephyr/arch/arch/arm/core/cortex_m/libarch__arm__core__cortex_m.a(exc_exit.c.obj)
                0x08003098                z_arm_exc_exit
                0x08003098                z_arm_int_exit
 .text.z_impl_k_thread_abort
                0x080030b8       0x2c zephyr/arch/arch/arm/core/cortex_m/libarch__arm__core__cortex_m.a(thread_abort.c.obj)
                0x080030b8                z_impl_k_thread_abort
 .text.z_arm_pendsv
                0x080030e4       0x9c zephyr/arch/arch/arm/core/cortex_m/libarch__arm__core__cortex_m.a(swap_helper.S.obj)
                0x080030e4                z_arm_pendsv
 .text.z_arm_interrupt_init
                0x08003180       0x18 zephyr/arch/arch/arm/core/cortex_m/libarch__arm__core__cortex_m.a(irq_init.c.obj)
                0x08003180                z_arm_interrupt_init
 .text._isr_wrapper
                0x08003198       0x24 zephyr/arch/arch/arm/core/cortex_m/libarch__arm__core__cortex_m.a(isr_wrapper.c.obj)
                0x08003198                _isr_wrapper
 .text.__aeabi_read_tp
                0x080031bc        0xc zephyr/arch/arch/arm/core/cortex_m/libarch__arm__core__cortex_m.a(__aeabi_read_tp.S.obj)
                0x080031bc                __aeabi_read_tp
 .text.z_arm_configure_static_mpu_regions
                0x080031c8       0x18 zephyr/arch/arch/arm/core/mpu/libarch__arm__core__mpu.a(arm_core_mpu.c.obj)
                0x080031c8                z_arm_configure_static_mpu_regions
 .text.z_arm_configure_dynamic_mpu_regions
                0x080031e0       0x2c zephyr/arch/arch/arm/core/mpu/libarch__arm__core__mpu.a(arm_core_mpu.c.obj)
                0x080031e0                z_arm_configure_dynamic_mpu_regions
 .text.region_init
                0x0800320c       0x28 zephyr/arch/arch/arm/core/mpu/libarch__arm__core__mpu.a(arm_mpu.c.obj)
 .text.mpu_configure_regions
                0x08003234       0x6c zephyr/arch/arch/arm/core/mpu/libarch__arm__core__mpu.a(arm_mpu.c.obj)
 .text.arm_core_mpu_enable
                0x080032a0       0x18 zephyr/arch/arch/arm/core/mpu/libarch__arm__core__mpu.a(arm_mpu.c.obj)
                0x080032a0                arm_core_mpu_enable
 .text.arm_core_mpu_disable
                0x080032b8       0x14 zephyr/arch/arch/arm/core/mpu/libarch__arm__core__mpu.a(arm_mpu.c.obj)
                0x080032b8                arm_core_mpu_disable
 .text.arm_core_mpu_configure_static_mpu_regions
                0x080032cc       0x4c zephyr/arch/arch/arm/core/mpu/libarch__arm__core__mpu.a(arm_mpu.c.obj)
                0x080032cc                arm_core_mpu_configure_static_mpu_regions
 .text.arm_core_mpu_configure_dynamic_mpu_regions
                0x08003318       0x6c zephyr/arch/arch/arm/core/mpu/libarch__arm__core__mpu.a(arm_mpu.c.obj)
                0x08003318                arm_core_mpu_configure_dynamic_mpu_regions
 .text.z_arm_mpu_init
                0x08003384      0x23c zephyr/arch/arch/arm/core/mpu/libarch__arm__core__mpu.a(arm_mpu.c.obj)
                0x08003384                z_arm_mpu_init
 .text.z_impl_zephyr_fputc
                0x080035c0       0x10 zephyr/lib/libc/picolibc/liblib__libc__picolibc.a(stdio.c.obj)
                0x080035c0                z_impl_zephyr_fputc
 .text.__stdout_hook_install
                0x080035d0       0x18 zephyr/lib/libc/picolibc/liblib__libc__picolibc.a(stdio.c.obj)
                0x080035d0                __stdout_hook_install
 .text.malloc_prepare
                0x080035e8       0x24 zephyr/lib/libc/common/liblib__libc__common.a(malloc.c.obj)
 .text.malloc_lock
                0x0800360c       0x38 zephyr/lib/libc/common/liblib__libc__common.a(malloc.c.obj)
 .text.malloc_unlock
                0x08003644        0xc zephyr/lib/libc/common/liblib__libc__common.a(malloc.c.obj)
 .text.free     0x08003650       0x1c zephyr/lib/libc/common/liblib__libc__common.a(malloc.c.obj)
                0x08003650                free
 .text.stm32_exti_init
                0x0800366c       0x70 zephyr/drivers/interrupt_controller/libdrivers__interrupt_controller.a(intc_exti_stm32.c.obj)
 .text.stm32_exti_is_pending
                0x080036dc       0x20 zephyr/drivers/interrupt_controller/libdrivers__interrupt_controller.a(intc_exti_stm32.c.obj)
                0x080036dc                stm32_exti_is_pending
 .text.stm32_exti_clear_pending
                0x080036fc       0x20 zephyr/drivers/interrupt_controller/libdrivers__interrupt_controller.a(intc_exti_stm32.c.obj)
                0x080036fc                stm32_exti_clear_pending
 .text.stm32_fill_irq_table
                0x0800371c       0x18 zephyr/drivers/interrupt_controller/libdrivers__interrupt_controller.a(intc_gpio_stm32.c.obj)
 .text.stm32_intc_gpio_isr
                0x08003734       0x4c zephyr/drivers/interrupt_controller/libdrivers__interrupt_controller.a(intc_gpio_stm32.c.obj)
 .text.ll_exti_line_to_linenum
                0x08003780       0x58 zephyr/drivers/interrupt_controller/libdrivers__interrupt_controller.a(intc_gpio_stm32.c.obj)
 .text.stm32_gpio_intc_enable_line
                0x080037d8       0x24 zephyr/drivers/interrupt_controller/libdrivers__interrupt_controller.a(intc_gpio_stm32.c.obj)
                0x080037d8                stm32_gpio_intc_enable_line
 .text.stm32_gpio_intc_disable_line
                0x080037fc       0x10 zephyr/drivers/interrupt_controller/libdrivers__interrupt_controller.a(intc_gpio_stm32.c.obj)
                0x080037fc                stm32_gpio_intc_disable_line
 .text.stm32_gpio_intc_select_line_trigger
                0x0800380c       0x70 zephyr/drivers/interrupt_controller/libdrivers__interrupt_controller.a(intc_gpio_stm32.c.obj)
                0x0800380c                stm32_gpio_intc_select_line_trigger
 .text.stm32_gpio_intc_set_irq_callback
                0x0800387c       0x38 zephyr/drivers/interrupt_controller/libdrivers__interrupt_controller.a(intc_gpio_stm32.c.obj)
                0x0800387c                stm32_gpio_intc_set_irq_callback
 .text.stm32_gpio_intc_remove_irq_callback
                0x080038b4       0x1c zephyr/drivers/interrupt_controller/libdrivers__interrupt_controller.a(intc_gpio_stm32.c.obj)
                0x080038b4                stm32_gpio_intc_remove_irq_callback
 .text.stm32_exti_get_line_src_port
                0x080038d0       0x30 zephyr/drivers/interrupt_controller/libdrivers__interrupt_controller.a(intc_gpio_stm32.c.obj)
                0x080038d0                stm32_exti_get_line_src_port
 .text.stm32_clock_control_get_subsys_rate
                0x08003900       0xfc zephyr/drivers/clock_control/libdrivers__clock_control.a(clock_stm32_ll_common.c.obj)
 .text.enabled_clock
                0x080039fc       0x20 zephyr/drivers/clock_control/libdrivers__clock_control.a(clock_stm32_ll_common.c.obj)
                0x080039fc                enabled_clock
 .text.stm32_clock_control_init
                0x08003a1c      0x140 zephyr/drivers/clock_control/libdrivers__clock_control.a(clock_stm32_ll_common.c.obj)
                0x08003a1c                stm32_clock_control_init
 .text.get_pllsrc_frequency
                0x08003b5c        0x8 zephyr/drivers/clock_control/libdrivers__clock_control.a(clock_stm32f2_f4_f7.c.obj)
                0x08003b5c                get_pllsrc_frequency
 .text.config_pll_sysclock
                0x08003b64       0x48 zephyr/drivers/clock_control/libdrivers__clock_control.a(clock_stm32f2_f4_f7.c.obj)
                0x08003b64                config_pll_sysclock
 .text.config_enable_default_clocks
                0x08003bac       0x20 zephyr/drivers/clock_control/libdrivers__clock_control.a(clock_stm32f2_f4_f7.c.obj)
                0x08003bac                config_enable_default_clocks
 .text.z_impl_uart_poll_out.constprop.0
                0x08003bcc       0x58 zephyr/drivers/console/libdrivers__console.a(uart_console.c.obj)
 .text.uart_console_init
                0x08003c24       0x28 zephyr/drivers/console/libdrivers__console.a(uart_console.c.obj)
 .text.gpio_stm32_manage_callback
                0x08003c4c       0xa4 zephyr/drivers/gpio/libdrivers__gpio.a(gpio_stm32.c.obj)
 .text.gpio_stm32_pin_interrupt_configure
                0x08003cf0       0xac zephyr/drivers/gpio/libdrivers__gpio.a(gpio_stm32.c.obj)
 .text.gpio_stm32_isr
                0x08003d9c       0x58 zephyr/drivers/gpio/libdrivers__gpio.a(gpio_stm32.c.obj)
 .text.i2c_stm32_runtime_configure
                0x08003df4       0xbc zephyr/drivers/i2c/libdrivers__i2c.a(i2c_stm32.c.obj)
                0x08003df4                i2c_stm32_runtime_configure
 .text.i2c_stm32_init
                0x08003eb0       0x9c zephyr/drivers/i2c/libdrivers__i2c.a(i2c_stm32.c.obj)
 .text.i2c_stm32_activate
                0x08003f4c       0x84 zephyr/drivers/i2c/libdrivers__i2c.a(i2c_stm32_common.c.obj)
                0x08003f4c                i2c_stm32_activate
 .text.i2c_stm32_configure_timing
                0x08003fd0       0xa8 zephyr/drivers/i2c/libdrivers__i2c.a(i2c_stm32_v1.c.obj)
                0x08003fd0                i2c_stm32_configure_timing
 .text.pwm_stm32_init
                0x08004078      0x278 zephyr/drivers/pwm/libdrivers__pwm.a(pwm_stm32.c.obj)
 .text.pwm_stm32_set_cycles
                0x080042f0      0x22c zephyr/drivers/pwm/libdrivers__pwm.a(pwm_stm32.c.obj)
 .text.lps22hb_channel_get
                0x0800451c       0x54 zephyr/drivers/sensor/st/lps22hb/libdrivers__sensor__st__lps22hb.a(lps22hb.c.obj)
 .text.z_impl_i2c_transfer
                0x08004570       0x88 zephyr/drivers/sensor/st/lps22hb/libdrivers__sensor__st__lps22hb.a(lps22hb.c.obj)
 .text.lps22hb_sample_fetch
                0x080045f8       0x8c zephyr/drivers/sensor/st/lps22hb/libdrivers__sensor__st__lps22hb.a(lps22hb.c.obj)
 .text.qdec_stm32_initialize
                0x08004684      0x16c zephyr/drivers/sensor/st/qdec_stm32/libdrivers__sensor__st__qdec_stm32.a(qdec_stm32.c.obj)
 .text.uart_stm32_set_baudrate.isra.0
                0x080047f0       0xfc zephyr/drivers/serial/libdrivers__serial.a(uart_stm32.c.obj)
 .text.uart_stm32_parameters_set
                0x080048ec      0x104 zephyr/drivers/serial/libdrivers__serial.a(uart_stm32.c.obj)
 .text.uart_stm32_init
                0x080049f0      0x160 zephyr/drivers/serial/libdrivers__serial.a(uart_stm32.c.obj)
 .text.uart_stm32_configure
                0x08004b50       0xf8 zephyr/drivers/serial/libdrivers__serial.a(uart_stm32.c.obj)
 .text.elapsed  0x08004c48       0x44 zephyr/drivers/timer/libdrivers__timer.a(cortex_m_systick.c.obj)
 .text.sys_clock_driver_init
                0x08004c8c       0x34 zephyr/drivers/timer/libdrivers__timer.a(cortex_m_systick.c.obj)
 .text.sys_clock_isr
                0x08004cc0       0x70 zephyr/drivers/timer/libdrivers__timer.a(cortex_m_systick.c.obj)
                0x08004cc0                sys_clock_isr
 .text.sys_clock_set_timeout
                0x08004d30      0x124 zephyr/drivers/timer/libdrivers__timer.a(cortex_m_systick.c.obj)
                0x08004d30                sys_clock_set_timeout
 .text.sys_clock_elapsed
                0x08004e54       0x60 zephyr/drivers/timer/libdrivers__timer.a(cortex_m_systick.c.obj)
                0x08004e54                sys_clock_elapsed
 .text.sys_clock_cycle_get_32
                0x08004eb4       0x20 zephyr/drivers/timer/libdrivers__timer.a(cortex_m_systick.c.obj)
                0x08004eb4                sys_clock_cycle_get_32
 .text.HAL_RCC_GetSysClockFreq
                0x08004ed4       0x90 modules/hal_stm32/stm32cube/lib..__modules__hal__stm32__stm32cube.a(stm32f4xx_hal_rcc_ex.c.obj)
                0x08004ed4                HAL_RCC_GetSysClockFreq
 .text.LL_SetFlashLatency
                0x08004f64      0x128 modules/hal_stm32/stm32cube/lib..__modules__hal__stm32__stm32cube.a(stm32f4xx_ll_utils.c.obj)
                0x08004f64                LL_SetFlashLatency
 .text.do_device_init
                0x0800508c       0x60 zephyr/kernel/libkernel.a(device.c.obj)
                0x0800508c                do_device_init
 .text.z_fatal_error
                0x080050ec       0x60 zephyr/kernel/libkernel.a(fatal.c.obj)
                0x080050ec                z_fatal_error
 .text.z_sys_init_run_level
                0x0800514c       0x30 zephyr/kernel/libkernel.a(init.c.obj)
 .text.bg_thread_main
                0x0800517c      0x11c zephyr/kernel/libkernel.a(init.c.obj)
 .text.z_init_cpu
                0x08005298       0x6c zephyr/kernel/libkernel.a(init.c.obj)
                0x08005298                z_init_cpu
 .text.z_cstart
                0x08005304      0x10c zephyr/kernel/libkernel.a(init.c.obj)
                0x08005304                z_cstart
 .text.idle     0x08005410       0x48 zephyr/kernel/libkernel.a(idle.c.obj)
                0x08005410                idle
 .text.z_impl_k_mutex_lock
                0x08005458      0x190 zephyr/kernel/libkernel.a(mutex.c.obj)
                0x08005458                z_impl_k_mutex_lock
 .text.z_impl_k_mutex_unlock
                0x080055e8      0x1a0 zephyr/kernel/libkernel.a(mutex.c.obj)
                0x080055e8                z_impl_k_mutex_unlock
 .text.unpend_thread_no_timeout
                0x08005788       0x40 zephyr/kernel/libkernel.a(sem.c.obj)
 .text.z_impl_k_sem_give
                0x080057c8       0xf8 zephyr/kernel/libkernel.a(sem.c.obj)
                0x080057c8                z_impl_k_sem_give
 .text.z_impl_k_sem_take
                0x080058c0       0xf4 zephyr/kernel/libkernel.a(sem.c.obj)
                0x080058c0                z_impl_k_sem_take
 .text.z_impl_k_sem_reset
                0x080059b4      0x100 zephyr/kernel/libkernel.a(sem.c.obj)
                0x080059b4                z_impl_k_sem_reset
 .text.z_setup_new_thread
                0x08005ab4       0xf0 zephyr/kernel/libkernel.a(thread.c.obj)
                0x08005ab4                z_setup_new_thread
 .text.z_dummy_thread_init
                0x08005ba4       0x18 zephyr/kernel/libkernel.a(thread.c.obj)
                0x08005ba4                z_dummy_thread_init
 .text.z_impl_k_wakeup
                0x08005bbc       0xb0 zephyr/kernel/libkernel.a(thread.c.obj)
                0x08005bbc                z_impl_k_wakeup
 .text.z_impl_k_thread_create
                0x08005c6c       0x8c zephyr/kernel/libkernel.a(thread.c.obj)
                0x08005c6c                z_impl_k_thread_create
 .text.z_thread_abort
                0x08005cf8       0xc8 zephyr/kernel/libkernel.a(thread.c.obj)
                0x08005cf8                z_thread_abort
 .text.z_impl_k_yield
                0x08005dc0       0x40 zephyr/kernel/libkernel.a(thread.c.obj)
                0x08005dc0                z_impl_k_yield
 .text.unready_thread
                0x08005e00       0xbc zephyr/kernel/libkernel.a(sched.c.obj)
 .text.ready_thread
                0x08005ebc       0xd0 zephyr/kernel/libkernel.a(sched.c.obj)
 .text.unpend_thread_no_timeout
                0x08005f8c       0x38 zephyr/kernel/libkernel.a(sched.c.obj)
 .text.z_swap_irqlock
                0x08005fc4       0x64 zephyr/kernel/libkernel.a(sched.c.obj)
 .text.reschedule
                0x08006028       0x8c zephyr/kernel/libkernel.a(sched.c.obj)
 .text.move_current_to_end_of_prio_q
                0x080060b4       0x6c zephyr/kernel/libkernel.a(sched.c.obj)
                0x080060b4                move_current_to_end_of_prio_q
 .text.z_ready_thread
                0x08006120       0x8c zephyr/kernel/libkernel.a(sched.c.obj)
                0x08006120                z_ready_thread
 .text.z_thread_halt
                0x080061ac      0x234 zephyr/kernel/libkernel.a(sched.c.obj)
                0x080061ac                z_thread_halt
 .text.z_sched_lock_reschedule
                0x080063e0       0x74 zephyr/kernel/libkernel.a(sched.c.obj)
                0x080063e0                z_sched_lock_reschedule
 .text.z_sched_yield
                0x08006454       0xec zephyr/kernel/libkernel.a(sched.c.obj)
                0x08006454                z_sched_yield
 .text.z_thread_timeout
                0x08006540       0xa0 zephyr/kernel/libkernel.a(sched.c.obj)
                0x08006540                z_thread_timeout
 .text.z_pend_curr
                0x080065e0      0x10c zephyr/kernel/libkernel.a(sched.c.obj)
                0x080065e0                z_pend_curr
 .text.z_thread_prio_set
                0x080066ec      0x1b4 zephyr/kernel/libkernel.a(sched.c.obj)
                0x080066ec                z_thread_prio_set
 .text.z_tick_sleep
                0x080068a0      0x154 zephyr/kernel/libkernel.a(sleep.c.obj)
 .text.z_impl_k_sleep
                0x080069f4       0x64 zephyr/kernel/libkernel.a(sleep.c.obj)
                0x080069f4                z_impl_k_sleep
 .text.z_sched_init
                0x08006a58       0x10 zephyr/kernel/libkernel.a(scheduler.c.obj)
                0x08006a58                z_sched_init
 .text.k_sched_lock
                0x08006a68       0xdc zephyr/kernel/libkernel.a(scheduler.c.obj)
                0x08006a68                k_sched_lock
 .text.k_sched_unlock
                0x08006b44       0xac zephyr/kernel/libkernel.a(scheduler.c.obj)
                0x08006b44                k_sched_unlock
 .text.z_impl_k_sched_current_thread_query
                0x08006bf0        0xc zephyr/kernel/libkernel.a(scheduler.c.obj)
                0x08006bf0                z_impl_k_sched_current_thread_query
 .text.z_time_slice_size
                0x08006bfc       0x40 zephyr/kernel/libkernel.a(timeslicing.c.obj)
 .text.slice_timeout
                0x08006c3c       0x5c zephyr/kernel/libkernel.a(timeslicing.c.obj)
 .text.z_time_slice_reset
                0x08006c98       0x44 zephyr/kernel/libkernel.a(timeslicing.c.obj)
                0x08006c98                z_time_slice_reset
 .text.z_time_slice
                0x08006cdc       0xcc zephyr/kernel/libkernel.a(timeslicing.c.obj)
                0x08006cdc                z_time_slice
 .text.z_spin_lock_valid
                0x08006da8       0x1c zephyr/kernel/libkernel.a(spinlock_validate.c.obj)
                0x08006da8                z_spin_lock_valid
 .text.z_spin_unlock_valid
                0x08006dc4       0x2c zephyr/kernel/libkernel.a(spinlock_validate.c.obj)
                0x08006dc4                z_spin_unlock_valid
 .text.z_spin_lock_set_owner
                0x08006df0       0x10 zephyr/kernel/libkernel.a(spinlock_validate.c.obj)
                0x08006df0                z_spin_lock_set_owner
 .text.first    0x08006e00       0x10 zephyr/kernel/libkernel.a(timeout.c.obj)
 .text.elapsed  0x08006e10       0x10 zephyr/kernel/libkernel.a(timeout.c.obj)
 .text.z_add_timeout
                0x08006e20      0x1c4 zephyr/kernel/libkernel.a(timeout.c.obj)
                0x08006e20                z_add_timeout
 .text.z_abort_timeout
                0x08006fe4      0x100 zephyr/kernel/libkernel.a(timeout.c.obj)
                0x08006fe4                z_abort_timeout
 .text.sys_clock_announce_locked
                0x080070e4      0x13c zephyr/kernel/libkernel.a(timeout.c.obj)
                0x080070e4                sys_clock_announce_locked
 .text.sys_clock_lock
                0x08007220       0x54 zephyr/kernel/libkernel.a(timeout.c.obj)
                0x08007220                sys_clock_lock
 .text.sys_clock_unlock
                0x08007274       0x4c zephyr/kernel/libkernel.a(timeout.c.obj)
                0x08007274                sys_clock_unlock
 .text.sys_clock_tick_get
                0x080072c0       0x9c zephyr/kernel/libkernel.a(timeout.c.obj)
                0x080072c0                sys_clock_tick_get
 .text.sscanf   0x0800735c       0x40 /home/thanga-inc-5829/zephyr-sdk-1.0.1/gnu/arm-zephyr-eabi/bin/../lib/gcc/arm-zephyr-eabi/14.3.0/../../../../arm-zephyr-eabi/lib/thumb/v7e-m+fp/hard/space/libc.a(libc_tinystdio_sscanf.c.o)
                0x0800735c                sscanf
 .text.skip_to_arg
                0x0800739c      0x120 /home/thanga-inc-5829/zephyr-sdk-1.0.1/gnu/arm-zephyr-eabi/bin/../lib/gcc/arm-zephyr-eabi/14.3.0/../../../../arm-zephyr-eabi/lib/thumb/v7e-m+fp/hard/space/libc.a(libc_tinystdio_vfprintf.c.o)
 .text.vfprintf
                0x080074bc      0x95c /home/thanga-inc-5829/zephyr-sdk-1.0.1/gnu/arm-zephyr-eabi/bin/../lib/gcc/arm-zephyr-eabi/14.3.0/../../../../arm-zephyr-eabi/lib/thumb/v7e-m+fp/hard/space/libc.a(libc_tinystdio_vfprintf.c.o)
                0x080074bc                __d_vfprintf
 .text.vfscanf  0x08007e18      0x854 /home/thanga-inc-5829/zephyr-sdk-1.0.1/gnu/arm-zephyr-eabi/bin/../lib/gcc/arm-zephyr-eabi/14.3.0/../../../../arm-zephyr-eabi/lib/thumb/v7e-m+fp/hard/space/libc.a(libc_tinystdio_vfscanf.c.o)
                0x08007e18                __d_vfscanf
 .text.div10    0x0800866c       0x28 /home/thanga-inc-5829/zephyr-sdk-1.0.1/gnu/arm-zephyr-eabi/bin/../lib/gcc/arm-zephyr-eabi/14.3.0/../../../../arm-zephyr-eabi/lib/thumb/v7e-m+fp/hard/space/libc.a(libc_tinystdio_dtoa_ryu.c.o)
 .text.__dtoa_engine
                0x08008694      0x474 /home/thanga-inc-5829/zephyr-sdk-1.0.1/gnu/arm-zephyr-eabi/bin/../lib/gcc/arm-zephyr-eabi/14.3.0/../../../../arm-zephyr-eabi/lib/thumb/v7e-m+fp/hard/space/libc.a(libc_tinystdio_dtoa_ryu.c.o)
                0x08008694                __dtoa_engine
 .text.__log10Pow2
                0x08008b08        0xc /home/thanga-inc-5829/zephyr-sdk-1.0.1/gnu/arm-zephyr-eabi/bin/../lib/gcc/arm-zephyr-eabi/14.3.0/../../../../arm-zephyr-eabi/lib/thumb/v7e-m+fp/hard/space/libc.a(libc_tinystdio_ryu_log10.c.o)
                0x08008b08                __log10Pow2
 .text.__log10Pow5
                0x08008b14        0xc /home/thanga-inc-5829/zephyr-sdk-1.0.1/gnu/arm-zephyr-eabi/bin/../lib/gcc/arm-zephyr-eabi/14.3.0/../../../../arm-zephyr-eabi/lib/thumb/v7e-m+fp/hard/space/libc.a(libc_tinystdio_ryu_log10.c.o)
                0x08008b14                __log10Pow5
 .text.__log2pow5
                0x08008b20        0xc /home/thanga-inc-5829/zephyr-sdk-1.0.1/gnu/arm-zephyr-eabi/bin/../lib/gcc/arm-zephyr-eabi/14.3.0/../../../../arm-zephyr-eabi/lib/thumb/v7e-m+fp/hard/space/libc.a(libc_tinystdio_ryu_log2pow5.c.o)
                0x08008b20                __log2pow5
 .text.__ceil_log2pow5
                0x08008b2c       0x10 /home/thanga-inc-5829/zephyr-sdk-1.0.1/gnu/arm-zephyr-eabi/bin/../lib/gcc/arm-zephyr-eabi/14.3.0/../../../../arm-zephyr-eabi/lib/thumb/v7e-m+fp/hard/space/libc.a(libc_tinystdio_ryu_log2pow5.c.o)
                0x08008b2c                __ceil_log2pow5
 .text.__pow5bits
                0x08008b3c       0x10 /home/thanga-inc-5829/zephyr-sdk-1.0.1/gnu/arm-zephyr-eabi/bin/../lib/gcc/arm-zephyr-eabi/14.3.0/../../../../arm-zephyr-eabi/lib/thumb/v7e-m+fp/hard/space/libc.a(libc_tinystdio_ryu_pow5bits.c.o)
                0x08008b3c                __pow5bits
 .text.__pow5Factor
                0x08008b4c       0x30 /home/thanga-inc-5829/zephyr-sdk-1.0.1/gnu/arm-zephyr-eabi/bin/../lib/gcc/arm-zephyr-eabi/14.3.0/../../../../arm-zephyr-eabi/lib/thumb/v7e-m+fp/hard/space/libc.a(libc_tinystdio_ryu_table.c.o)
                0x08008b4c                __pow5Factor
 .text.__double_computePow5
                0x08008b7c       0xe8 /home/thanga-inc-5829/zephyr-sdk-1.0.1/gnu/arm-zephyr-eabi/bin/../lib/gcc/arm-zephyr-eabi/14.3.0/../../../../arm-zephyr-eabi/lib/thumb/v7e-m+fp/hard/space/libc.a(libc_tinystdio_ryu_table.c.o)
                0x08008b7c                __double_computePow5
 .text.__double_computeInvPow5
                0x08008c64       0xf8 /home/thanga-inc-5829/zephyr-sdk-1.0.1/gnu/arm-zephyr-eabi/bin/../lib/gcc/arm-zephyr-eabi/14.3.0/../../../../arm-zephyr-eabi/lib/thumb/v7e-m+fp/hard/space/libc.a(libc_tinystdio_ryu_table.c.o)
                0x08008c64                __double_computeInvPow5
 .text.__fpclassifyd
                0x08008d5c       0x44 /home/thanga-inc-5829/zephyr-sdk-1.0.1/gnu/arm-zephyr-eabi/bin/../lib/gcc/arm-zephyr-eabi/14.3.0/../../../../arm-zephyr-eabi/lib/thumb/v7e-m+fp/hard/space/libc.a(libm_common_s_fpclassify.c.o)
                0x08008d5c                __fpclassifyl
                0x08008d5c                __fpclassifyd
 .text._OffsetAbsSyms
                0x08008da0        0x2 zephyr/CMakeFiles/offsets.dir/./arch/arm/core/offsets/offsets.c.obj
                0x08008da0                _OffsetAbsSyms
 .text.k_uptime_get
                0x08008da2       0x10 app/libapp.a(main.cpp.obj)
 .text._ZN12AlarmManager3addEP13AlarmObserver
                0x08008db2       0x10 app/libapp.a(alarm.cpp.obj)
                0x08008db2                AlarmManager::add(AlarmObserver*)
 .text._ZN12AlarmManager6notifyE9AlarmType
                0x08008dc2       0x34 app/libapp.a(alarm.cpp.obj)
                0x08008dc2                AlarmManager::notify(AlarmType)
 .text._ZN12AlarmManager5clearE9AlarmType
                0x08008df6       0x34 app/libapp.a(alarm.cpp.obj)
                0x08008df6                AlarmManager::clear(AlarmType)
 .text._ZN16ConstantRateMode17computeTargetRateEv
                0x08008e2a        0x6 app/libapp.a(infusion.cpp.obj)
                0x08008e2a                ConstantRateMode::computeTargetRate()
 .text._ZN14LinearRampModeD2Ev
                0x08008e30        0x2 app/libapp.a(infusion.cpp.obj)
                0x08008e30                LinearRampMode::~LinearRampMode()
                0x08008e30                LinearRampMode::~LinearRampMode()
 .text._ZN16ConstantRateModeD2Ev
                0x08008e32        0x2 app/libapp.a(infusion.cpp.obj)
                0x08008e32                ConstantRateMode::~ConstantRateMode()
                0x08008e32                ConstantRateMode::~ConstantRateMode()
 .text._ZN14LinearRampModeD0Ev
                0x08008e34        0xe app/libapp.a(infusion.cpp.obj)
                0x08008e34                LinearRampMode::~LinearRampMode()
 .text._ZN16ConstantRateModeD0Ev
                0x08008e42        0xe app/libapp.a(infusion.cpp.obj)
                0x08008e42                ConstantRateMode::~ConstantRateMode()
 .text._ZN12InfusionMode3runEv
                0x08008e50       0x2a app/libapp.a(infusion.cpp.obj)
                0x08008e50                InfusionMode::run()
 .text._Z11switch_modeP12InfusionModeS0_
                0x08008e7a       0x46 app/libapp.a(infusion.cpp.obj)
                0x08008e7a                switch_mode(InfusionMode*, InfusionMode*)
 .text.chunk_size
                0x08008ec0        0xa zephyr/libzephyr.a(heap.c.obj)
 .text.right_chunk
                0x08008eca        0xa zephyr/libzephyr.a(heap.c.obj)
 .text.free_list_remove_bidx
                0x08008ed4       0x56 zephyr/libzephyr.a(heap.c.obj)
 .text.free_list_remove
                0x08008f2a       0x1a zephyr/libzephyr.a(heap.c.obj)
 .text.free_list_add
                0x08008f44       0x6c zephyr/libzephyr.a(heap.c.obj)
 .text.free_chunk_check.isra.0
                0x08008fb0       0x40 zephyr/libzephyr.a(heap.c.obj)
 .text.merge_chunks
                0x08008ff0       0x2c zephyr/libzephyr.a(heap.c.obj)
 .text.sys_heap_free
                0x0800901c       0xd8 zephyr/libzephyr.a(heap.c.obj)
                0x0800901c                sys_heap_free
 .text.arch_printk_char_out
                0x080090f4        0x4 zephyr/libzephyr.a(printk.c.obj)
                0x080090f4                arch_printk_char_out
 .text.printk   0x080090f8       0x1a zephyr/libzephyr.a(printk.c.obj)
                0x080090f8                printk
 .text.assert_post_action
                0x08009112       0x12 zephyr/libzephyr.a(assert.c.obj)
                0x08009112                assert_post_action
 .text.assert_print
                0x08009124       0x1a zephyr/libzephyr.a(assert.c.obj)
                0x08009124                assert_print
 .text._ConfigAbsSyms
                0x0800913e        0x2 zephyr/libzephyr.a(configs.c.obj)
                0x0800913e                _ConfigAbsSyms
 .text.stm32_gpioport_configure_pin
                0x08009140      0x12a zephyr/libzephyr.a(gpioport_mgr.c.obj)
                0x08009140                stm32_gpioport_configure_pin
 .text.arch_early_memset
                0x0800926a        0x4 zephyr/arch/common/libarch__common.a(init.c.obj)
                0x0800926a                arch_early_memset
 .text.arch_early_memcpy
                0x0800926e        0x4 zephyr/arch/common/libarch__common.a(init.c.obj)
                0x0800926e                arch_early_memcpy
 .text.z_do_kernel_oops
                0x08009272        0x8 zephyr/arch/arch/arm/core/libarch__arm__core.a(fatal.c.obj)
                0x08009272                z_do_kernel_oops
 .text.z_arm_nmi
                0x0800927a        0xe zephyr/arch/arch/arm/core/libarch__arm__core.a(nmi.c.obj)
                0x0800927a                z_arm_nmi
 .text.z_irq_spurious
                0x08009288        0x8 zephyr/arch/arch/arm/core/cortex_m/libarch__arm__core__cortex_m.a(irq_manage.c.obj)
                0x08009288                z_irq_spurious
 .text.arch_coprocessors_disable
                0x08009290        0x4 zephyr/arch/arch/arm/core/cortex_m/libarch__arm__core__cortex_m.a(thread.c.obj)
                0x08009290                arch_coprocessors_disable
 .text.arch_irq_unlock_outlined
                0x08009294        0xe zephyr/arch/arch/arm/core/cortex_m/libarch__arm__core__cortex_m.a(thread.c.obj)
                0x08009294                arch_irq_unlock_outlined
 .text.arch_cpu_idle
                0x080092a2       0x1a zephyr/arch/arch/arm/core/cortex_m/libarch__arm__core__cortex_m.a(cpu_idle.c.obj)
                0x080092a2                arch_cpu_idle
 .text.size_to_mpu_rasr_size
                0x080092bc       0x20 zephyr/arch/arch/arm/core/mpu/libarch__arm__core__mpu.a(arm_mpu.c.obj)
 .text.picolibc_put
                0x080092dc        0xa zephyr/lib/libc/picolibc/liblib__libc__picolibc.a(stdio.c.obj)
 .text.stm32_exti_gpio_intc_init
                0x080092e6       0x92 zephyr/drivers/interrupt_controller/libdrivers__interrupt_controller.a(intc_gpio_stm32.c.obj)
 .text.stm32_gpio_intc_get_pin_irq_line
                0x08009378        0xa zephyr/drivers/interrupt_controller/libdrivers__interrupt_controller.a(intc_gpio_stm32.c.obj)
                0x08009378                stm32_gpio_intc_get_pin_irq_line
 .text.stm32_exti_set_line_src_port
                0x08009382       0x36 zephyr/drivers/interrupt_controller/libdrivers__interrupt_controller.a(intc_gpio_stm32.c.obj)
                0x08009382                stm32_exti_set_line_src_port
 .text.stm32_clock_control_on
                0x080093b8       0x44 zephyr/drivers/clock_control/libdrivers__clock_control.a(clock_stm32_ll_common.c.obj)
 .text.stm32_clock_control_off
                0x080093fc       0x2c zephyr/drivers/clock_control/libdrivers__clock_control.a(clock_stm32_ll_common.c.obj)
 .text.stm32_clock_control_configure
                0x08009428       0x46 zephyr/drivers/clock_control/libdrivers__clock_control.a(clock_stm32_ll_common.c.obj)
 .text.stm32_clock_control_get_status
                0x0800946e       0x38 zephyr/drivers/clock_control/libdrivers__clock_control.a(clock_stm32_ll_common.c.obj)
 .text.config_regulator_voltage
                0x080094a6        0x2 zephyr/drivers/clock_control/libdrivers__clock_control.a(clock_stm32_ll_common.c.obj)
                0x080094a6                config_regulator_voltage
 .text.console_out
                0x080094a8       0x18 zephyr/drivers/console/libdrivers__console.a(uart_console.c.obj)
 .text.gpio_stm32_port_get_raw
                0x080094c0        0xc zephyr/drivers/gpio/libdrivers__gpio.a(gpio_stm32.c.obj)
 .text.gpio_stm32_port_set_masked_raw
                0x080094cc       0x12 zephyr/drivers/gpio/libdrivers__gpio.a(gpio_stm32.c.obj)
 .text.gpio_stm32_port_set_bits_raw
                0x080094de        0xa zephyr/drivers/gpio/libdrivers__gpio.a(gpio_stm32.c.obj)
 .text.gpio_stm32_port_clear_bits_raw
                0x080094e8        0xc zephyr/drivers/gpio/libdrivers__gpio.a(gpio_stm32.c.obj)
 .text.gpio_stm32_port_toggle_bits
                0x080094f4        0xe zephyr/drivers/gpio/libdrivers__gpio.a(gpio_stm32.c.obj)
 .text.gpio_stm32_config
                0x08009502       0x96 zephyr/drivers/gpio/libdrivers__gpio.a(gpio_stm32.c.obj)
 .text.i2c_stm32_get_config
                0x08009598       0x16 zephyr/drivers/i2c/libdrivers__i2c.a(i2c_stm32.c.obj)
                0x08009598                i2c_stm32_get_config
 .text.i2c_stm32_irq_config_func_0
                0x080095ae       0x26 zephyr/drivers/i2c/libdrivers__i2c.a(i2c_stm32.c.obj)
 .text.i2c_stm32_irq_config_func_1
                0x080095d4       0x26 zephyr/drivers/i2c/libdrivers__i2c.a(i2c_stm32.c.obj)
 .text.i2c_stm32_irq_config_func_2
                0x080095fa       0x26 zephyr/drivers/i2c/libdrivers__i2c.a(i2c_stm32.c.obj)
 .text.i2c_stm32_transfer
                0x08009620       0x8e zephyr/drivers/i2c/libdrivers__i2c.a(i2c_stm32.c.obj)
 .text.i2c_stm32_set_smbus_mode
                0x080096ae       0x16 zephyr/drivers/i2c/libdrivers__i2c.a(i2c_stm32.c.obj)
                0x080096ae                i2c_stm32_set_smbus_mode
 .text.i2c_stm32_event_isr
                0x080096c4        0x4 zephyr/drivers/i2c/libdrivers__i2c.a(i2c_stm32_common.c.obj)
                0x080096c4                i2c_stm32_event_isr
 .text.i2c_stm32_error_isr
                0x080096c8        0x4 zephyr/drivers/i2c/libdrivers__i2c.a(i2c_stm32_common.c.obj)
                0x080096c8                i2c_stm32_error_isr
 .text.i2c_stm32_disable_transfer_interrupts
                0x080096cc       0x36 zephyr/drivers/i2c/libdrivers__i2c.a(i2c_stm32_v1.c.obj)
 .text.i2c_stm32_reset
                0x08009702       0x5a zephyr/drivers/i2c/libdrivers__i2c.a(i2c_stm32_v1.c.obj)
 .text.i2c_stm32_controller_finish
                0x0800975c       0x1c zephyr/drivers/i2c/libdrivers__i2c.a(i2c_stm32_v1.c.obj)
 .text.handle_txe
                0x08009778       0x52 zephyr/drivers/i2c/libdrivers__i2c.a(i2c_stm32_v1.c.obj)
 .text.msg_end.isra.0
                0x080097ca       0x42 zephyr/drivers/i2c/libdrivers__i2c.a(i2c_stm32_v1.c.obj)
 .text.i2c_stm32_enable_transfer_interrupts.isra.0
                0x0800980c       0x1c zephyr/drivers/i2c/libdrivers__i2c.a(i2c_stm32_v1.c.obj)
 .text.msg_init.isra.0
                0x08009828       0x72 zephyr/drivers/i2c/libdrivers__i2c.a(i2c_stm32_v1.c.obj)
 .text.handle_rxne
                0x0800989a       0x9c zephyr/drivers/i2c/libdrivers__i2c.a(i2c_stm32_v1.c.obj)
 .text.i2c_stm32_event
                0x08009936      0x1b6 zephyr/drivers/i2c/libdrivers__i2c.a(i2c_stm32_v1.c.obj)
                0x08009936                i2c_stm32_event
 .text.i2c_stm32_error
                0x08009aec       0x6a zephyr/drivers/i2c/libdrivers__i2c.a(i2c_stm32_v1.c.obj)
                0x08009aec                i2c_stm32_error
 .text.i2c_stm32_transaction
                0x08009b56       0x74 zephyr/drivers/i2c/libdrivers__i2c.a(i2c_stm32_v1.c.obj)
                0x08009b56                i2c_stm32_transaction
 .text.pinctrl_lookup_state
                0x08009bca       0x26 zephyr/drivers/pinctrl/libdrivers__pinctrl.a(common.c.obj)
                0x08009bca                pinctrl_lookup_state
 .text.pinctrl_configure_pins
                0x08009bf0       0x38 zephyr/drivers/pinctrl/libdrivers__pinctrl.a(pinctrl_stm32.c.obj)
                0x08009bf0                pinctrl_configure_pins
 .text.LL_TIM_OC_SetCompareCH1
                0x08009c28        0x4 zephyr/drivers/pwm/libdrivers__pwm.a(pwm_stm32.c.obj)
 .text.LL_TIM_OC_SetCompareCH2
                0x08009c2c        0x4 zephyr/drivers/pwm/libdrivers__pwm.a(pwm_stm32.c.obj)
 .text.LL_TIM_OC_SetCompareCH3
                0x08009c30        0x4 zephyr/drivers/pwm/libdrivers__pwm.a(pwm_stm32.c.obj)
 .text.LL_TIM_OC_SetCompareCH4
                0x08009c34        0x4 zephyr/drivers/pwm/libdrivers__pwm.a(pwm_stm32.c.obj)
 .text.pwm_stm32_get_cycles_per_sec
                0x08009c38       0x16 zephyr/drivers/pwm/libdrivers__pwm.a(pwm_stm32.c.obj)
 .text.reset_stm32_status
                0x08009c4e       0x20 zephyr/drivers/reset/libdrivers__reset.a(reset_stm32.c.obj)
 .text.reset_stm32_line_assert
                0x08009c6e       0x1c zephyr/drivers/reset/libdrivers__reset.a(reset_stm32.c.obj)
 .text.reset_stm32_line_deassert
                0x08009c8a       0x1e zephyr/drivers/reset/libdrivers__reset.a(reset_stm32.c.obj)
 .text.reset_stm32_line_toggle
                0x08009ca8       0x16 zephyr/drivers/reset/libdrivers__reset.a(reset_stm32.c.obj)
 .text.i2c_reg_update_byte.constprop.0
                0x08009cbe       0x7a zephyr/drivers/sensor/st/lps22hb/libdrivers__sensor__st__lps22hb.a(lps22hb.c.obj)
 .text.lps22hb_init
                0x08009d38       0x84 zephyr/drivers/sensor/st/lps22hb/libdrivers__sensor__st__lps22hb.a(lps22hb.c.obj)
 .text.qdec_stm32_fetch
                0x08009dbc       0x38 zephyr/drivers/sensor/st/qdec_stm32/libdrivers__sensor__st__qdec_stm32.a(qdec_stm32.c.obj)
 .text.qdec_stm32_get
                0x08009df4       0x30 zephyr/drivers/sensor/st/qdec_stm32/libdrivers__sensor__st__qdec_stm32.a(qdec_stm32.c.obj)
 .text.LL_USART_ClearFlag_PE
                0x08009e24       0x12 zephyr/drivers/serial/libdrivers__serial.a(uart_stm32.c.obj)
 .text.uart_stm32_err_check
                0x08009e36       0x5e zephyr/drivers/serial/libdrivers__serial.a(uart_stm32.c.obj)
 .text.uart_stm32_poll_in
                0x08009e94       0x22 zephyr/drivers/serial/libdrivers__serial.a(uart_stm32.c.obj)
 .text.uart_stm32_poll_out
                0x08009eb6       0x36 zephyr/drivers/serial/libdrivers__serial.a(uart_stm32.c.obj)
 .text.uart_stm32_config_get
                0x08009eec       0x8e zephyr/drivers/serial/libdrivers__serial.a(uart_stm32.c.obj)
 .text.z_impl_k_busy_wait
                0x08009f7a       0x1c zephyr/kernel/libkernel.a(busy_wait.c.obj)
                0x08009f7a                z_impl_k_busy_wait
 .text.z_impl_device_is_ready
                0x08009f96       0x16 zephyr/kernel/libkernel.a(device.c.obj)
                0x08009f96                z_impl_device_is_ready
 .text.arch_system_halt
                0x08009fac       0x10 zephyr/kernel/libkernel.a(fatal.c.obj)
                0x08009fac                arch_system_halt
 .text.k_sys_fatal_error_handler
                0x08009fbc        0x6 zephyr/kernel/libkernel.a(fatal.c.obj)
                0x08009fbc                k_sys_fatal_error_handler
 .text.adjust_owner_prio.isra.0
                0x08009fc2       0x10 zephyr/kernel/libkernel.a(mutex.c.obj)
 .text.z_impl_k_sem_init
                0x08009fd2       0x18 zephyr/kernel/libkernel.a(sem.c.obj)
                0x08009fd2                z_impl_k_sem_init
 .text.sys_dlist_remove
                0x08009fea       0x10 zephyr/kernel/libkernel.a(sched.c.obj)
 .text.add_to_waitq_locked
                0x08009ffa       0x4c zephyr/kernel/libkernel.a(sched.c.obj)
 .text.z_sched_ready_locked
                0x0800a046        0x4 zephyr/kernel/libkernel.a(sched.c.obj)
                0x0800a046                z_sched_ready_locked
 .text.z_sched_unready_locked
                0x0800a04a        0x4 zephyr/kernel/libkernel.a(sched.c.obj)
                0x0800a04a                z_sched_unready_locked
 .text.z_sched_wake_thread_locked
                0x0800a04e       0x28 zephyr/kernel/libkernel.a(sched.c.obj)
                0x0800a04e                z_sched_wake_thread_locked
 .text.z_reschedule
                0x0800a076        0x4 zephyr/kernel/libkernel.a(sched.c.obj)
                0x0800a076                z_reschedule
 .text.next_timeout
                0x0800a07a       0x2e zephyr/kernel/libkernel.a(timeout.c.obj)
 .text.sys_clock_is_locked
                0x0800a0a8        0xc zephyr/kernel/libkernel.a(timeout.c.obj)
                0x0800a0a8                sys_clock_is_locked
 .text.sys_clock_tick_get_32
                0x0800a0b4        0x8 zephyr/kernel/libkernel.a(timeout.c.obj)
                0x0800a0b4                sys_clock_tick_get_32
 .text.z_impl_k_uptime_ticks
                0x0800a0bc        0x4 zephyr/kernel/libkernel.a(timeout.c.obj)
                0x0800a0bc                z_impl_k_uptime_ticks
 .text._ZdlPvj  0x0800a0c0        0x4 /home/thanga-inc-5829/zephyr-sdk-1.0.1/gnu/arm-zephyr-eabi/bin/../lib/gcc/arm-zephyr-eabi/14.3.0/../../../../arm-zephyr-eabi/lib/thumb/v7e-m+fp/hard/space/libstdc++.a(del_ops.o)
                0x0800a0c0                operator delete(void*, unsigned int)
 .text.__cxa_guard_acquire
                0x0800a0c4       0x18 /home/thanga-inc-5829/zephyr-sdk-1.0.1/gnu/arm-zephyr-eabi/bin/../lib/gcc/arm-zephyr-eabi/14.3.0/../../../../arm-zephyr-eabi/lib/thumb/v7e-m+fp/hard/space/libstdc++.a(guard.o)
                0x0800a0c4                __cxa_guard_acquire
 .text.__cxa_guard_release
                0x0800a0dc        0x6 /home/thanga-inc-5829/zephyr-sdk-1.0.1/gnu/arm-zephyr-eabi/bin/../lib/gcc/arm-zephyr-eabi/14.3.0/../../../../arm-zephyr-eabi/lib/thumb/v7e-m+fp/hard/space/libstdc++.a(guard.o)
                0x0800a0dc                __cxa_guard_release
 .text._ZdlPv   0x0800a0e2        0x4 /home/thanga-inc-5829/zephyr-sdk-1.0.1/gnu/arm-zephyr-eabi/bin/../lib/gcc/arm-zephyr-eabi/14.3.0/../../../../arm-zephyr-eabi/lib/thumb/v7e-m+fp/hard/space/libstdc++.a(del_op.o)
                0x0800a0e2                operator delete(void*)
 .text.memcpy   0x0800a0e6       0x1c /home/thanga-inc-5829/zephyr-sdk-1.0.1/gnu/arm-zephyr-eabi/bin/../lib/gcc/arm-zephyr-eabi/14.3.0/../../../../arm-zephyr-eabi/lib/thumb/v7e-m+fp/hard/space/libc.a(memcpy.c.o)
                0x0800a0e6                memcpy
                0x0800a0e6                __aeabi_memcpy
                0x0800a0e6                __aeabi_memcpy4
                0x0800a0e6                __aeabi_memcpy8
 .text.memset   0x0800a102       0x10 /home/thanga-inc-5829/zephyr-sdk-1.0.1/gnu/arm-zephyr-eabi/bin/../lib/gcc/arm-zephyr-eabi/14.3.0/../../../../arm-zephyr-eabi/lib/thumb/v7e-m+fp/hard/space/libc.a(memset.c.o)
                0x0800a102                memset
 .text.atof     0x0800a112        0x6 /home/thanga-inc-5829/zephyr-sdk-1.0.1/gnu/arm-zephyr-eabi/bin/../lib/gcc/arm-zephyr-eabi/14.3.0/../../../../arm-zephyr-eabi/lib/thumb/v7e-m+fp/hard/space/libc.a(libc_stdlib_atof.c.o)
                0x0800a112                atof
 .text.strchr   0x0800a118       0x1a /home/thanga-inc-5829/zephyr-sdk-1.0.1/gnu/arm-zephyr-eabi/bin/../lib/gcc/arm-zephyr-eabi/14.3.0/../../../../arm-zephyr-eabi/lib/thumb/v7e-m+fp/hard/space/libc.a(libc_string_strchr.c.o)
                0x0800a118                strchr
 .text.strncmp  0x0800a132       0x24 /home/thanga-inc-5829/zephyr-sdk-1.0.1/gnu/arm-zephyr-eabi/bin/../lib/gcc/arm-zephyr-eabi/14.3.0/../../../../arm-zephyr-eabi/lib/thumb/v7e-m+fp/hard/space/libc.a(libc_string_strncmp.c.o)
                0x0800a132                strncmp
 .text.strnlen  0x0800a156       0x18 /home/thanga-inc-5829/zephyr-sdk-1.0.1/gnu/arm-zephyr-eabi/bin/../lib/gcc/arm-zephyr-eabi/14.3.0/../../../../arm-zephyr-eabi/lib/thumb/v7e-m+fp/hard/space/libc.a(libc_string_strnlen.c.o)
                0x0800a156                strnlen
 .text.__ultoa_invert
                0x0800a16e       0x4e /home/thanga-inc-5829/zephyr-sdk-1.0.1/gnu/arm-zephyr-eabi/bin/../lib/gcc/arm-zephyr-eabi/14.3.0/../../../../arm-zephyr-eabi/lib/thumb/v7e-m+fp/hard/space/libc.a(libc_tinystdio_vfprintf.c.o)
 .text.scanf_getc
                0x0800a1bc       0x14 /home/thanga-inc-5829/zephyr-sdk-1.0.1/gnu/arm-zephyr-eabi/bin/../lib/gcc/arm-zephyr-eabi/14.3.0/../../../../arm-zephyr-eabi/lib/thumb/v7e-m+fp/hard/space/libc.a(libc_tinystdio_vfscanf.c.o)
 .text.scanf_ungetc
                0x0800a1d0       0x10 /home/thanga-inc-5829/zephyr-sdk-1.0.1/gnu/arm-zephyr-eabi/bin/../lib/gcc/arm-zephyr-eabi/14.3.0/../../../../arm-zephyr-eabi/lib/thumb/v7e-m+fp/hard/space/libc.a(libc_tinystdio_vfscanf.c.o)
 .text.skip_spaces
                0x0800a1e0       0x2a /home/thanga-inc-5829/zephyr-sdk-1.0.1/gnu/arm-zephyr-eabi/bin/../lib/gcc/arm-zephyr-eabi/14.3.0/../../../../arm-zephyr-eabi/lib/thumb/v7e-m+fp/hard/space/libc.a(libc_tinystdio_vfscanf.c.o)
 .text.putval   0x0800a20a       0x2c /home/thanga-inc-5829/zephyr-sdk-1.0.1/gnu/arm-zephyr-eabi/bin/../lib/gcc/arm-zephyr-eabi/14.3.0/../../../../arm-zephyr-eabi/lib/thumb/v7e-m+fp/hard/space/libc.a(libc_tinystdio_vfscanf.c.o)
 .text.mulShift64
                0x0800a236       0x62 /home/thanga-inc-5829/zephyr-sdk-1.0.1/gnu/arm-zephyr-eabi/bin/../lib/gcc/arm-zephyr-eabi/14.3.0/../../../../arm-zephyr-eabi/lib/thumb/v7e-m+fp/hard/space/libc.a(libc_tinystdio_atod_ryu.c.o)
 .text.__atof_engine
                0x0800a298      0x112 /home/thanga-inc-5829/zephyr-sdk-1.0.1/gnu/arm-zephyr-eabi/bin/../lib/gcc/arm-zephyr-eabi/14.3.0/../../../../arm-zephyr-eabi/lib/thumb/v7e-m+fp/hard/space/libc.a(libc_tinystdio_atof_ryu.c.o)
                0x0800a298                __atof_engine
 .text.mulShiftAll64
                0x0800a3aa      0x170 /home/thanga-inc-5829/zephyr-sdk-1.0.1/gnu/arm-zephyr-eabi/bin/../lib/gcc/arm-zephyr-eabi/14.3.0/../../../../arm-zephyr-eabi/lib/thumb/v7e-m+fp/hard/space/libc.a(libc_tinystdio_dtoa_ryu.c.o)
 .text.mulShift32
                0x0800a51a       0x2e /home/thanga-inc-5829/zephyr-sdk-1.0.1/gnu/arm-zephyr-eabi/bin/../lib/gcc/arm-zephyr-eabi/14.3.0/../../../../arm-zephyr-eabi/lib/thumb/v7e-m+fp/hard/space/libc.a(libc_tinystdio_ryu_divpow2.c.o)
 .text.__mulPow5InvDivPow2
                0x0800a548       0x26 /home/thanga-inc-5829/zephyr-sdk-1.0.1/gnu/arm-zephyr-eabi/bin/../lib/gcc/arm-zephyr-eabi/14.3.0/../../../../arm-zephyr-eabi/lib/thumb/v7e-m+fp/hard/space/libc.a(libc_tinystdio_ryu_divpow2.c.o)
                0x0800a548                __mulPow5InvDivPow2
 .text.__mulPow5divPow2
                0x0800a56e       0x20 /home/thanga-inc-5829/zephyr-sdk-1.0.1/gnu/arm-zephyr-eabi/bin/../lib/gcc/arm-zephyr-eabi/14.3.0/../../../../arm-zephyr-eabi/lib/thumb/v7e-m+fp/hard/space/libc.a(libc_tinystdio_ryu_divpow2.c.o)
                0x0800a56e                __mulPow5divPow2
 .text.__umul128
                0x0800a58e       0x2e /home/thanga-inc-5829/zephyr-sdk-1.0.1/gnu/arm-zephyr-eabi/bin/../lib/gcc/arm-zephyr-eabi/14.3.0/../../../../arm-zephyr-eabi/lib/thumb/v7e-m+fp/hard/space/libc.a(libc_tinystdio_ryu_umul128.c.o)
                0x0800a58e                __umul128
 .text.__shiftright128
                0x0800a5bc       0x3e /home/thanga-inc-5829/zephyr-sdk-1.0.1/gnu/arm-zephyr-eabi/bin/../lib/gcc/arm-zephyr-eabi/14.3.0/../../../../arm-zephyr-eabi/lib/thumb/v7e-m+fp/hard/space/libc.a(libc_tinystdio_ryu_umul128.c.o)
                0x0800a5bc                __shiftright128
 .text.isnan    0x0800a5fa       0x1e /home/thanga-inc-5829/zephyr-sdk-1.0.1/gnu/arm-zephyr-eabi/bin/../lib/gcc/arm-zephyr-eabi/14.3.0/../../../../arm-zephyr-eabi/lib/thumb/v7e-m+fp/hard/space/libc.a(libm_common_s_isnan.c.o)
                0x0800a5fa                __isnanl
                0x0800a5fa                isnan
                0x0800a5fa                isnanl
                0x0800a5fa                __isnand
 .text.__dtox_engine
                0x0800a618      0x10c /home/thanga-inc-5829/zephyr-sdk-1.0.1/gnu/arm-zephyr-eabi/bin/../lib/gcc/arm-zephyr-eabi/14.3.0/../../../../arm-zephyr-eabi/lib/thumb/v7e-m+fp/hard/space/libc.a(libc_tinystdio_dtox_engine.c.o)
                0x0800a618                __dtox_engine
 .text.getc     0x0800a724       0x46 /home/thanga-inc-5829/zephyr-sdk-1.0.1/gnu/arm-zephyr-eabi/bin/../lib/gcc/arm-zephyr-eabi/14.3.0/../../../../arm-zephyr-eabi/lib/thumb/v7e-m+fp/hard/space/libc.a(libc_tinystdio_fgetc.c.o)
                0x0800a724                getc_unlocked
                0x0800a724                getc
                0x0800a724                fgetc
 .text.__file_str_get
                0x0800a76a       0x14 /home/thanga-inc-5829/zephyr-sdk-1.0.1/gnu/arm-zephyr-eabi/bin/../lib/gcc/arm-zephyr-eabi/14.3.0/../../../../arm-zephyr-eabi/lib/thumb/v7e-m+fp/hard/space/libc.a(libc_tinystdio_filestrget.c.o)
                0x0800a76a                __file_str_get
 .text.ungetc   0x0800a77e       0x3a /home/thanga-inc-5829/zephyr-sdk-1.0.1/gnu/arm-zephyr-eabi/bin/../lib/gcc/arm-zephyr-eabi/14.3.0/../../../../arm-zephyr-eabi/lib/thumb/v7e-m+fp/hard/space/libc.a(libc_tinystdio_ungetc.c.o)
                0x0800a77e                ungetc
 *(SORT_BY_ALIGNMENT(.gnu.linkonce.t.*))
 *(SORT_BY_ALIGNMENT(.glue_7t))
 .glue_7t       0x0800a7b8        0x0 linker stubs
 *(SORT_BY_ALIGNMENT(.glue_7))
 .glue_7        0x0800a7b8        0x0 linker stubs
 *(SORT_BY_ALIGNMENT(.vfp11_veneer))
 .vfp11_veneer  0x0800a7b8        0x0 linker stubs
 *(SORT_BY_ALIGNMENT(.v4_bx))
 .v4_bx         0x0800a7b8        0x0 linker stubs
                0x0800a7b8                        . = ALIGN (0x4)
                0x0800a7b8                        __text_region_end = .

.ARM.extab
 *(SORT_BY_ALIGNMENT(.ARM.extab*) SORT_BY_ALIGNMENT(.gnu.linkonce.armextab.*))

.ARM.exidx      0x0800a7b8        0x8
                0x0800a7b8                        __exidx_start = .
 *(SORT_BY_ALIGNMENT(.ARM.exidx*) SORT_BY_ALIGNMENT(gnu.linkonce.armexidx.*))
 .ARM.exidx     0x0800a7b8        0x8 /home/thanga-inc-5829/zephyr-sdk-1.0.1/gnu/arm-zephyr-eabi/bin/../lib/gcc/arm-zephyr-eabi/14.3.0/thumb/v7e-m+fp/hard/space/libgcc.a(_udivmoddi4.o)
                0x0800a7c0                        __exidx_end = .
                0x0800a7c0                        __rodata_region_start = .

initlevel       0x0800a7c0       0xd0
                0x0800a7c0                        __init_start = .
                0x0800a7c0                        __init_EARLY_start = .
 *(SORT_BY_NAME(SORT_BY_ALIGNMENT(.z_init_EARLY_P_?_*)))
 *(SORT_BY_NAME(SORT_BY_ALIGNMENT(.z_init_EARLY_P_??_*)))
 *(SORT_BY_NAME(SORT_BY_ALIGNMENT(.z_init_EARLY_P_???_*)))
                0x0800a7c0                        __init_PRE_KERNEL_1_start = .
 *(SORT_BY_NAME(SORT_BY_ALIGNMENT(.z_init_PRE_KERNEL_1_P_?_*)))
 .z_init_PRE_KERNEL_1_P_1_SUB_00009_
                0x0800a7c0        0x8 zephyr/drivers/clock_control/libdrivers__clock_control.a(clock_stm32_ll_common.c.obj)
 .z_init_PRE_KERNEL_1_P_1_SUB_0_
                0x0800a7c8        0x8 zephyr/libzephyr.a(soc_config.c.obj)
 *(SORT_BY_NAME(SORT_BY_ALIGNMENT(.z_init_PRE_KERNEL_1_P_??_*)))
 .z_init_PRE_KERNEL_1_P_35_SUB_00060_
                0x0800a7d0        0x8 zephyr/drivers/reset/libdrivers__reset.a(reset_stm32.c.obj)
 .z_init_PRE_KERNEL_1_P_40_SUB_00045_
                0x0800a7d8        0x8 zephyr/libzephyr.a(gpioport_mgr.c.obj)
 .z_init_PRE_KERNEL_1_P_40_SUB_00048_
                0x0800a7e0        0x8 zephyr/libzephyr.a(gpioport_mgr.c.obj)
 .z_init_PRE_KERNEL_1_P_40_SUB_00084_
                0x0800a7e8        0x8 zephyr/drivers/interrupt_controller/libdrivers__interrupt_controller.a(intc_exti_stm32.c.obj)
 .z_init_PRE_KERNEL_1_P_40_SUB_00125_
                0x0800a7f0        0x8 zephyr/libzephyr.a(gpioport_mgr.c.obj)
 .z_init_PRE_KERNEL_1_P_40_SUB_00126_
                0x0800a7f8        0x8 zephyr/libzephyr.a(gpioport_mgr.c.obj)
 .z_init_PRE_KERNEL_1_P_40_SUB_00127_
                0x0800a800        0x8 zephyr/libzephyr.a(gpioport_mgr.c.obj)
 .z_init_PRE_KERNEL_1_P_40_SUB_00128_
                0x0800a808        0x8 zephyr/libzephyr.a(gpioport_mgr.c.obj)
 .z_init_PRE_KERNEL_1_P_40_SUB_00129_
                0x0800a810        0x8 zephyr/libzephyr.a(gpioport_mgr.c.obj)
 .z_init_PRE_KERNEL_1_P_40_SUB_00130_
                0x0800a818        0x8 zephyr/libzephyr.a(gpioport_mgr.c.obj)
 .z_init_PRE_KERNEL_1_P_40_SUB_0_
                0x0800a820        0x8 zephyr/drivers/interrupt_controller/libdrivers__interrupt_controller.a(intc_gpio_stm32.c.obj)
 .z_init_PRE_KERNEL_1_P_50_SUB_00091_
                0x0800a828        0x8 zephyr/drivers/serial/libdrivers__serial.a(uart_stm32.c.obj)
 .z_init_PRE_KERNEL_1_P_50_SUB_00097_
                0x0800a830        0x8 zephyr/drivers/serial/libdrivers__serial.a(uart_stm32.c.obj)
 .z_init_PRE_KERNEL_1_P_60_SUB_0_
                0x0800a838        0x8 zephyr/drivers/console/libdrivers__console.a(uart_console.c.obj)
 .z_init_PRE_KERNEL_1_P_90_SUB_00085_
                0x0800a840        0x8 zephyr/libzephyr.a(stm32_backup_sram.c.obj)
 *(SORT_BY_NAME(SORT_BY_ALIGNMENT(.z_init_PRE_KERNEL_1_P_???_*)))
                0x0800a848                        __init_PRE_KERNEL_2_start = .
 *(SORT_BY_NAME(SORT_BY_ALIGNMENT(.z_init_PRE_KERNEL_2_P_?_*)))
 .z_init_PRE_KERNEL_2_P_0_SUB_0_
                0x0800a848        0x8 zephyr/drivers/timer/libdrivers__timer.a(cortex_m_systick.c.obj)
 *(SORT_BY_NAME(SORT_BY_ALIGNMENT(.z_init_PRE_KERNEL_2_P_??_*)))
 *(SORT_BY_NAME(SORT_BY_ALIGNMENT(.z_init_PRE_KERNEL_2_P_???_*)))
                0x0800a850                        __init_POST_KERNEL_start = .
 *(SORT_BY_NAME(SORT_BY_ALIGNMENT(.z_init_POST_KERNEL_P_?_*)))
 *(SORT_BY_NAME(SORT_BY_ALIGNMENT(.z_init_POST_KERNEL_P_??_*)))
 .z_init_POST_KERNEL_P_35_SUB_0_
                0x0800a850        0x8 zephyr/lib/libc/common/liblib__libc__common.a(malloc.c.obj)
 .z_init_POST_KERNEL_P_50_SUB_00021_
                0x0800a858        0x8 zephyr/drivers/i2c/libdrivers__i2c.a(i2c_stm32.c.obj)
 .z_init_POST_KERNEL_P_50_SUB_00025_
                0x0800a860        0x8 zephyr/drivers/i2c/libdrivers__i2c.a(i2c_stm32.c.obj)
 .z_init_POST_KERNEL_P_50_SUB_00029_
                0x0800a868        0x8 zephyr/drivers/i2c/libdrivers__i2c.a(i2c_stm32.c.obj)
 .z_init_POST_KERNEL_P_50_SUB_00063_
                0x0800a870        0x8 zephyr/drivers/pwm/libdrivers__pwm.a(pwm_stm32.c.obj)
 .z_init_POST_KERNEL_P_90_SUB_00122_
                0x0800a878        0x8 zephyr/drivers/sensor/st/lps22hb/libdrivers__sensor__st__lps22hb.a(lps22hb.c.obj)
 .z_init_POST_KERNEL_P_90_SUB_00145_
                0x0800a880        0x8 zephyr/drivers/sensor/st/qdec_stm32/libdrivers__sensor__st__qdec_stm32.a(qdec_stm32.c.obj)
 *(SORT_BY_NAME(SORT_BY_ALIGNMENT(.z_init_POST_KERNEL_P_???_*)))
                0x0800a888                        __init_APPLICATION_start = .
 *(SORT_BY_NAME(SORT_BY_ALIGNMENT(.z_init_APPLICATION_P_?_*)))
 .z_init_APPLICATION_P_0_SUB_0_
                0x0800a888        0x8 zephyr/libzephyr.a(boot_banner.c.obj)
 *(SORT_BY_NAME(SORT_BY_ALIGNMENT(.z_init_APPLICATION_P_??_*)))
 *(SORT_BY_NAME(SORT_BY_ALIGNMENT(.z_init_APPLICATION_P_???_*)))
                0x0800a890                        __init_SMP_start = .
 *(SORT_BY_NAME(SORT_BY_ALIGNMENT(.z_init_SMP_P_?_*)))
 *(SORT_BY_NAME(SORT_BY_ALIGNMENT(.z_init_SMP_P_??_*)))
 *(SORT_BY_NAME(SORT_BY_ALIGNMENT(.z_init_SMP_P_???_*)))
                0x0800a890                        __init_end = .

device_area     0x0800a890      0x230
                0x0800a890                        _device_list_start = .
 *(SORT_BY_NAME(SORT_BY_ALIGNMENT(._device.static.*_?_*)))
 ._device.static.1_1_
                0x0800a890       0x1c zephyr/drivers/clock_control/libdrivers__clock_control.a(clock_stm32_ll_common.c.obj)
                0x0800a890                __device_dts_ord_9
 *(SORT_BY_NAME(SORT_BY_ALIGNMENT(._device.static.*_??_*)))
 ._device.static.1_35_
                0x0800a8ac       0x1c zephyr/drivers/reset/libdrivers__reset.a(reset_stm32.c.obj)
                0x0800a8ac                __device_dts_ord_60
 ._device.static.1_40_
                0x0800a8c8       0xe0 zephyr/libzephyr.a(gpioport_mgr.c.obj)
                0x0800a8c8                __device_dts_ord_130
                0x0800a8e4                __device_dts_ord_129
                0x0800a900                __device_dts_ord_128
                0x0800a91c                __device_dts_ord_127
                0x0800a938                __device_dts_ord_126
                0x0800a954                __device_dts_ord_45
                0x0800a970                __device_dts_ord_125
                0x0800a98c                __device_dts_ord_48
 ._device.static.1_40_
                0x0800a9a8       0x1c zephyr/drivers/interrupt_controller/libdrivers__interrupt_controller.a(intc_exti_stm32.c.obj)
                0x0800a9a8                __device_dts_ord_84
 ._device.static.1_50_
                0x0800a9c4       0x38 zephyr/drivers/serial/libdrivers__serial.a(uart_stm32.c.obj)
                0x0800a9c4                __device_dts_ord_91
                0x0800a9e0                __device_dts_ord_97
 ._device.static.1_90_
                0x0800a9fc       0x1c zephyr/libzephyr.a(stm32_backup_sram.c.obj)
                0x0800a9fc                __device_dts_ord_85
 ._device.static.3_50_
                0x0800aa18       0x54 zephyr/drivers/i2c/libdrivers__i2c.a(i2c_stm32.c.obj)
                0x0800aa18                __device_dts_ord_29
                0x0800aa34                __device_dts_ord_25
                0x0800aa50                __device_dts_ord_21
 ._device.static.3_50_
                0x0800aa6c       0x1c zephyr/drivers/pwm/libdrivers__pwm.a(pwm_stm32.c.obj)
                0x0800aa6c                __device_dts_ord_63
 ._device.static.3_90_
                0x0800aa88       0x1c zephyr/drivers/sensor/st/lps22hb/libdrivers__sensor__st__lps22hb.a(lps22hb.c.obj)
                0x0800aa88                __device_dts_ord_122
 ._device.static.3_90_
                0x0800aaa4       0x1c zephyr/drivers/sensor/st/qdec_stm32/libdrivers__sensor__st__qdec_stm32.a(qdec_stm32.c.obj)
                0x0800aaa4                __device_dts_ord_145
 *(SORT_BY_NAME(SORT_BY_ALIGNMENT(._device.static.*_???_*)))
 *(SORT_BY_NAME(SORT_BY_ALIGNMENT(._device.static.*_????_*)))
 *(SORT_BY_NAME(SORT_BY_ALIGNMENT(._device.static.*_?????_*)))
                0x0800aac0                        _device_list_end = .

sw_isr_table    0x0800aac0      0x250
                0x0800aac0                        . = ALIGN (0x4)
 *(SORT_BY_ALIGNMENT(.gnu.linkonce.sw_isr_table*))
 .gnu.linkonce.sw_isr_table
                0x0800aac0      0x250 zephyr/CMakeFiles/zephyr_final.dir/isr_tables.c.obj
                0x0800aac0                _sw_isr_table

initlevel_error
 *(SORT_BY_NAME(SORT_BY_ALIGNMENT(.z_init_*)))
                0x00000001                        ASSERT ((SIZEOF (initlevel_error) == 0x0), Undefined initialization levels used.)

app_shmem_regions
                0x0800ad10        0x0
                0x0800ad10                        __app_shmem_regions_start = .
 *(SORT_BY_NAME(SORT_BY_ALIGNMENT(.app_regions.*)))
                0x0800ad10                        __app_shmem_regions_end = .

k_p4wq_initparam_area
                0x0800ad10        0x0
                0x0800ad10                        _k_p4wq_initparam_list_start = .
 *(SORT_BY_NAME(SORT_BY_ALIGNMENT(._k_p4wq_initparam.static.*)))
                0x0800ad10                        _k_p4wq_initparam_list_end = .

_static_thread_data_area
                0x0800ad10        0x0
                0x0800ad10                        __static_thread_data_list_start = .
 *(SORT_BY_NAME(SORT_BY_ALIGNMENT(.__static_thread_data.static.*)))
                0x0800ad10                        __static_thread_data_list_end = .

device_deps     0x0800ad10        0x0
                0x0800ad10                        __device_deps_start = .
 *(SORT_BY_NAME(SORT_BY_ALIGNMENT(.__device_deps_pass2*)))
                0x0800ad10                        __device_deps_end = .

device_api_area
                0x0800ad10       0xbc
                0x0800ad10                        _gpio_driver_api_list_start = .
 *(SORT_BY_NAME(SORT_BY_ALIGNMENT(._gpio_driver_api.static.*)))
 ._gpio_driver_api.static.gpio_stm32_driver_
                0x0800ad10       0x24 zephyr/drivers/gpio/libdrivers__gpio.a(gpio_stm32.c.obj)
                0x0800ad10                gpio_stm32_driver
                0x0800ad34                        _gpio_driver_api_list_end = .
                0x0800ad34                        _gpio_driver_api_ext_end = .
                0x0800ad34                        _i2c_driver_api_list_start = .
 *(SORT_BY_NAME(SORT_BY_ALIGNMENT(._i2c_driver_api.static.*)))
 ._i2c_driver_api.static.api_funcs_
                0x0800ad34       0x18 zephyr/drivers/i2c/libdrivers__i2c.a(i2c_stm32.c.obj)
                0x0800ad4c                        _i2c_driver_api_list_end = .
                0x0800ad4c                        _i3c_driver_api_list_start = .
 *(SORT_BY_NAME(SORT_BY_ALIGNMENT(._i3c_driver_api.static.*)))
                0x0800ad4c                        _i3c_driver_api_list_end = .
                0x0800ad4c                        _i3c_driver_api_ext_end = .
                0x0800ad4c                        _i2c_driver_api_ext_end = .
                0x0800ad4c                        _i2c_target_driver_api_list_start = .
 *(SORT_BY_NAME(SORT_BY_ALIGNMENT(._i2c_target_driver_api.static.*)))
                0x0800ad4c                        _i2c_target_driver_api_list_end = .
                0x0800ad4c                        _i2c_target_driver_api_ext_end = .
                0x0800ad4c                        _pwm_driver_api_list_start = .
 *(SORT_BY_NAME(SORT_BY_ALIGNMENT(._pwm_driver_api.static.*)))
 ._pwm_driver_api.static.pwm_stm32_driver_api_
                0x0800ad4c        0x8 zephyr/drivers/pwm/libdrivers__pwm.a(pwm_stm32.c.obj)
                0x0800ad54                        _pwm_driver_api_list_end = .
                0x0800ad54                        _pwm_driver_api_ext_end = .
                0x0800ad54                        _reset_driver_api_list_start = .
 *(SORT_BY_NAME(SORT_BY_ALIGNMENT(._reset_driver_api.static.*)))
 ._reset_driver_api.static.reset_stm32_driver_api_
                0x0800ad54       0x10 zephyr/drivers/reset/libdrivers__reset.a(reset_stm32.c.obj)
                0x0800ad64                        _reset_driver_api_list_end = .
                0x0800ad64                        _reset_driver_api_ext_end = .
                0x0800ad64                        _sensor_driver_api_list_start = .
 *(SORT_BY_NAME(SORT_BY_ALIGNMENT(._sensor_driver_api.static.*)))
 ._sensor_driver_api.static.lps22hb_api_funcs_
                0x0800ad64       0x1c zephyr/drivers/sensor/st/lps22hb/libdrivers__sensor__st__lps22hb.a(lps22hb.c.obj)
 ._sensor_driver_api.static.qdec_stm32_driver_api_
                0x0800ad80       0x1c zephyr/drivers/sensor/st/qdec_stm32/libdrivers__sensor__st__qdec_stm32.a(qdec_stm32.c.obj)
                0x0800ad9c                        _sensor_driver_api_list_end = .
                0x0800ad9c                        _sensor_driver_api_ext_end = .
                0x0800ad9c                        _shared_irq_driver_api_list_start = .
 *(SORT_BY_NAME(SORT_BY_ALIGNMENT(._shared_irq_driver_api.static.*)))
                0x0800ad9c                        _shared_irq_driver_api_list_end = .
                0x0800ad9c                        _shared_irq_driver_api_ext_end = .
                0x0800ad9c                        _dmic_driver_api_list_start = .
 *(SORT_BY_NAME(SORT_BY_ALIGNMENT(._dmic_driver_api.static.*)))
                0x0800ad9c                        _dmic_driver_api_list_end = .
                0x0800ad9c                        _dmic_driver_api_ext_end = .
                0x0800ad9c                        _crypto_driver_api_list_start = .
 *(SORT_BY_NAME(SORT_BY_ALIGNMENT(._crypto_driver_api.static.*)))
                0x0800ad9c                        _crypto_driver_api_list_end = .
                0x0800ad9c                        _crypto_driver_api_ext_end = .
                0x0800ad9c                        _adc_driver_api_list_start = .
 *(SORT_BY_NAME(SORT_BY_ALIGNMENT(._adc_driver_api.static.*)))
                0x0800ad9c                        _adc_driver_api_list_end = .
                0x0800ad9c                        _adc_driver_api_ext_end = .
                0x0800ad9c                        _auxdisplay_driver_api_list_start = .
 *(SORT_BY_NAME(SORT_BY_ALIGNMENT(._auxdisplay_driver_api.static.*)))
                0x0800ad9c                        _auxdisplay_driver_api_list_end = .
                0x0800ad9c                        _auxdisplay_driver_api_ext_end = .
                0x0800ad9c                        _bbram_driver_api_list_start = .
 *(SORT_BY_NAME(SORT_BY_ALIGNMENT(._bbram_driver_api.static.*)))
                0x0800ad9c                        _bbram_driver_api_list_end = .
                0x0800ad9c                        _bbram_driver_api_ext_end = .
                0x0800ad9c                        _biometric_driver_api_list_start = .
 *(SORT_BY_NAME(SORT_BY_ALIGNMENT(._biometric_driver_api.static.*)))
                0x0800ad9c                        _biometric_driver_api_list_end = .
                0x0800ad9c                        _biometric_driver_api_ext_end = .
                0x0800ad9c                        _bt_hci_driver_api_list_start = .
 *(SORT_BY_NAME(SORT_BY_ALIGNMENT(._bt_hci_driver_api.static.*)))
                0x0800ad9c                        _bt_hci_driver_api_list_end = .
                0x0800ad9c                        _bt_hci_driver_api_ext_end = .
                0x0800ad9c                        _buzzer_driver_api_list_start = .
 *(SORT_BY_NAME(SORT_BY_ALIGNMENT(._buzzer_driver_api.static.*)))
                0x0800ad9c                        _buzzer_driver_api_list_end = .
                0x0800ad9c                        _buzzer_driver_api_ext_end = .
                0x0800ad9c                        _can_driver_api_list_start = .
 *(SORT_BY_NAME(SORT_BY_ALIGNMENT(._can_driver_api.static.*)))
                0x0800ad9c                        _can_driver_api_list_end = .
                0x0800ad9c                        _can_driver_api_ext_end = .
                0x0800ad9c                        _cellular_driver_api_list_start = .
 *(SORT_BY_NAME(SORT_BY_ALIGNMENT(._cellular_driver_api.static.*)))
                0x0800ad9c                        _cellular_driver_api_list_end = .
                0x0800ad9c                        _cellular_driver_api_ext_end = .
                0x0800ad9c                        _charger_driver_api_list_start = .
 *(SORT_BY_NAME(SORT_BY_ALIGNMENT(._charger_driver_api.static.*)))
                0x0800ad9c                        _charger_driver_api_list_end = .
                0x0800ad9c                        _charger_driver_api_ext_end = .
                0x0800ad9c                        _clock_control_driver_api_list_start = .
 *(SORT_BY_NAME(SORT_BY_ALIGNMENT(._clock_control_driver_api.static.*)))
 ._clock_control_driver_api.static.stm32_clock_control_api_
                0x0800ad9c       0x1c zephyr/drivers/clock_control/libdrivers__clock_control.a(clock_stm32_ll_common.c.obj)
                0x0800adb8                        _clock_control_driver_api_list_end = .
                0x0800adb8                        _nrf_clock_control_driver_api_list_start = .
 *(SORT_BY_NAME(SORT_BY_ALIGNMENT(._nrf_clock_control_driver_api.static.*)))
                0x0800adb8                        _nrf_clock_control_driver_api_list_end = .
                0x0800adb8                        _nrf_clock_control_driver_api_ext_end = .
                0x0800adb8                        _clock_control_driver_api_ext_end = .
                0x0800adb8                        _comparator_driver_api_list_start = .
 *(SORT_BY_NAME(SORT_BY_ALIGNMENT(._comparator_driver_api.static.*)))
                0x0800adb8                        _comparator_driver_api_list_end = .
                0x0800adb8                        _comparator_driver_api_ext_end = .
                0x0800adb8                        _coredump_driver_api_list_start = .
 *(SORT_BY_NAME(SORT_BY_ALIGNMENT(._coredump_driver_api.static.*)))
                0x0800adb8                        _coredump_driver_api_list_end = .
                0x0800adb8                        _coredump_driver_api_ext_end = .
                0x0800adb8                        _counter_driver_api_list_start = .
 *(SORT_BY_NAME(SORT_BY_ALIGNMENT(._counter_driver_api.static.*)))
                0x0800adb8                        _counter_driver_api_list_end = .
                0x0800adb8                        _counter_driver_api_ext_end = .
                0x0800adb8                        _crc_driver_api_list_start = .
 *(SORT_BY_NAME(SORT_BY_ALIGNMENT(._crc_driver_api.static.*)))
                0x0800adb8                        _crc_driver_api_list_end = .
                0x0800adb8                        _crc_driver_api_ext_end = .
                0x0800adb8                        _dac_driver_api_list_start = .
 *(SORT_BY_NAME(SORT_BY_ALIGNMENT(._dac_driver_api.static.*)))
                0x0800adb8                        _dac_driver_api_list_end = .
                0x0800adb8                        _dac_driver_api_ext_end = .
                0x0800adb8                        _dai_driver_api_list_start = .
 *(SORT_BY_NAME(SORT_BY_ALIGNMENT(._dai_driver_api.static.*)))
                0x0800adb8                        _dai_driver_api_list_end = .
                0x0800adb8                        _dai_driver_api_ext_end = .
                0x0800adb8                        _dali_driver_api_list_start = .
 *(SORT_BY_NAME(SORT_BY_ALIGNMENT(._dali_driver_api.static.*)))
                0x0800adb8                        _dali_driver_api_list_end = .
                0x0800adb8                        _dali_driver_api_ext_end = .
                0x0800adb8                        _display_driver_api_list_start = .
 *(SORT_BY_NAME(SORT_BY_ALIGNMENT(._display_driver_api.static.*)))
                0x0800adb8                        _display_driver_api_list_end = .
                0x0800adb8                        _display_driver_api_ext_end = .
                0x0800adb8                        _dma_driver_api_list_start = .
 *(SORT_BY_NAME(SORT_BY_ALIGNMENT(._dma_driver_api.static.*)))
                0x0800adb8                        _dma_driver_api_list_end = .
                0x0800adb8                        _dma_driver_api_ext_end = .
                0x0800adb8                        _edac_driver_api_list_start = .
 *(SORT_BY_NAME(SORT_BY_ALIGNMENT(._edac_driver_api.static.*)))
                0x0800adb8                        _edac_driver_api_list_end = .
                0x0800adb8                        _edac_driver_api_ext_end = .
                0x0800adb8                        _eeprom_driver_api_list_start = .
 *(SORT_BY_NAME(SORT_BY_ALIGNMENT(._eeprom_driver_api.static.*)))
                0x0800adb8                        _eeprom_driver_api_list_end = .
                0x0800adb8                        _eeprom_driver_api_ext_end = .
                0x0800adb8                        _emul_bbram_driver_api_list_start = .
 *(SORT_BY_NAME(SORT_BY_ALIGNMENT(._emul_bbram_driver_api.static.*)))
                0x0800adb8                        _emul_bbram_driver_api_list_end = .
                0x0800adb8                        _emul_bbram_driver_api_ext_end = .
                0x0800adb8                        _fuel_gauge_emul_driver_api_list_start = .
 *(SORT_BY_NAME(SORT_BY_ALIGNMENT(._fuel_gauge_emul_driver_api.static.*)))
                0x0800adb8                        _fuel_gauge_emul_driver_api_list_end = .
                0x0800adb8                        _fuel_gauge_emul_driver_api_ext_end = .
                0x0800adb8                        _emul_sensor_driver_api_list_start = .
 *(SORT_BY_NAME(SORT_BY_ALIGNMENT(._emul_sensor_driver_api.static.*)))
                0x0800adb8                        _emul_sensor_driver_api_list_end = .
                0x0800adb8                        _emul_sensor_driver_api_ext_end = .
                0x0800adb8                        _entropy_driver_api_list_start = .
 *(SORT_BY_NAME(SORT_BY_ALIGNMENT(._entropy_driver_api.static.*)))
                0x0800adb8                        _entropy_driver_api_list_end = .
                0x0800adb8                        _entropy_driver_api_ext_end = .
                0x0800adb8                        _espi_driver_api_list_start = .
 *(SORT_BY_NAME(SORT_BY_ALIGNMENT(._espi_driver_api.static.*)))
                0x0800adb8                        _espi_driver_api_list_end = .
                0x0800adb8                        _emul_espi_driver_api_list_start = .
 *(SORT_BY_NAME(SORT_BY_ALIGNMENT(._emul_espi_driver_api.static.*)))
                0x0800adb8                        _emul_espi_driver_api_list_end = .
                0x0800adb8                        _emul_espi_driver_api_ext_end = .
                0x0800adb8                        _espi_driver_api_ext_end = .
                0x0800adb8                        _espi_saf_driver_api_list_start = .
 *(SORT_BY_NAME(SORT_BY_ALIGNMENT(._espi_saf_driver_api.static.*)))
                0x0800adb8                        _espi_saf_driver_api_list_end = .
                0x0800adb8                        _espi_saf_driver_api_ext_end = .
                0x0800adb8                        _flash_driver_api_list_start = .
 *(SORT_BY_NAME(SORT_BY_ALIGNMENT(._flash_driver_api.static.*)))
                0x0800adb8                        _flash_driver_api_list_end = .
                0x0800adb8                        _flash_driver_api_ext_end = .
                0x0800adb8                        _fpga_driver_api_list_start = .
 *(SORT_BY_NAME(SORT_BY_ALIGNMENT(._fpga_driver_api.static.*)))
                0x0800adb8                        _fpga_driver_api_list_end = .
                0x0800adb8                        _fpga_driver_api_ext_end = .
                0x0800adb8                        _fuel_gauge_driver_api_list_start = .
 *(SORT_BY_NAME(SORT_BY_ALIGNMENT(._fuel_gauge_driver_api.static.*)))
                0x0800adb8                        _fuel_gauge_driver_api_list_end = .
                0x0800adb8                        _fuel_gauge_driver_api_ext_end = .
                0x0800adb8                        _gnss_driver_api_list_start = .
 *(SORT_BY_NAME(SORT_BY_ALIGNMENT(._gnss_driver_api.static.*)))
                0x0800adb8                        _gnss_driver_api_list_end = .
                0x0800adb8                        _gnss_driver_api_ext_end = .
                0x0800adb8                        _haptics_driver_api_list_start = .
 *(SORT_BY_NAME(SORT_BY_ALIGNMENT(._haptics_driver_api.static.*)))
                0x0800adb8                        _haptics_driver_api_list_end = .
                0x0800adb8                        _haptics_driver_api_ext_end = .
                0x0800adb8                        _hwspinlock_driver_api_list_start = .
 *(SORT_BY_NAME(SORT_BY_ALIGNMENT(._hwspinlock_driver_api.static.*)))
                0x0800adb8                        _hwspinlock_driver_api_list_end = .
                0x0800adb8                        _hwspinlock_driver_api_ext_end = .
                0x0800adb8                        _i2s_driver_api_list_start = .
 *(SORT_BY_NAME(SORT_BY_ALIGNMENT(._i2s_driver_api.static.*)))
                0x0800adb8                        _i2s_driver_api_list_end = .
                0x0800adb8                        _i2s_driver_api_ext_end = .
                0x0800adb8                        _ipm_driver_api_list_start = .
 *(SORT_BY_NAME(SORT_BY_ALIGNMENT(._ipm_driver_api.static.*)))
                0x0800adb8                        _ipm_driver_api_list_end = .
                0x0800adb8                        _ipm_driver_api_ext_end = .
                0x0800adb8                        _led_driver_api_list_start = .
 *(SORT_BY_NAME(SORT_BY_ALIGNMENT(._led_driver_api.static.*)))
                0x0800adb8                        _led_driver_api_list_end = .
                0x0800adb8                        _led_driver_api_ext_end = .
                0x0800adb8                        _led_strip_driver_api_list_start = .
 *(SORT_BY_NAME(SORT_BY_ALIGNMENT(._led_strip_driver_api.static.*)))