Archive member included to satisfy reference by file (symbol)

app/libapp.a(main.cpp.obj)    (--whole-archive)
app/libapp.a(alarm.cpp.obj)   (--whole-archive)
app/libapp.a(occlusion.cpp.obj)
                              (--whole-archive)
app/libapp.a(volume.cpp.obj)  (--whole-archive)
app/libapp.a(infusion.cpp.obj)
                              (--whole-archive)
app/libapp.a(hardware.cpp.obj)
                              (--whole-archive)
zephyr/libzephyr.a(validate_libc.c.obj)
                              (--whole-archive)
zephyr/libzephyr.a(cpp_dtors.c.obj)
                              (--whole-archive)
zephyr/libzephyr.a(heap.c.obj)
                              (--whole-archive)
zephyr/libzephyr.a(boot_banner.c.obj)
                              (--whole-archive)
zephyr/libzephyr.a(cbprintf_packaged.c.obj)
                              (--whole-archive)
zephyr/libzephyr.a(clock.c.obj)
                              (--whole-archive)
zephyr/libzephyr.a(printk.c.obj)
                              (--whole-archive)
zephyr/libzephyr.a(cbprintf_complete.c.obj)
                              (--whole-archive)
zephyr/libzephyr.a(assert.c.obj)
                              (--whole-archive)
zephyr/libzephyr.a(dec.c.obj)
                              (--whole-archive)
zephyr/libzephyr.a(hex.c.obj)
                              (--whole-archive)
zephyr/libzephyr.a(rb.c.obj)  (--whole-archive)
zephyr/libzephyr.a(set.c.obj)
                              (--whole-archive)
zephyr/libzephyr.a(timeutil.c.obj)
                              (--whole-archive)
zephyr/libzephyr.a(bitarray.c.obj)
                              (--whole-archive)
zephyr/libzephyr.a(bitmask.c.obj)
                              (--whole-archive)
zephyr/libzephyr.a(getopt.c.obj)
                              (--whole-archive)
zephyr/libzephyr.a(getopt_common.c.obj)
                              (--whole-archive)
zephyr/libzephyr.a(ring_buffer.c.obj)
                              (--whole-archive)
zephyr/libzephyr.a(last_section_id.c.obj)
                              (--whole-archive)
zephyr/libzephyr.a(configs.c.obj)
                              (--whole-archive)
zephyr/libzephyr.a(stm32cube_hal.c.obj)
                              (--whole-archive)
zephyr/libzephyr.a(soc_config.c.obj)
                              (--whole-archive)
zephyr/libzephyr.a(stm32_backup_sram.c.obj)
                              (--whole-archive)
zephyr/libzephyr.a(gpioport_mgr.c.obj)
                              (--whole-archive)
zephyr/libzephyr.a(stm32_backup_domain.c.obj)
                              (--whole-archive)
zephyr/libzephyr.a(soc.c.obj)
                              (--whole-archive)
zephyr/libzephyr.a(mem_attr.c.obj)
                              (--whole-archive)
zephyr/libzephyr.a(tracing_none.c.obj)
                              (--whole-archive)
zephyr/libzephyr.a(sem.c.obj)
                              (--whole-archive)
zephyr/libzephyr.a(thread_entry.c.obj)
                              (--whole-archive)
zephyr/arch/common/libarch__common.a(sw_isr_common.c.obj)
                              (--whole-archive)
zephyr/arch/common/libarch__common.a(init.c.obj)
                              (--whole-archive)
zephyr/arch/common/libarch__common.a(xip.c.obj)
                              (--whole-archive)
zephyr/arch/arch/arm/core/libarch__arm__core.a(fatal.c.obj)
                              (--whole-archive)
zephyr/arch/arch/arm/core/libarch__arm__core.a(nmi.c.obj)
                              (--whole-archive)
zephyr/arch/arch/arm/core/libarch__arm__core.a(nmi_on_reset.S.obj)
                              (--whole-archive)
zephyr/arch/arch/arm/core/libarch__arm__core.a(__aeabi_atexit.c.obj)
                              (--whole-archive)
zephyr/arch/arch/arm/core/libarch__arm__core.a(tls.c.obj)
                              (--whole-archive)
zephyr/arch/arch/arm/core/cortex_m/libarch__arm__core__cortex_m.a(fault.c.obj)
                              (--whole-archive)
zephyr/arch/arch/arm/core/cortex_m/libarch__arm__core__cortex_m.a(fault_s.S.obj)
                              (--whole-archive)
zephyr/arch/arch/arm/core/cortex_m/libarch__arm__core__cortex_m.a(fpu.c.obj)
                              (--whole-archive)
zephyr/arch/arch/arm/core/cortex_m/libarch__arm__core__cortex_m.a(reset.S.obj)
                              (--whole-archive)
zephyr/arch/arch/arm/core/cortex_m/libarch__arm__core__cortex_m.a(scb.c.obj)
                              (--whole-archive)
zephyr/arch/arch/arm/core/cortex_m/libarch__arm__core__cortex_m.a(vector_table.S.obj)
                              (--whole-archive)
zephyr/arch/arch/arm/core/cortex_m/libarch__arm__core__cortex_m.a(svc.S.obj)
                              (--whole-archive)
zephyr/arch/arch/arm/core/cortex_m/libarch__arm__core__cortex_m.a(irq_manage.c.obj)
                              (--whole-archive)
zephyr/arch/arch/arm/core/cortex_m/libarch__arm__core__cortex_m.a(prep_c.c.obj)
[...]
Memory Configuration

Name             Origin             Length             Attributes
FLASH            0x08000000         0x00080000         xr
RAM              0x20000000         0x00020000         xw
BACKUP_SRAM      0x40024000         0x00001000         rw
SRAM0            0x20000000         0x00020000         rw
IDT_LIST         0xffff7fff         0x00008000         xw
*default*        0x00000000         0xffffffff

Linker script and memory map

                0x0800749c                        vfprintf = __d_vfprintf
                0x08007df8                        vfscanf = __d_vfscanf
LOAD zephyr/CMakeFiles/zephyr_final.dir/misc/empty_file.c.obj
LOAD zephyr/CMakeFiles/zephyr_final.dir/isr_tables.c.obj
LOAD zephyr/CMakeFiles/offsets.dir/./arch/arm/core/offsets/offsets.c.obj
LOAD app/libapp.a
LOAD zephyr/libzephyr.a
LOAD zephyr/arch/common/libarch__common.a
LOAD zephyr/arch/arch/arm/core/libarch__arm__core.a
LOAD zephyr/arch/arch/arm/core/cortex_m/libarch__arm__core__cortex_m.a
LOAD zephyr/arch/arch/arm/core/mpu/libarch__arm__core__mpu.a
LOAD zephyr/lib/libc/picolibc/liblib__libc__picolibc.a
LOAD zephyr/lib/libc/common/liblib__libc__common.a
LOAD zephyr/subsys/portability/posix/c_lib_ext/libsubsys__portability__posix__c_lib_ext.a
LOAD zephyr/drivers/interrupt_controller/libdrivers__interrupt_controller.a
LOAD zephyr/drivers/clock_control/libdrivers__clock_control.a
LOAD zephyr/drivers/console/libdrivers__console.a
LOAD zephyr/drivers/gpio/libdrivers__gpio.a
LOAD zephyr/drivers/i2c/libdrivers__i2c.a
LOAD zephyr/drivers/pinctrl/libdrivers__pinctrl.a
LOAD zephyr/drivers/pwm/libdrivers__pwm.a
LOAD zephyr/drivers/reset/libdrivers__reset.a
LOAD zephyr/drivers/sensor/st/lps22hb/libdrivers__sensor__st__lps22hb.a
LOAD zephyr/drivers/sensor/st/qdec_stm32/libdrivers__sensor__st__qdec_stm32.a
LOAD zephyr/drivers/serial/libdrivers__serial.a
LOAD zephyr/drivers/timer/libdrivers__timer.a
LOAD modules/hal_stm32/stm32cube/lib..__modules__hal__stm32__stm32cube.a
LOAD zephyr/kernel/libkernel.a
LOAD zephyr/arch/common/libisr_tables.a
LOAD /home/thanga-inc-5829/zephyr-sdk-1.0.1/gnu/arm-zephyr-eabi/bin/../lib/gcc/arm-zephyr-eabi/14.3.0/../../../../arm-zephyr-eabi/lib/thumb/v7e-m+fp/hard/space/libstdc++.a
LOAD /home/thanga-inc-5829/zephyr-sdk-1.0.1/gnu/arm-zephyr-eabi/bin/../lib/gcc/arm-zephyr-eabi/14.3.0/../../../../arm-zephyr-eabi/lib/thumb/v7e-m+fp/hard/space/libc.a
LOAD /home/thanga-inc-5829/zephyr-sdk-1.0.1/gnu/arm-zephyr-eabi/bin/../lib/gcc/arm-zephyr-eabi/14.3.0/thumb/v7e-m+fp/hard/space/libgcc.a
                0x00000080                        _region_min_align = 0x80

.rel.plt        0x08000000        0x0
 *(SORT_BY_ALIGNMENT(.rel.plt))
                [!provide]                        PROVIDE (__rel_iplt_start = .)
 *(SORT_BY_ALIGNMENT(.rel.iplt))
 .rel.iplt      0x08000000        0x0 zephyr/CMakeFiles/zephyr_final.dir/isr_tables.c.obj
                [!provide]                        PROVIDE (__rel_iplt_end = .)

.rela.plt       0x00000000        0x0
 *(SORT_BY_ALIGNMENT(.rela.plt))
                [!provide]                        PROVIDE (__rela_iplt_start = .)
 *(SORT_BY_ALIGNMENT(.rela.iplt))
                [!provide]                        PROVIDE (__rela_iplt_end = .)

.rel.dyn
 *(SORT_BY_ALIGNMENT(.rel.*))

.rela.dyn
 *(SORT_BY_ALIGNMENT(.rela.*))

/DISCARD/
 *(SORT_BY_ALIGNMENT(.plt))

/DISCARD/
 *(SORT_BY_ALIGNMENT(.iplt))
                0x08000000                        __rom_region_start = 0x8000000

rom_start       0x08000000      0x168
                0x08000000                        __rom_start_address = .
 FILL mask 0x00
                0x08000000                        . = (. + (0x0 - (. - __rom_start_address)))
                0x08000000                        . = ALIGN (0x4)
                0x08000000                        . = ALIGN (0x80)
                0x08000000                        . = ALIGN (0x200)
                0x08000000                        _vector_start = .
 *(SORT_BY_ALIGNMENT(.exc_vector_table))
 *(SORT_BY_ALIGNMENT(.exc_vector_table.*))
 .exc_vector_table._vector_table_section
                0x08000000       0x40 zephyr/arch/arch/arm/core/cortex_m/libarch__arm__core__cortex_m.a(vector_table.S.obj)
                0x08000000                _vector_table
 *(SORT_BY_ALIGNMENT(.vectors))
                0x08000168                        _vector_end = .
                0x08000040                        . = ALIGN (0x4)
 *(SORT_BY_ALIGNMENT(.gnu.linkonce.irq_vector_table*))
 .gnu.linkonce.irq_vector_table
                0x08000040      0x128 zephyr/CMakeFiles/zephyr_final.dir/isr_tables.c.obj
                0x08000040                _irq_vector_table
                0x08000168                        _vector_end = .

text            0x08000168     0xa668
                0x08000168                        __text_region_start = .
 *(SORT_BY_ALIGNMENT(.text))
 .text          0x08000168      0x378 /home/thanga-inc-5829/zephyr-sdk-1.0.1/gnu/arm-zephyr-eabi/bin/../lib/gcc/arm-zephyr-eabi/14.3.0/thumb/v7e-m+fp/hard/space/libgcc.a(_arm_addsubdf3.o)
                0x08000168                __aeabi_drsub
                0x08000170                __aeabi_dsub
                0x08000170                __subdf3
                0x08000174                __adddf3
                0x08000174                __aeabi_dadd
                0x080003ec                __aeabi_ui2d
                0x080003ec                __floatunsidf
                0x0800040c                __floatsidf
                0x0800040c                __aeabi_i2d
                0x08000430                __extendsfdf2
                0x08000430                __aeabi_f2d
                0x08000474                __aeabi_ul2d
                0x08000474                __floatundidf
                0x08000484                __floatdidf
                0x08000484                __aeabi_l2d
 .text          0x080004e0      0x424 /home/thanga-inc-5829/zephyr-sdk-1.0.1/gnu/arm-zephyr-eabi/bin/../lib/gcc/arm-zephyr-eabi/14.3.0/thumb/v7e-m+fp/hard/space/libgcc.a(_arm_muldivdf3.o)
                0x080004e0                __aeabi_dmul
                0x080004e0                __muldf3
                0x08000734                __aeabi_ddiv
                0x08000734                __divdf3
 .text          0x08000904       0xa0 /home/thanga-inc-5829/zephyr-sdk-1.0.1/gnu/arm-zephyr-eabi/bin/../lib/gcc/arm-zephyr-eabi/14.3.0/thumb/v7e-m+fp/hard/space/libgcc.a(_arm_truncdfsf2.o)
                0x08000904                __aeabi_d2f
                0x08000904                __truncdfsf2
 .text          0x080009a4      0x21c /home/thanga-inc-5829/zephyr-sdk-1.0.1/gnu/arm-zephyr-eabi/bin/../lib/gcc/arm-zephyr-eabi/14.3.0/thumb/v7e-m+fp/hard/space/libgcc.a(_arm_addsubsf3.o)
                0x080009a4                __aeabi_frsub
                0x080009ac                __subsf3
                0x080009ac                __aeabi_fsub
                0x080009b0                __aeabi_fadd
                0x080009b0                __addsf3
                0x08000b10                __aeabi_ui2f
                0x08000b10                __floatunsisf
                0x08000b18                __aeabi_i2f
                0x08000b18                __floatsisf
                0x08000b34                __floatundisf
                0x08000b34                __aeabi_ul2f
                0x08000b44                __floatdisf
                0x08000b44                __aeabi_l2f
 .text          0x08000bc0       0x30 /home/thanga-inc-5829/zephyr-sdk-1.0.1/gnu/arm-zephyr-eabi/bin/../lib/gcc/arm-zephyr-eabi/14.3.0/thumb/v7e-m+fp/hard/space/libgcc.a(_aeabi_uldivmod.o)
                0x08000bc0                __aeabi_uldivmod
 .text          0x08000bf0        0x4 /home/thanga-inc-5829/zephyr-sdk-1.0.1/gnu/arm-zephyr-eabi/bin/../lib/gcc/arm-zephyr-eabi/14.3.0/thumb/v7e-m+fp/hard/space/libgcc.a(_dvmd_tls.o)
                0x08000bf0                __aeabi_ldiv0
                0x08000bf0                __aeabi_idiv0
 .text          0x08000bf4       0x14 /home/thanga-inc-5829/zephyr-sdk-1.0.1/gnu/arm-zephyr-eabi/bin/../lib/gcc/arm-zephyr-eabi/14.3.0/../../../../arm-zephyr-eabi/lib/thumb/v7e-m+fp/hard/space/libc.a(strcmp.S.o)
                0x08000bf4                strcmp
 .text          0x08000c08      0x2bc /home/thanga-inc-5829/zephyr-sdk-1.0.1/gnu/arm-zephyr-eabi/bin/../lib/gcc/arm-zephyr-eabi/14.3.0/thumb/v7e-m+fp/hard/space/libgcc.a(_udivmoddi4.o)
                0x08000c08                __udivmoddi4
 *(SORT_BY_ALIGNMENT(.text.*))
 *fill*         0x08000ec4        0x4 
 .text._Z12sensor_pressv
                0x08000ec8       0x68 app/libapp.a(hardware.cpp.obj)
                0x08000ec8                sensor_press()
 .text._Z14set_delay_ratej
                0x08000f30      0x114 app/libapp.a(hardware.cpp.obj)
                0x08000f30                set_delay_rate(unsigned int)
 *fill*         0x08001044        0x4 
 .text.strtod   0x08001048      0x394 /home/thanga-inc-5829/zephyr-sdk-1.0.1/gnu/arm-zephyr-eabi/bin/../lib/gcc/arm-zephyr-eabi/14.3.0/../../../../arm-zephyr-eabi/lib/thumb/v7e-m+fp/hard/space/libc.a(libc_tinystdio_strtod.c.o)
                0x08001048                strtold
                0x08001048                strtod
 *fill*         0x080013dc        0x4 
 .text.__atod_engine
                0x080013e0      0x1c8 /home/thanga-inc-5829/zephyr-sdk-1.0.1/gnu/arm-zephyr-eabi/bin/../lib/gcc/arm-zephyr-eabi/14.3.0/../../../../arm-zephyr-eabi/lib/thumb/v7e-m+fp/hard/space/libc.a(libc_tinystdio_atod_ryu.c.o)
                0x080013e0                __atod_engine
 .text.z_impl_uart_poll_in
                0x080015a8       0x78 app/libapp.a(main.cpp.obj)
 .text.k_mutex_lock.constprop.0.isra.0
                0x08001620       0x10 app/libapp.a(main.cpp.obj)
 .text.k_mutex_unlock.constprop.0.isra.0
                0x08001630        0xc app/libapp.a(main.cpp.obj)
 .text._Z5th_fnPvS_S_
                0x0800163c       0x48 app/libapp.a(main.cpp.obj)
                0x0800163c                th_fn(void*, void*, void*)
 .text.main     0x08001684      0x488 app/libapp.a(main.cpp.obj)
                0x08001684                main
 .text._GLOBAL__sub_I_thread1
                0x08001b0c       0xa0 app/libapp.a(main.cpp.obj)
 .text._ZN16OcclusionMonitor16isPressureNormalEv
                0x08001bac       0xa8 app/libapp.a(occlusion.cpp.obj)
                0x08001bac                OcclusionMonitor::isPressureNormal()
 .text._ZN13VolumeTracker3calEf
                0x08001c54      0x160 app/libapp.a(volume.cpp.obj)
                0x08001c54                VolumeTracker::cal(float)
 .text._ZN14LinearRampMode17computeTargetRateEv
                0x08001db4      0x100 app/libapp.a(infusion.cpp.obj)
                0x08001db4                LinearRampMode::computeTargetRate()
 .text._ZN12InfusionMode9applyRateEf
                0x08001eb4       0x9c app/libapp.a(infusion.cpp.obj)
                0x08001eb4                InfusionMode::applyRate(float)
 .text._ZN12InfusionMode10checkAlarmEf
                0x08001f50       0x7c app/libapp.a(infusion.cpp.obj)
                0x08001f50                InfusionMode::checkAlarm(float)
 .text.z_impl_sensor_channel_get.isra.0
                0x08001fcc       0x74 app/libapp.a(hardware.cpp.obj)
 .text.z_impl_sensor_sample_fetch.isra.0
                0x08002040       0x78 app/libapp.a(hardware.cpp.obj)
 .text.gpio_pin_set_dt.isra.0
                0x080020b8       0xc8 app/libapp.a(hardware.cpp.obj)
 .text._ZN3buz6updateEb
                0x08002180        0xc app/libapp.a(hardware.cpp.obj)
                0x08002180                buz::update(bool)
 .text._ZN3led6updateEb
                0x0800218c        0xc app/libapp.a(hardware.cpp.obj)
                0x0800218c                led::update(bool)
 .text.gpio_pin_configure_dt.constprop.0.isra.0
                0x08002198      0x118 app/libapp.a(hardware.cpp.obj)
 .text._Z13hardware_initv
                0x080022b0       0x94 app/libapp.a(hardware.cpp.obj)
                0x080022b0                hardware_init()
 .text._Z10motor_stopv
                0x08002344        0xc app/libapp.a(hardware.cpp.obj)
                0x08002344                motor_stop()
 .text._Z11motor_startv
                0x08002350        0xc app/libapp.a(hardware.cpp.obj)
                0x08002350                motor_start()
 .text._Z20get_encoder_positionv
                0x0800235c       0x7c app/libapp.a(hardware.cpp.obj)
                0x0800235c                get_encoder_position()
 .text.sys_heap_init
                0x080023d8      0x124 zephyr/libzephyr.a(heap.c.obj)
                0x080023d8                sys_heap_init
 .text.boot_banner
                0x080024fc       0x24 zephyr/libzephyr.a(boot_banner.c.obj)
 .text.char_out
                0x08002520        0xc zephyr/libzephyr.a(printk.c.obj)
 .text.__printk_hook_install
                0x0800252c        0xc zephyr/libzephyr.a(printk.c.obj)
                0x0800252c                __printk_hook_install
 .text.vprintk  0x08002538       0x30 zephyr/libzephyr.a(printk.c.obj)
                0x08002538                vprintk
 .text.st_stm32_common_config
                0x08002568       0x14 zephyr/libzephyr.a(soc_config.c.obj)
 .text.stm32_backup_sram_init
                0x0800257c       0x90 zephyr/libzephyr.a(stm32_backup_sram.c.obj)
 .text.stm32_gpioport_init
                0x0800260c       0x68 zephyr/libzephyr.a(gpioport_mgr.c.obj)
 .text.stm32_gpioport_get
                0x08002674       0x24 zephyr/libzephyr.a(gpioport_mgr.c.obj)
                0x08002674                stm32_gpioport_get
 .text.stm32_backup_domain_enable_access
                0x08002698       0xa8 zephyr/libzephyr.a(stm32_backup_domain.c.obj)
                0x08002698                stm32_backup_domain_enable_access
 .text.soc_early_init_hook
                0x08002740       0x30 zephyr/libzephyr.a(soc.c.obj)
                0x08002740                soc_early_init_hook
 .text.mem_attr_get_regions
                0x08002770        0xc zephyr/libzephyr.a(mem_attr.c.obj)
                0x08002770                mem_attr_get_regions
 .text.z_thread_entry
                0x0800277c       0x6c zephyr/libzephyr.a(thread_entry.c.obj)
                0x0800277c                z_thread_entry
 .text.arch_bss_zero
                0x080027e8       0x18 zephyr/arch/common/libarch__common.a(init.c.obj)
                0x080027e8                arch_bss_zero
 .text.arch_data_copy
                0x08002800       0x38 zephyr/arch/common/libarch__common.a(xip.c.obj)
                0x08002800                arch_data_copy
 .text.z_arm_fatal_error
                0x08002838       0xa4 zephyr/arch/arch/arm/core/libarch__arm__core.a(fatal.c.obj)
                0x08002838                z_arm_fatal_error
 .text.z_SysNmiOnReset
                0x080028dc        0x8 zephyr/arch/arch/arm/core/libarch__arm__core.a(nmi_on_reset.S.obj)
                0x080028dc                z_SysNmiOnReset
 .text.arch_tls_stack_setup
                0x080028e4       0x40 zephyr/arch/arch/arm/core/libarch__arm__core.a(tls.c.obj)
                0x080028e4                arch_tls_stack_setup
 .text.mem_manage_fault
                0x08002924      0x124 zephyr/arch/arch/arm/core/cortex_m/libarch__arm__core__cortex_m.a(fault.c.obj)
 .text.usage_fault.isra.0
                0x08002a48       0x98 zephyr/arch/arch/arm/core/cortex_m/libarch__arm__core__cortex_m.a(fault.c.obj)
 .text.bus_fault.isra.0
                0x08002ae0       0xb8 zephyr/arch/arch/arm/core/cortex_m/libarch__arm__core__cortex_m.a(fault.c.obj)
 .text.z_arm_fault
                0x08002b98      0x204 zephyr/arch/arch/arm/core/cortex_m/libarch__arm__core__cortex_m.a(fault.c.obj)
                0x08002b98                z_arm_fault
 .text.z_arm_fault_init
                0x08002d9c       0x18 zephyr/arch/arch/arm/core/cortex_m/libarch__arm__core__cortex_m.a(fault.c.obj)
                0x08002d9c                z_arm_fault_init
 .text.__fault  0x08002db4       0x14 zephyr/arch/arch/arm/core/cortex_m/libarch__arm__core__cortex_m.a(fault_s.S.obj)
                0x08002db4                z_arm_bus_fault
                0x08002db4                z_arm_usage_fault
                0x08002db4                z_arm_mpu_fault
                0x08002db4                z_arm_exc_spurious
                0x08002db4                z_arm_debug_monitor
                0x08002db4                z_arm_hard_fault
 .text._reset_section
                0x08002dc8       0x34 zephyr/arch/arch/arm/core/cortex_m/libarch__arm__core__cortex_m.a(reset.S.obj)
                0x08002dc8                z_arm_reset
                0x08002dc8                __start
 .text.z_arm_svc
                0x08002dfc       0x24 zephyr/arch/arch/arm/core/cortex_m/libarch__arm__core__cortex_m.a(svc.S.obj)
                0x08002dfc                z_arm_svc
 .text.arm_irq_enable
                0x08002e20       0x1c zephyr/arch/arch/arm/core/cortex_m/libarch__arm__core__cortex_m.a(irq_manage.c.obj)
                0x08002e20                arm_irq_enable
 .text.arm_irq_priority_set
                0x08002e3c       0x68 zephyr/arch/arch/arm/core/cortex_m/libarch__arm__core__cortex_m.a(irq_manage.c.obj)
                0x08002e3c                arm_irq_priority_set
 .text.relocate_vector_table
                0x08002ea4       0x1c zephyr/arch/arch/arm/core/cortex_m/libarch__arm__core__cortex_m.a(prep_c.c.obj)
                0x08002ea4                relocate_vector_table
 .text.z_prep_c
                0x08002ec0       0x4c zephyr/arch/arch/arm/core/cortex_m/libarch__arm__core__cortex_m.a(prep_c.c.obj)
                0x08002ec0                z_prep_c
 .text.arch_new_thread
                0x08002f0c       0x40 zephyr/arch/arch/arm/core/cortex_m/libarch__arm__core__cortex_m.a(thread.c.obj)
                0x08002f0c                arch_new_thread
 .text.z_arm_mpu_stack_guard_and_fpu_adjust
                0x08002f4c       0x54 zephyr/arch/arch/arm/core/cortex_m/libarch__arm__core__cortex_m.a(thread.c.obj)
                0x08002f4c                z_arm_mpu_stack_guard_and_fpu_adjust
 .text.z_check_thread_stack_fail
                0x08002fa0       0x2c zephyr/arch/arch/arm/core/cortex_m/libarch__arm__core__cortex_m.a(thread.c.obj)
                0x08002fa0                z_check_thread_stack_fail
 .text.arch_float_disable
                0x08002fcc       0x48 zephyr/arch/arch/arm/core/cortex_m/libarch__arm__core__cortex_m.a(thread.c.obj)
                0x08002fcc                arch_float_disable
 .text.arch_switch_to_main_thread
                0x08003014       0x58 zephyr/arch/arch/arm/core/cortex_m/libarch__arm__core__cortex_m.a(thread.c.obj)
                0x08003014                arch_switch_to_main_thread
 .text.z_arm_cpu_idle_init
                0x0800306c        0xc zephyr/arch/arch/arm/core/cortex_m/libarch__arm__core__cortex_m.a(cpu_idle.c.obj)
                0x0800306c                z_arm_cpu_idle_init
 .text._HandlerModeExit
                0x08003078       0x20 zephyr/arch/arch/arm/core/cortex_m/libarch__arm__core__cortex_m.a(exc_exit.c.obj)
                0x08003078                z_arm_exc_exit
                0x08003078                z_arm_int_exit
 .text.z_impl_k_thread_abort
                0x08003098       0x2c zephyr/arch/arch/arm/core/cortex_m/libarch__arm__core__cortex_m.a(thread_abort.c.obj)
                0x08003098                z_impl_k_thread_abort
 .text.z_arm_pendsv
                0x080030c4       0x9c zephyr/arch/arch/arm/core/cortex_m/libarch__arm__core__cortex_m.a(swap_helper.S.obj)
                0x080030c4                z_arm_pendsv
 .text.z_arm_interrupt_init
                0x08003160       0x18 zephyr/arch/arch/arm/core/cortex_m/libarch__arm__core__cortex_m.a(irq_init.c.obj)
                0x08003160                z_arm_interrupt_init
 .text._isr_wrapper
                0x08003178       0x24 zephyr/arch/arch/arm/core/cortex_m/libarch__arm__core__cortex_m.a(isr_wrapper.c.obj)
                0x08003178                _isr_wrapper
 .text.__aeabi_read_tp
                0x0800319c        0xc zephyr/arch/arch/arm/core/cortex_m/libarch__arm__core__cortex_m.a(__aeabi_read_tp.S.obj)
                0x0800319c                __aeabi_read_tp
 .text.z_arm_configure_static_mpu_regions
                0x080031a8       0x18 zephyr/arch/arch/arm/core/mpu/libarch__arm__core__mpu.a(arm_core_mpu.c.obj)
                0x080031a8                z_arm_configure_static_mpu_regions
 .text.z_arm_configure_dynamic_mpu_regions
                0x080031c0       0x2c zephyr/arch/arch/arm/core/mpu/libarch__arm__core__mpu.a(arm_core_mpu.c.obj)
                0x080031c0                z_arm_configure_dynamic_mpu_regions
 .text.region_init
                0x080031ec       0x28 zephyr/arch/arch/arm/core/mpu/libarch__arm__core__mpu.a(arm_mpu.c.obj)
 .text.mpu_configure_regions
                0x08003214       0x6c zephyr/arch/arch/arm/core/mpu/libarch__arm__core__mpu.a(arm_mpu.c.obj)
 .text.arm_core_mpu_enable
                0x08003280       0x18 zephyr/arch/arch/arm/core/mpu/libarch__arm__core__mpu.a(arm_mpu.c.obj)
                0x08003280                arm_core_mpu_enable
 .text.arm_core_mpu_disable
                0x08003298       0x14 zephyr/arch/arch/arm/core/mpu/libarch__arm__core__mpu.a(arm_mpu.c.obj)
                0x08003298                arm_core_mpu_disable
 .text.arm_core_mpu_configure_static_mpu_regions
                0x080032ac       0x4c zephyr/arch/arch/arm/core/mpu/libarch__arm__core__mpu.a(arm_mpu.c.obj)
                0x080032ac                arm_core_mpu_configure_static_mpu_regions
 .text.arm_core_mpu_configure_dynamic_mpu_regions
                0x080032f8       0x6c zephyr/arch/arch/arm/core/mpu/libarch__arm__core__mpu.a(arm_mpu.c.obj)
                0x080032f8                arm_core_mpu_configure_dynamic_mpu_regions
 .text.z_arm_mpu_init
                0x08003364      0x23c zephyr/arch/arch/arm/core/mpu/libarch__arm__core__mpu.a(arm_mpu.c.obj)
                0x08003364                z_arm_mpu_init
 .text.z_impl_zephyr_fputc
                0x080035a0       0x10 zephyr/lib/libc/picolibc/liblib__libc__picolibc.a(stdio.c.obj)
                0x080035a0                z_impl_zephyr_fputc
 .text.__stdout_hook_install
                0x080035b0       0x18 zephyr/lib/libc/picolibc/liblib__libc__picolibc.a(stdio.c.obj)
                0x080035b0                __stdout_hook_install
 .text.malloc_prepare
                0x080035c8       0x24 zephyr/lib/libc/common/liblib__libc__common.a(malloc.c.obj)
 .text.malloc_lock
                0x080035ec       0x38 zephyr/lib/libc/common/liblib__libc__common.a(malloc.c.obj)
 .text.malloc_unlock
                0x08003624        0xc zephyr/lib/libc/common/liblib__libc__common.a(malloc.c.obj)
 .text.free     0x08003630       0x1c zephyr/lib/libc/common/liblib__libc__common.a(malloc.c.obj)
                0x08003630                free
 .text.stm32_exti_init
                0x0800364c       0x70 zephyr/drivers/interrupt_controller/libdrivers__interrupt_controller.a(intc_exti_stm32.c.obj)
 .text.stm32_exti_is_pending
                0x080036bc       0x20 zephyr/drivers/interrupt_controller/libdrivers__interrupt_controller.a(intc_exti_stm32.c.obj)
                0x080036bc                stm32_exti_is_pending
 .text.stm32_exti_clear_pending
                0x080036dc       0x20 zephyr/drivers/interrupt_controller/libdrivers__interrupt_controller.a(intc_exti_stm32.c.obj)
                0x080036dc                stm32_exti_clear_pending
 .text.stm32_fill_irq_table
                0x080036fc       0x18 zephyr/drivers/interrupt_controller/libdrivers__interrupt_controller.a(intc_gpio_stm32.c.obj)
 .text.stm32_intc_gpio_isr
                0x08003714       0x4c zephyr/drivers/interrupt_controller/libdrivers__interrupt_controller.a(intc_gpio_stm32.c.obj)
 .text.ll_exti_line_to_linenum
                0x08003760       0x58 zephyr/drivers/interrupt_controller/libdrivers__interrupt_controller.a(intc_gpio_stm32.c.obj)
 .text.stm32_gpio_intc_enable_line
                0x080037b8       0x24 zephyr/drivers/interrupt_controller/libdrivers__interrupt_controller.a(intc_gpio_stm32.c.obj)
                0x080037b8                stm32_gpio_intc_enable_line
 .text.stm32_gpio_intc_disable_line
                0x080037dc       0x10 zephyr/drivers/interrupt_controller/libdrivers__interrupt_controller.a(intc_gpio_stm32.c.obj)
                0x080037dc                stm32_gpio_intc_disable_line
 .text.stm32_gpio_intc_select_line_trigger
                0x080037ec       0x70 zephyr/drivers/interrupt_controller/libdrivers__interrupt_controller.a(intc_gpio_stm32.c.obj)
                0x080037ec                stm32_gpio_intc_select_line_trigger
 .text.stm32_gpio_intc_set_irq_callback
                0x0800385c       0x38 zephyr/drivers/interrupt_controller/libdrivers__interrupt_controller.a(intc_gpio_stm32.c.obj)
                0x0800385c                stm32_gpio_intc_set_irq_callback
 .text.stm32_gpio_intc_remove_irq_callback
                0x08003894       0x1c zephyr/drivers/interrupt_controller/libdrivers__interrupt_controller.a(intc_gpio_stm32.c.obj)
                0x08003894                stm32_gpio_intc_remove_irq_callback
 .text.stm32_exti_get_line_src_port
                0x080038b0       0x30 zephyr/drivers/interrupt_controller/libdrivers__interrupt_controller.a(intc_gpio_stm32.c.obj)
                0x080038b0                stm32_exti_get_line_src_port
 .text.stm32_clock_control_get_subsys_rate
                0x080038e0       0xfc zephyr/drivers/clock_control/libdrivers__clock_control.a(clock_stm32_ll_common.c.obj)
 .text.enabled_clock
                0x080039dc       0x20 zephyr/drivers/clock_control/libdrivers__clock_control.a(clock_stm32_ll_common.c.obj)
                0x080039dc                enabled_clock
 .text.stm32_clock_control_init
                0x080039fc      0x140 zephyr/drivers/clock_control/libdrivers__clock_control.a(clock_stm32_ll_common.c.obj)
                0x080039fc                stm32_clock_control_init
 .text.get_pllsrc_frequency
                0x08003b3c        0x8 zephyr/drivers/clock_control/libdrivers__clock_control.a(clock_stm32f2_f4_f7.c.obj)
                0x08003b3c                get_pllsrc_frequency
 .text.config_pll_sysclock
                0x08003b44       0x48 zephyr/drivers/clock_control/libdrivers__clock_control.a(clock_stm32f2_f4_f7.c.obj)
                0x08003b44                config_pll_sysclock
 .text.config_enable_default_clocks
                0x08003b8c       0x20 zephyr/drivers/clock_control/libdrivers__clock_control.a(clock_stm32f2_f4_f7.c.obj)
                0x08003b8c                config_enable_default_clocks
 .text.z_impl_uart_poll_out.constprop.0
                0x08003bac       0x58 zephyr/drivers/console/libdrivers__console.a(uart_console.c.obj)
 .text.uart_console_init
                0x08003c04       0x28 zephyr/drivers/console/libdrivers__console.a(uart_console.c.obj)
 .text.gpio_stm32_manage_callback
                0x08003c2c       0xa4 zephyr/drivers/gpio/libdrivers__gpio.a(gpio_stm32.c.obj)
 .text.gpio_stm32_pin_interrupt_configure
                0x08003cd0       0xac zephyr/drivers/gpio/libdrivers__gpio.a(gpio_stm32.c.obj)
 .text.gpio_stm32_isr
                0x08003d7c       0x58 zephyr/drivers/gpio/libdrivers__gpio.a(gpio_stm32.c.obj)
 .text.i2c_stm32_runtime_configure
                0x08003dd4       0xbc zephyr/drivers/i2c/libdrivers__i2c.a(i2c_stm32.c.obj)
                0x08003dd4                i2c_stm32_runtime_configure
 .text.i2c_stm32_init
                0x08003e90       0x9c zephyr/drivers/i2c/libdrivers__i2c.a(i2c_stm32.c.obj)
 .text.i2c_stm32_activate
                0x08003f2c       0x84 zephyr/drivers/i2c/libdrivers__i2c.a(i2c_stm32_common.c.obj)
                0x08003f2c                i2c_stm32_activate
 .text.i2c_stm32_configure_timing
                0x08003fb0       0xa8 zephyr/drivers/i2c/libdrivers__i2c.a(i2c_stm32_v1.c.obj)
                0x08003fb0                i2c_stm32_configure_timing
 .text.pwm_stm32_init
                0x08004058      0x278 zephyr/drivers/pwm/libdrivers__pwm.a(pwm_stm32.c.obj)
 .text.pwm_stm32_set_cycles
                0x080042d0      0x22c zephyr/drivers/pwm/libdrivers__pwm.a(pwm_stm32.c.obj)
 .text.lps22hb_channel_get
                0x080044fc       0x54 zephyr/drivers/sensor/st/lps22hb/libdrivers__sensor__st__lps22hb.a(lps22hb.c.obj)
 .text.z_impl_i2c_transfer
                0x08004550       0x88 zephyr/drivers/sensor/st/lps22hb/libdrivers__sensor__st__lps22hb.a(lps22hb.c.obj)
 .text.lps22hb_sample_fetch
                0x080045d8       0x8c zephyr/drivers/sensor/st/lps22hb/libdrivers__sensor__st__lps22hb.a(lps22hb.c.obj)
 .text.qdec_stm32_initialize
                0x08004664      0x16c zephyr/drivers/sensor/st/qdec_stm32/libdrivers__sensor__st__qdec_stm32.a(qdec_stm32.c.obj)
 .text.uart_stm32_set_baudrate.isra.0
                0x080047d0       0xfc zephyr/drivers/serial/libdrivers__serial.a(uart_stm32.c.obj)
 .text.uart_stm32_parameters_set
                0x080048cc      0x104 zephyr/drivers/serial/libdrivers__serial.a(uart_stm32.c.obj)
 .text.uart_stm32_init
                0x080049d0      0x160 zephyr/drivers/serial/libdrivers__serial.a(uart_stm32.c.obj)
 .text.uart_stm32_configure
                0x08004b30       0xf8 zephyr/drivers/serial/libdrivers__serial.a(uart_stm32.c.obj)
 .text.elapsed  0x08004c28       0x44 zephyr/drivers/timer/libdrivers__timer.a(cortex_m_systick.c.obj)
 .text.sys_clock_driver_init
                0x08004c6c       0x34 zephyr/drivers/timer/libdrivers__timer.a(cortex_m_systick.c.obj)
 .text.sys_clock_isr
                0x08004ca0       0x70 zephyr/drivers/timer/libdrivers__timer.a(cortex_m_systick.c.obj)
                0x08004ca0                sys_clock_isr
 .text.sys_clock_set_timeout
                0x08004d10      0x124 zephyr/drivers/timer/libdrivers__timer.a(cortex_m_systick.c.obj)
                0x08004d10                sys_clock_set_timeout
 .text.sys_clock_elapsed
                0x08004e34       0x60 zephyr/drivers/timer/libdrivers__timer.a(cortex_m_systick.c.obj)
                0x08004e34                sys_clock_elapsed
 .text.sys_clock_cycle_get_32
                0x08004e94       0x20 zephyr/drivers/timer/libdrivers__timer.a(cortex_m_systick.c.obj)
                0x08004e94                sys_clock_cycle_get_32
 .text.HAL_RCC_GetSysClockFreq
                0x08004eb4       0x90 modules/hal_stm32/stm32cube/lib..__modules__hal__stm32__stm32cube.a(stm32f4xx_hal_rcc_ex.c.obj)
                0x08004eb4                HAL_RCC_GetSysClockFreq
 .text.LL_SetFlashLatency
                0x08004f44      0x128 modules/hal_stm32/stm32cube/lib..__modules__hal__stm32__stm32cube.a(stm32f4xx_ll_utils.c.obj)
                0x08004f44                LL_SetFlashLatency
 .text.do_device_init
                0x0800506c       0x60 zephyr/kernel/libkernel.a(device.c.obj)
                0x0800506c                do_device_init
 .text.z_fatal_error
                0x080050cc       0x60 zephyr/kernel/libkernel.a(fatal.c.obj)
                0x080050cc                z_fatal_error
 .text.z_sys_init_run_level
                0x0800512c       0x30 zephyr/kernel/libkernel.a(init.c.obj)
 .text.bg_thread_main
                0x0800515c      0x11c zephyr/kernel/libkernel.a(init.c.obj)
 .text.z_init_cpu
                0x08005278       0x6c zephyr/kernel/libkernel.a(init.c.obj)
                0x08005278                z_init_cpu
 .text.z_cstart
                0x080052e4      0x10c zephyr/kernel/libkernel.a(init.c.obj)
                0x080052e4                z_cstart
 .text.idle     0x080053f0       0x48 zephyr/kernel/libkernel.a(idle.c.obj)
                0x080053f0                idle
 .text.z_impl_k_mutex_lock
                0x08005438      0x190 zephyr/kernel/libkernel.a(mutex.c.obj)
                0x08005438                z_impl_k_mutex_lock
 .text.z_impl_k_mutex_unlock
                0x080055c8      0x1a0 zephyr/kernel/libkernel.a(mutex.c.obj)
                0x080055c8                z_impl_k_mutex_unlock
 .text.unpend_thread_no_timeout
                0x08005768       0x40 zephyr/kernel/libkernel.a(sem.c.obj)
 .text.z_impl_k_sem_give
                0x080057a8       0xf8 zephyr/kernel/libkernel.a(sem.c.obj)
                0x080057a8                z_impl_k_sem_give
 .text.z_impl_k_sem_take
                0x080058a0       0xf4 zephyr/kernel/libkernel.a(sem.c.obj)
                0x080058a0                z_impl_k_sem_take
 .text.z_impl_k_sem_reset
                0x08005994      0x100 zephyr/kernel/libkernel.a(sem.c.obj)
                0x08005994                z_impl_k_sem_reset
 .text.z_setup_new_thread
                0x08005a94       0xf0 zephyr/kernel/libkernel.a(thread.c.obj)
                0x08005a94                z_setup_new_thread
 .text.z_dummy_thread_init
                0x08005b84       0x18 zephyr/kernel/libkernel.a(thread.c.obj)
                0x08005b84                z_dummy_thread_init
 .text.z_impl_k_wakeup
                0x08005b9c       0xb0 zephyr/kernel/libkernel.a(thread.c.obj)
                0x08005b9c                z_impl_k_wakeup
 .text.z_impl_k_thread_create
                0x08005c4c       0x8c zephyr/kernel/libkernel.a(thread.c.obj)
                0x08005c4c                z_impl_k_thread_create
 .text.z_thread_abort
                0x08005cd8       0xc8 zephyr/kernel/libkernel.a(thread.c.obj)
                0x08005cd8                z_thread_abort
 .text.z_impl_k_yield
                0x08005da0       0x40 zephyr/kernel/libkernel.a(thread.c.obj)
                0x08005da0                z_impl_k_yield
 .text.unready_thread
                0x08005de0       0xbc zephyr/kernel/libkernel.a(sched.c.obj)
 .text.ready_thread
                0x08005e9c       0xd0 zephyr/kernel/libkernel.a(sched.c.obj)
 .text.unpend_thread_no_timeout
                0x08005f6c       0x38 zephyr/kernel/libkernel.a(sched.c.obj)
 .text.z_swap_irqlock
                0x08005fa4       0x64 zephyr/kernel/libkernel.a(sched.c.obj)
 .text.reschedule
                0x08006008       0x8c zephyr/kernel/libkernel.a(sched.c.obj)
 .text.move_current_to_end_of_prio_q
                0x08006094       0x6c zephyr/kernel/libkernel.a(sched.c.obj)
                0x08006094                move_current_to_end_of_prio_q
 .text.z_ready_thread
                0x08006100       0x8c zephyr/kernel/libkernel.a(sched.c.obj)
                0x08006100                z_ready_thread
 .text.z_thread_halt
                0x0800618c      0x234 zephyr/kernel/libkernel.a(sched.c.obj)
                0x0800618c                z_thread_halt
 .text.z_sched_lock_reschedule
                0x080063c0       0x74 zephyr/kernel/libkernel.a(sched.c.obj)
                0x080063c0                z_sched_lock_reschedule
 .text.z_sched_yield
                0x08006434       0xec zephyr/kernel/libkernel.a(sched.c.obj)
                0x08006434                z_sched_yield
 .text.z_thread_timeout
                0x08006520       0xa0 zephyr/kernel/libkernel.a(sched.c.obj)
                0x08006520                z_thread_timeout
 .text.z_pend_curr
                0x080065c0      0x10c zephyr/kernel/libkernel.a(sched.c.obj)
                0x080065c0                z_pend_curr
 .text.z_thread_prio_set
                0x080066cc      0x1b4 zephyr/kernel/libkernel.a(sched.c.obj)
                0x080066cc                z_thread_prio_set
 .text.z_tick_sleep
                0x08006880      0x154 zephyr/kernel/libkernel.a(sleep.c.obj)
 .text.z_impl_k_sleep
                0x080069d4       0x64 zephyr/kernel/libkernel.a(sleep.c.obj)
                0x080069d4                z_impl_k_sleep
 .text.z_sched_init
                0x08006a38       0x10 zephyr/kernel/libkernel.a(scheduler.c.obj)
                0x08006a38                z_sched_init
 .text.k_sched_lock
                0x08006a48       0xdc zephyr/kernel/libkernel.a(scheduler.c.obj)
                0x08006a48                k_sched_lock
 .text.k_sched_unlock
                0x08006b24       0xac zephyr/kernel/libkernel.a(scheduler.c.obj)
                0x08006b24                k_sched_unlock
 .text.z_impl_k_sched_current_thread_query
                0x08006bd0        0xc zephyr/kernel/libkernel.a(scheduler.c.obj)
                0x08006bd0                z_impl_k_sched_current_thread_query
 .text.z_time_slice_size
                0x08006bdc       0x40 zephyr/kernel/libkernel.a(timeslicing.c.obj)
 .text.slice_timeout
                0x08006c1c       0x5c zephyr/kernel/libkernel.a(timeslicing.c.obj)
 .text.z_time_slice_reset
                0x08006c78       0x44 zephyr/kernel/libkernel.a(timeslicing.c.obj)
                0x08006c78                z_time_slice_reset
 .text.z_time_slice
                0x08006cbc       0xcc zephyr/kernel/libkernel.a(timeslicing.c.obj)
                0x08006cbc                z_time_slice
 .text.z_spin_lock_valid
                0x08006d88       0x1c zephyr/kernel/libkernel.a(spinlock_validate.c.obj)
                0x08006d88                z_spin_lock_valid
 .text.z_spin_unlock_valid
                0x08006da4       0x2c zephyr/kernel/libkernel.a(spinlock_validate.c.obj)
                0x08006da4                z_spin_unlock_valid
 .text.z_spin_lock_set_owner
                0x08006dd0       0x10 zephyr/kernel/libkernel.a(spinlock_validate.c.obj)
                0x08006dd0                z_spin_lock_set_owner
 .text.first    0x08006de0       0x10 zephyr/kernel/libkernel.a(timeout.c.obj)
 .text.elapsed  0x08006df0       0x10 zephyr/kernel/libkernel.a(timeout.c.obj)
 .text.z_add_timeout
                0x08006e00      0x1c4 zephyr/kernel/libkernel.a(timeout.c.obj)
                0x08006e00                z_add_timeout
 .text.z_abort_timeout
                0x08006fc4      0x100 zephyr/kernel/libkernel.a(timeout.c.obj)
                0x08006fc4                z_abort_timeout
 .text.sys_clock_announce_locked
                0x080070c4      0x13c zephyr/kernel/libkernel.a(timeout.c.obj)
                0x080070c4                sys_clock_announce_locked
 .text.sys_clock_lock
                0x08007200       0x54 zephyr/kernel/libkernel.a(timeout.c.obj)
                0x08007200                sys_clock_lock
 .text.sys_clock_unlock
                0x08007254       0x4c zephyr/kernel/libkernel.a(timeout.c.obj)
                0x08007254                sys_clock_unlock
 .text.sys_clock_tick_get
                0x080072a0       0x9c zephyr/kernel/libkernel.a(timeout.c.obj)
                0x080072a0                sys_clock_tick_get
 .text.sscanf   0x0800733c       0x40 /home/thanga-inc-5829/zephyr-sdk-1.0.1/gnu/arm-zephyr-eabi/bin/../lib/gcc/arm-zephyr-eabi/14.3.0/../../../../arm-zephyr-eabi/lib/thumb/v7e-m+fp/hard/space/libc.a(libc_tinystdio_sscanf.c.o)
                0x0800733c                sscanf
 .text.skip_to_arg
                0x0800737c      0x120 /home/thanga-inc-5829/zephyr-sdk-1.0.1/gnu/arm-zephyr-eabi/bin/../lib/gcc/arm-zephyr-eabi/14.3.0/../../../../arm-zephyr-eabi/lib/thumb/v7e-m+fp/hard/space/libc.a(libc_tinystdio_vfprintf.c.o)
 .text.vfprintf
                0x0800749c      0x95c /home/thanga-inc-5829/zephyr-sdk-1.0.1/gnu/arm-zephyr-eabi/bin/../lib/gcc/arm-zephyr-eabi/14.3.0/../../../../arm-zephyr-eabi/lib/thumb/v7e-m+fp/hard/space/libc.a(libc_tinystdio_vfprintf.c.o)
                0x0800749c                __d_vfprintf
 .text.vfscanf  0x08007df8      0x854 /home/thanga-inc-5829/zephyr-sdk-1.0.1/gnu/arm-zephyr-eabi/bin/../lib/gcc/arm-zephyr-eabi/14.3.0/../../../../arm-zephyr-eabi/lib/thumb/v7e-m+fp/hard/space/libc.a(libc_tinystdio_vfscanf.c.o)
                0x08007df8                __d_vfscanf
 .text.div10    0x0800864c       0x28 /home/thanga-inc-5829/zephyr-sdk-1.0.1/gnu/arm-zephyr-eabi/bin/../lib/gcc/arm-zephyr-eabi/14.3.0/../../../../arm-zephyr-eabi/lib/thumb/v7e-m+fp/hard/space/libc.a(libc_tinystdio_dtoa_ryu.c.o)
 .text.__dtoa_engine
                0x08008674      0x474 /home/thanga-inc-5829/zephyr-sdk-1.0.1/gnu/arm-zephyr-eabi/bin/../lib/gcc/arm-zephyr-eabi/14.3.0/../../../../arm-zephyr-eabi/lib/thumb/v7e-m+fp/hard/space/libc.a(libc_tinystdio_dtoa_ryu.c.o)
                0x08008674                __dtoa_engine
 .text.__log10Pow2
                0x08008ae8        0xc /home/thanga-inc-5829/zephyr-sdk-1.0.1/gnu/arm-zephyr-eabi/bin/../lib/gcc/arm-zephyr-eabi/14.3.0/../../../../arm-zephyr-eabi/lib/thumb/v7e-m+fp/hard/space/libc.a(libc_tinystdio_ryu_log10.c.o)
                0x08008ae8                __log10Pow2
 .text.__log10Pow5
                0x08008af4        0xc /home/thanga-inc-5829/zephyr-sdk-1.0.1/gnu/arm-zephyr-eabi/bin/../lib/gcc/arm-zephyr-eabi/14.3.0/../../../../arm-zephyr-eabi/lib/thumb/v7e-m+fp/hard/space/libc.a(libc_tinystdio_ryu_log10.c.o)
                0x08008af4                __log10Pow5
 .text.__log2pow5
                0x08008b00        0xc /home/thanga-inc-5829/zephyr-sdk-1.0.1/gnu/arm-zephyr-eabi/bin/../lib/gcc/arm-zephyr-eabi/14.3.0/../../../../arm-zephyr-eabi/lib/thumb/v7e-m+fp/hard/space/libc.a(libc_tinystdio_ryu_log2pow5.c.o)
                0x08008b00                __log2pow5
 .text.__ceil_log2pow5
                0x08008b0c       0x10 /home/thanga-inc-5829/zephyr-sdk-1.0.1/gnu/arm-zephyr-eabi/bin/../lib/gcc/arm-zephyr-eabi/14.3.0/../../../../arm-zephyr-eabi/lib/thumb/v7e-m+fp/hard/space/libc.a(libc_tinystdio_ryu_log2pow5.c.o)
                0x08008b0c                __ceil_log2pow5
 .text.__pow5bits
                0x08008b1c       0x10 /home/thanga-inc-5829/zephyr-sdk-1.0.1/gnu/arm-zephyr-eabi/bin/../lib/gcc/arm-zephyr-eabi/14.3.0/../../../../arm-zephyr-eabi/lib/thumb/v7e-m+fp/hard/space/libc.a(libc_tinystdio_ryu_pow5bits.c.o)
                0x08008b1c                __pow5bits
 .text.__pow5Factor
                0x08008b2c       0x30 /home/thanga-inc-5829/zephyr-sdk-1.0.1/gnu/arm-zephyr-eabi/bin/../lib/gcc/arm-zephyr-eabi/14.3.0/../../../../arm-zephyr-eabi/lib/thumb/v7e-m+fp/hard/space/libc.a(libc_tinystdio_ryu_table.c.o)
                0x08008b2c                __pow5Factor
 .text.__double_computePow5
                0x08008b5c       0xe8 /home/thanga-inc-5829/zephyr-sdk-1.0.1/gnu/arm-zephyr-eabi/bin/../lib/gcc/arm-zephyr-eabi/14.3.0/../../../../arm-zephyr-eabi/lib/thumb/v7e-m+fp/hard/space/libc.a(libc_tinystdio_ryu_table.c.o)
                0x08008b5c                __double_computePow5
 .text.__double_computeInvPow5
                0x08008c44       0xf8 /home/thanga-inc-5829/zephyr-sdk-1.0.1/gnu/arm-zephyr-eabi/bin/../lib/gcc/arm-zephyr-eabi/14.3.0/../../../../arm-zephyr-eabi/lib/thumb/v7e-m+fp/hard/space/libc.a(libc_tinystdio_ryu_table.c.o)
                0x08008c44                __double_computeInvPow5
 .text.__fpclassifyd
                0x08008d3c       0x44 /home/thanga-inc-5829/zephyr-sdk-1.0.1/gnu/arm-zephyr-eabi/bin/../lib/gcc/arm-zephyr-eabi/14.3.0/../../../../arm-zephyr-eabi/lib/thumb/v7e-m+fp/hard/space/libc.a(libm_common_s_fpclassify.c.o)
                0x08008d3c                __fpclassifyl
                0x08008d3c                __fpclassifyd
 .text._OffsetAbsSyms
                0x08008d80        0x2 zephyr/CMakeFiles/offsets.dir/./arch/arm/core/offsets/offsets.c.obj
                0x08008d80                _OffsetAbsSyms
 .text.k_uptime_get
                0x08008d82       0x10 app/libapp.a(main.cpp.obj)
 .text._ZN12AlarmManager3addEP13AlarmObserver
                0x08008d92       0x10 app/libapp.a(alarm.cpp.obj)
                0x08008d92                AlarmManager::add(AlarmObserver*)
 .text._ZN12AlarmManager6notifyE9AlarmType
                0x08008da2       0x34 app/libapp.a(alarm.cpp.obj)
                0x08008da2                AlarmManager::notify(AlarmType)
 .text._ZN12AlarmManager5clearE9AlarmType
                0x08008dd6       0x34 app/libapp.a(alarm.cpp.obj)
                0x08008dd6                AlarmManager::clear(AlarmType)
 .text._ZN12AlarmManager8clearAllEv
                0x08008e0a       0x22 app/libapp.a(alarm.cpp.obj)
                0x08008e0a                AlarmManager::clearAll()
 .text._ZN16ConstantRateMode17computeTargetRateEv
                0x08008e2c        0x6 app/libapp.a(infusion.cpp.obj)
                0x08008e2c                ConstantRateMode::computeTargetRate()
 .text._ZN14LinearRampModeD2Ev
                0x08008e32        0x2 app/libapp.a(infusion.cpp.obj)
                0x08008e32                LinearRampMode::~LinearRampMode()
                0x08008e32                LinearRampMode::~LinearRampMode()
 .text._ZN16ConstantRateModeD2Ev
                0x08008e34        0x2 app/libapp.a(infusion.cpp.obj)
                0x08008e34                ConstantRateMode::~ConstantRateMode()
                0x08008e34                ConstantRateMode::~ConstantRateMode()
 .text._ZN14LinearRampModeD0Ev
                0x08008e36        0xe app/libapp.a(infusion.cpp.obj)
                0x08008e36                LinearRampMode::~LinearRampMode()
 .text._ZN16ConstantRateModeD0Ev
                0x08008e44        0xe app/libapp.a(infusion.cpp.obj)
                0x08008e44                ConstantRateMode::~ConstantRateMode()
 .text._ZN12InfusionMode3runEv
                0x08008e52       0x2a app/libapp.a(infusion.cpp.obj)
                0x08008e52                InfusionMode::run()
 .text._Z11switch_modeP12InfusionModeS0_
                0x08008e7c       0x3a app/libapp.a(infusion.cpp.obj)
                0x08008e7c                switch_mode(InfusionMode*, InfusionMode*)
 .text._ZN3buzD2Ev
                0x08008eb6        0x2 app/libapp.a(hardware.cpp.obj)
                0x08008eb6                buz::~buz()
                0x08008eb6                buz::~buz()
 .text._ZN3ledD2Ev
                0x08008eb8        0x2 app/libapp.a(hardware.cpp.obj)
                0x08008eb8                led::~led()
                0x08008eb8                led::~led()
 .text._ZN3buzD0Ev
                0x08008eba        0xe app/libapp.a(hardware.cpp.obj)
                0x08008eba                buz::~buz()
 .text._ZN3ledD0Ev
                0x08008ec8        0xe app/libapp.a(hardware.cpp.obj)
                0x08008ec8                led::~led()
 .text.chunk_size
                0x08008ed6        0xa zephyr/libzephyr.a(heap.c.obj)
 .text.right_chunk
                0x08008ee0        0xa zephyr/libzephyr.a(heap.c.obj)
 .text.free_list_remove_bidx
                0x08008eea       0x56 zephyr/libzephyr.a(heap.c.obj)
 .text.free_list_remove
                0x08008f40       0x1a zephyr/libzephyr.a(heap.c.obj)
 .text.free_list_add
                0x08008f5a       0x6c zephyr/libzephyr.a(heap.c.obj)
 .text.free_chunk_check.isra.0
                0x08008fc6       0x40 zephyr/libzephyr.a(heap.c.obj)
 .text.merge_chunks
                0x08009006       0x2c zephyr/libzephyr.a(heap.c.obj)
 .text.sys_heap_free
                0x08009032       0xd8 zephyr/libzephyr.a(heap.c.obj)
                0x08009032                sys_heap_free
 .text.arch_printk_char_out
                0x0800910a        0x4 zephyr/libzephyr.a(printk.c.obj)
                0x0800910a                arch_printk_char_out
 .text.printk   0x0800910e       0x1a zephyr/libzephyr.a(printk.c.obj)
                0x0800910e                printk
 .text.assert_post_action
                0x08009128       0x12 zephyr/libzephyr.a(assert.c.obj)
                0x08009128                assert_post_action
 .text.assert_print
                0x0800913a       0x1a zephyr/libzephyr.a(assert.c.obj)
                0x0800913a                assert_print
 .text._ConfigAbsSyms
                0x08009154        0x2 zephyr/libzephyr.a(configs.c.obj)
                0x08009154                _ConfigAbsSyms
 .text.stm32_gpioport_configure_pin
                0x08009156      0x12a zephyr/libzephyr.a(gpioport_mgr.c.obj)
                0x08009156                stm32_gpioport_configure_pin
 .text.arch_early_memset
                0x08009280        0x4 zephyr/arch/common/libarch__common.a(init.c.obj)
                0x08009280                arch_early_memset
 .text.arch_early_memcpy
                0x08009284        0x4 zephyr/arch/common/libarch__common.a(init.c.obj)
                0x08009284                arch_early_memcpy
 .text.z_do_kernel_oops
                0x08009288        0x8 zephyr/arch/arch/arm/core/libarch__arm__core.a(fatal.c.obj)
                0x08009288                z_do_kernel_oops
 .text.z_arm_nmi
                0x08009290        0xe zephyr/arch/arch/arm/core/libarch__arm__core.a(nmi.c.obj)
                0x08009290                z_arm_nmi
 .text.z_irq_spurious
                0x0800929e        0x8 zephyr/arch/arch/arm/core/cortex_m/libarch__arm__core__cortex_m.a(irq_manage.c.obj)
                0x0800929e                z_irq_spurious
 .text.arch_coprocessors_disable
                0x080092a6        0x4 zephyr/arch/arch/arm/core/cortex_m/libarch__arm__core__cortex_m.a(thread.c.obj)
                0x080092a6                arch_coprocessors_disable
 .text.arch_irq_unlock_outlined
                0x080092aa        0xe zephyr/arch/arch/arm/core/cortex_m/libarch__arm__core__cortex_m.a(thread.c.obj)
                0x080092aa                arch_irq_unlock_outlined
 .text.arch_cpu_idle
                0x080092b8       0x1a zephyr/arch/arch/arm/core/cortex_m/libarch__arm__core__cortex_m.a(cpu_idle.c.obj)
                0x080092b8                arch_cpu_idle
 .text.size_to_mpu_rasr_size
                0x080092d2       0x20 zephyr/arch/arch/arm/core/mpu/libarch__arm__core__mpu.a(arm_mpu.c.obj)
 .text.picolibc_put
                0x080092f2        0xa zephyr/lib/libc/picolibc/liblib__libc__picolibc.a(stdio.c.obj)
 .text.stm32_exti_gpio_intc_init
                0x080092fc       0x92 zephyr/drivers/interrupt_controller/libdrivers__interrupt_controller.a(intc_gpio_stm32.c.obj)
 .text.stm32_gpio_intc_get_pin_irq_line
                0x0800938e        0xa zephyr/drivers/interrupt_controller/libdrivers__interrupt_controller.a(intc_gpio_stm32.c.obj)
                0x0800938e                stm32_gpio_intc_get_pin_irq_line
 .text.stm32_exti_set_line_src_port
                0x08009398       0x36 zephyr/drivers/interrupt_controller/libdrivers__interrupt_controller.a(intc_gpio_stm32.c.obj)
                0x08009398                stm32_exti_set_line_src_port
 .text.stm32_clock_control_on
                0x080093ce       0x44 zephyr/drivers/clock_control/libdrivers__clock_control.a(clock_stm32_ll_common.c.obj)
 .text.stm32_clock_control_off
                0x08009412       0x2c zephyr/drivers/clock_control/libdrivers__clock_control.a(clock_stm32_ll_common.c.obj)
 .text.stm32_clock_control_configure
                0x0800943e       0x46 zephyr/drivers/clock_control/libdrivers__clock_control.a(clock_stm32_ll_common.c.obj)
 .text.stm32_clock_control_get_status
                0x08009484       0x38 zephyr/drivers/clock_control/libdrivers__clock_control.a(clock_stm32_ll_common.c.obj)
 .text.config_regulator_voltage
                0x080094bc        0x2 zephyr/drivers/clock_control/libdrivers__clock_control.a(clock_stm32_ll_common.c.obj)
                0x080094bc                config_regulator_voltage
 .text.console_out
                0x080094be       0x18 zephyr/drivers/console/libdrivers__console.a(uart_console.c.obj)
 .text.gpio_stm32_port_get_raw
                0x080094d6        0xc zephyr/drivers/gpio/libdrivers__gpio.a(gpio_stm32.c.obj)
 .text.gpio_stm32_port_set_masked_raw
                0x080094e2       0x12 zephyr/drivers/gpio/libdrivers__gpio.a(gpio_stm32.c.obj)
 .text.gpio_stm32_port_set_bits_raw
                0x080094f4        0xa zephyr/drivers/gpio/libdrivers__gpio.a(gpio_stm32.c.obj)
 .text.gpio_stm32_port_clear_bits_raw
                0x080094fe        0xc zephyr/drivers/gpio/libdrivers__gpio.a(gpio_stm32.c.obj)
 .text.gpio_stm32_port_toggle_bits
                0x0800950a        0xe zephyr/drivers/gpio/libdrivers__gpio.a(gpio_stm32.c.obj)
 .text.gpio_stm32_config
                0x08009518       0x96 zephyr/drivers/gpio/libdrivers__gpio.a(gpio_stm32.c.obj)
 .text.i2c_stm32_get_config
                0x080095ae       0x16 zephyr/drivers/i2c/libdrivers__i2c.a(i2c_stm32.c.obj)
                0x080095ae                i2c_stm32_get_config
 .text.i2c_stm32_irq_config_func_0
                0x080095c4       0x26 zephyr/drivers/i2c/libdrivers__i2c.a(i2c_stm32.c.obj)
 .text.i2c_stm32_irq_config_func_1
                0x080095ea       0x26 zephyr/drivers/i2c/libdrivers__i2c.a(i2c_stm32.c.obj)
 .text.i2c_stm32_irq_config_func_2
                0x08009610       0x26 zephyr/drivers/i2c/libdrivers__i2c.a(i2c_stm32.c.obj)
 .text.i2c_stm32_transfer
                0x08009636       0x8e zephyr/drivers/i2c/libdrivers__i2c.a(i2c_stm32.c.obj)
 .text.i2c_stm32_set_smbus_mode
                0x080096c4       0x16 zephyr/drivers/i2c/libdrivers__i2c.a(i2c_stm32.c.obj)
                0x080096c4                i2c_stm32_set_smbus_mode
 .text.i2c_stm32_event_isr
                0x080096da        0x4 zephyr/drivers/i2c/libdrivers__i2c.a(i2c_stm32_common.c.obj)
                0x080096da                i2c_stm32_event_isr
 .text.i2c_stm32_error_isr
                0x080096de        0x4 zephyr/drivers/i2c/libdrivers__i2c.a(i2c_stm32_common.c.obj)
                0x080096de                i2c_stm32_error_isr
 .text.i2c_stm32_disable_transfer_interrupts
                0x080096e2       0x36 zephyr/drivers/i2c/libdrivers__i2c.a(i2c_stm32_v1.c.obj)
 .text.i2c_stm32_reset
                0x08009718       0x5a zephyr/drivers/i2c/libdrivers__i2c.a(i2c_stm32_v1.c.obj)
 .text.i2c_stm32_controller_finish
                0x08009772       0x1c zephyr/drivers/i2c/libdrivers__i2c.a(i2c_stm32_v1.c.obj)
 .text.handle_txe
                0x0800978e       0x52 zephyr/drivers/i2c/libdrivers__i2c.a(i2c_stm32_v1.c.obj)
 .text.msg_end.isra.0
                0x080097e0       0x42 zephyr/drivers/i2c/libdrivers__i2c.a(i2c_stm32_v1.c.obj)
 .text.i2c_stm32_enable_transfer_interrupts.isra.0
                0x08009822       0x1c zephyr/drivers/i2c/libdrivers__i2c.a(i2c_stm32_v1.c.obj)
 .text.msg_init.isra.0
                0x0800983e       0x72 zephyr/drivers/i2c/libdrivers__i2c.a(i2c_stm32_v1.c.obj)
 .text.handle_rxne
                0x080098b0       0x9c zephyr/drivers/i2c/libdrivers__i2c.a(i2c_stm32_v1.c.obj)
 .text.i2c_stm32_event
                0x0800994c      0x1b6 zephyr/drivers/i2c/libdrivers__i2c.a(i2c_stm32_v1.c.obj)
                0x0800994c                i2c_stm32_event
 .text.i2c_stm32_error
                0x08009b02       0x6a zephyr/drivers/i2c/libdrivers__i2c.a(i2c_stm32_v1.c.obj)
                0x08009b02                i2c_stm32_error
 .text.i2c_stm32_transaction
                0x08009b6c       0x74 zephyr/drivers/i2c/libdrivers__i2c.a(i2c_stm32_v1.c.obj)
                0x08009b6c                i2c_stm32_transaction
 .text.pinctrl_lookup_state
                0x08009be0       0x26 zephyr/drivers/pinctrl/libdrivers__pinctrl.a(common.c.obj)
                0x08009be0                pinctrl_lookup_state
 .text.pinctrl_configure_pins
                0x08009c06       0x38 zephyr/drivers/pinctrl/libdrivers__pinctrl.a(pinctrl_stm32.c.obj)
                0x08009c06                pinctrl_configure_pins
 .text.LL_TIM_OC_SetCompareCH1
                0x08009c3e        0x4 zephyr/drivers/pwm/libdrivers__pwm.a(pwm_stm32.c.obj)
 .text.LL_TIM_OC_SetCompareCH2
                0x08009c42        0x4 zephyr/drivers/pwm/libdrivers__pwm.a(pwm_stm32.c.obj)
 .text.LL_TIM_OC_SetCompareCH3
                0x08009c46        0x4 zephyr/drivers/pwm/libdrivers__pwm.a(pwm_stm32.c.obj)
 .text.LL_TIM_OC_SetCompareCH4
                0x08009c4a        0x4 zephyr/drivers/pwm/libdrivers__pwm.a(pwm_stm32.c.obj)
 .text.pwm_stm32_get_cycles_per_sec
                0x08009c4e       0x16 zephyr/drivers/pwm/libdrivers__pwm.a(pwm_stm32.c.obj)
 .text.reset_stm32_status
                0x08009c64       0x20 zephyr/drivers/reset/libdrivers__reset.a(reset_stm32.c.obj)
 .text.reset_stm32_line_assert
                0x08009c84       0x1c zephyr/drivers/reset/libdrivers__reset.a(reset_stm32.c.obj)
 .text.reset_stm32_line_deassert
                0x08009ca0       0x1e zephyr/drivers/reset/libdrivers__reset.a(reset_stm32.c.obj)
 .text.reset_stm32_line_toggle
                0x08009cbe       0x16 zephyr/drivers/reset/libdrivers__reset.a(reset_stm32.c.obj)
 .text.i2c_reg_update_byte.constprop.0
                0x08009cd4       0x7a zephyr/drivers/sensor/st/lps22hb/libdrivers__sensor__st__lps22hb.a(lps22hb.c.obj)
 .text.lps22hb_init
                0x08009d4e       0x84 zephyr/drivers/sensor/st/lps22hb/libdrivers__sensor__st__lps22hb.a(lps22hb.c.obj)
 .text.qdec_stm32_fetch
                0x08009dd2       0x38 zephyr/drivers/sensor/st/qdec_stm32/libdrivers__sensor__st__qdec_stm32.a(qdec_stm32.c.obj)
 .text.qdec_stm32_get
                0x08009e0a       0x30 zephyr/drivers/sensor/st/qdec_stm32/libdrivers__sensor__st__qdec_stm32.a(qdec_stm32.c.obj)
 .text.LL_USART_ClearFlag_PE
                0x08009e3a       0x12 zephyr/drivers/serial/libdrivers__serial.a(uart_stm32.c.obj)
 .text.uart_stm32_err_check
                0x08009e4c       0x5e zephyr/drivers/serial/libdrivers__serial.a(uart_stm32.c.obj)
 .text.uart_stm32_poll_in
                0x08009eaa       0x22 zephyr/drivers/serial/libdrivers__serial.a(uart_stm32.c.obj)
 .text.uart_stm32_poll_out
                0x08009ecc       0x36 zephyr/drivers/serial/libdrivers__serial.a(uart_stm32.c.obj)
 .text.uart_stm32_config_get
                0x08009f02       0x8e zephyr/drivers/serial/libdrivers__serial.a(uart_stm32.c.obj)
 .text.z_impl_k_busy_wait
                0x08009f90       0x1c zephyr/kernel/libkernel.a(busy_wait.c.obj)
                0x08009f90                z_impl_k_busy_wait
 .text.z_impl_device_is_ready
                0x08009fac       0x16 zephyr/kernel/libkernel.a(device.c.obj)
                0x08009fac                z_impl_device_is_ready
 .text.arch_system_halt
                0x08009fc2       0x10 zephyr/kernel/libkernel.a(fatal.c.obj)
                0x08009fc2                arch_system_halt
 .text.k_sys_fatal_error_handler
                0x08009fd2        0x6 zephyr/kernel/libkernel.a(fatal.c.obj)
                0x08009fd2                k_sys_fatal_error_handler
 .text.adjust_owner_prio.isra.0
                0x08009fd8       0x10 zephyr/kernel/libkernel.a(mutex.c.obj)
 .text.z_impl_k_sem_init
                0x08009fe8       0x18 zephyr/kernel/libkernel.a(sem.c.obj)
                0x08009fe8                z_impl_k_sem_init
 .text.sys_dlist_remove
                0x0800a000       0x10 zephyr/kernel/libkernel.a(sched.c.obj)
 .text.add_to_waitq_locked
                0x0800a010       0x4c zephyr/kernel/libkernel.a(sched.c.obj)
 .text.z_sched_ready_locked
                0x0800a05c        0x4 zephyr/kernel/libkernel.a(sched.c.obj)
                0x0800a05c                z_sched_ready_locked
 .text.z_sched_unready_locked
                0x0800a060        0x4 zephyr/kernel/libkernel.a(sched.c.obj)
                0x0800a060                z_sched_unready_locked
 .text.z_sched_wake_thread_locked
                0x0800a064       0x28 zephyr/kernel/libkernel.a(sched.c.obj)
                0x0800a064                z_sched_wake_thread_locked
 .text.z_reschedule
                0x0800a08c        0x4 zephyr/kernel/libkernel.a(sched.c.obj)
                0x0800a08c                z_reschedule
 .text.next_timeout
                0x0800a090       0x2e zephyr/kernel/libkernel.a(timeout.c.obj)
 .text.sys_clock_is_locked
                0x0800a0be        0xc zephyr/kernel/libkernel.a(timeout.c.obj)
                0x0800a0be                sys_clock_is_locked
 .text.sys_clock_tick_get_32
                0x0800a0ca        0x8 zephyr/kernel/libkernel.a(timeout.c.obj)
                0x0800a0ca                sys_clock_tick_get_32
 .text.z_impl_k_uptime_ticks
                0x0800a0d2        0x4 zephyr/kernel/libkernel.a(timeout.c.obj)
                0x0800a0d2                z_impl_k_uptime_ticks
 .text._ZdlPvj  0x0800a0d6        0x4 /home/thanga-inc-5829/zephyr-sdk-1.0.1/gnu/arm-zephyr-eabi/bin/../lib/gcc/arm-zephyr-eabi/14.3.0/../../../../arm-zephyr-eabi/lib/thumb/v7e-m+fp/hard/space/libstdc++.a(del_ops.o)
                0x0800a0d6                operator delete(void*, unsigned int)
 .text.__cxa_guard_acquire
                0x0800a0da       0x18 /home/thanga-inc-5829/zephyr-sdk-1.0.1/gnu/arm-zephyr-eabi/bin/../lib/gcc/arm-zephyr-eabi/14.3.0/../../../../arm-zephyr-eabi/lib/thumb/v7e-m+fp/hard/space/libstdc++.a(guard.o)
                0x0800a0da                __cxa_guard_acquire
 .text.__cxa_guard_release
                0x0800a0f2        0x6 /home/thanga-inc-5829/zephyr-sdk-1.0.1/gnu/arm-zephyr-eabi/bin/../lib/gcc/arm-zephyr-eabi/14.3.0/../../../../arm-zephyr-eabi/lib/thumb/v7e-m+fp/hard/space/libstdc++.a(guard.o)
                0x0800a0f2                __cxa_guard_release
 .text._ZdlPv   0x0800a0f8        0x4 /home/thanga-inc-5829/zephyr-sdk-1.0.1/gnu/arm-zephyr-eabi/bin/../lib/gcc/arm-zephyr-eabi/14.3.0/../../../../arm-zephyr-eabi/lib/thumb/v7e-m+fp/hard/space/libstdc++.a(del_op.o)
                0x0800a0f8                operator delete(void*)
 .text.memcpy   0x0800a0fc       0x1c /home/thanga-inc-5829/zephyr-sdk-1.0.1/gnu/arm-zephyr-eabi/bin/../lib/gcc/arm-zephyr-eabi/14.3.0/../../../../arm-zephyr-eabi/lib/thumb/v7e-m+fp/hard/space/libc.a(memcpy.c.o)
                0x0800a0fc                memcpy
                0x0800a0fc                __aeabi_memcpy
                0x0800a0fc                __aeabi_memcpy4
                0x0800a0fc                __aeabi_memcpy8
 .text.memset   0x0800a118       0x10 /home/thanga-inc-5829/zephyr-sdk-1.0.1/gnu/arm-zephyr-eabi/bin/../lib/gcc/arm-zephyr-eabi/14.3.0/../../../../arm-zephyr-eabi/lib/thumb/v7e-m+fp/hard/space/libc.a(memset.c.o)
                0x0800a118                memset
 .text.atof     0x0800a128        0x6 /home/thanga-inc-5829/zephyr-sdk-1.0.1/gnu/arm-zephyr-eabi/bin/../lib/gcc/arm-zephyr-eabi/14.3.0/../../../../arm-zephyr-eabi/lib/thumb/v7e-m+fp/hard/space/libc.a(libc_stdlib_atof.c.o)
                0x0800a128                atof
 .text.strchr   0x0800a12e       0x1a /home/thanga-inc-5829/zephyr-sdk-1.0.1/gnu/arm-zephyr-eabi/bin/../lib/gcc/arm-zephyr-eabi/14.3.0/../../../../arm-zephyr-eabi/lib/thumb/v7e-m+fp/hard/space/libc.a(libc_string_strchr.c.o)
                0x0800a12e                strchr
 .text.strncmp  0x0800a148       0x24 /home/thanga-inc-5829/zephyr-sdk-1.0.1/gnu/arm-zephyr-eabi/bin/../lib/gcc/arm-zephyr-eabi/14.3.0/../../../../arm-zephyr-eabi/lib/thumb/v7e-m+fp/hard/space/libc.a(libc_string_strncmp.c.o)
                0x0800a148                strncmp
 .text.strnlen  0x0800a16c       0x18 /home/thanga-inc-5829/zephyr-sdk-1.0.1/gnu/arm-zephyr-eabi/bin/../lib/gcc/arm-zephyr-eabi/14.3.0/../../../../arm-zephyr-eabi/lib/thumb/v7e-m+fp/hard/space/libc.a(libc_string_strnlen.c.o)
                0x0800a16c                strnlen
 .text.__ultoa_invert
                0x0800a184       0x4e /home/thanga-inc-5829/zephyr-sdk-1.0.1/gnu/arm-zephyr-eabi/bin/../lib/gcc/arm-zephyr-eabi/14.3.0/../../../../arm-zephyr-eabi/lib/thumb/v7e-m+fp/hard/space/libc.a(libc_tinystdio_vfprintf.c.o)
 .text.scanf_getc
                0x0800a1d2       0x14 /home/thanga-inc-5829/zephyr-sdk-1.0.1/gnu/arm-zephyr-eabi/bin/../lib/gcc/arm-zephyr-eabi/14.3.0/../../../../arm-zephyr-eabi/lib/thumb/v7e-m+fp/hard/space/libc.a(libc_tinystdio_vfscanf.c.o)
 .text.scanf_ungetc
                0x0800a1e6       0x10 /home/thanga-inc-5829/zephyr-sdk-1.0.1/gnu/arm-zephyr-eabi/bin/../lib/gcc/arm-zephyr-eabi/14.3.0/../../../../arm-zephyr-eabi/lib/thumb/v7e-m+fp/hard/space/libc.a(libc_tinystdio_vfscanf.c.o)
 .text.skip_spaces
                0x0800a1f6       0x2a /home/thanga-inc-5829/zephyr-sdk-1.0.1/gnu/arm-zephyr-eabi/bin/../lib/gcc/arm-zephyr-eabi/14.3.0/../../../../arm-zephyr-eabi/lib/thumb/v7e-m+fp/hard/space/libc.a(libc_tinystdio_vfscanf.c.o)
 .text.putval   0x0800a220       0x2c /home/thanga-inc-5829/zephyr-sdk-1.0.1/gnu/arm-zephyr-eabi/bin/../lib/gcc/arm-zephyr-eabi/14.3.0/../../../../arm-zephyr-eabi/lib/thumb/v7e-m+fp/hard/space/libc.a(libc_tinystdio_vfscanf.c.o)
 .text.mulShift64
                0x0800a24c       0x62 /home/thanga-inc-5829/zephyr-sdk-1.0.1/gnu/arm-zephyr-eabi/bin/../lib/gcc/arm-zephyr-eabi/14.3.0/../../../../arm-zephyr-eabi/lib/thumb/v7e-m+fp/hard/space/libc.a(libc_tinystdio_atod_ryu.c.o)
 .text.__atof_engine
                0x0800a2ae      0x112 /home/thanga-inc-5829/zephyr-sdk-1.0.1/gnu/arm-zephyr-eabi/bin/../lib/gcc/arm-zephyr-eabi/14.3.0/../../../../arm-zephyr-eabi/lib/thumb/v7e-m+fp/hard/space/libc.a(libc_tinystdio_atof_ryu.c.o)
                0x0800a2ae                __atof_engine
 .text.mulShiftAll64
                0x0800a3c0      0x170 /home/thanga-inc-5829/zephyr-sdk-1.0.1/gnu/arm-zephyr-eabi/bin/../lib/gcc/arm-zephyr-eabi/14.3.0/../../../../arm-zephyr-eabi/lib/thumb/v7e-m+fp/hard/space/libc.a(libc_tinystdio_dtoa_ryu.c.o)
 .text.mulShift32
                0x0800a530       0x2e /home/thanga-inc-5829/zephyr-sdk-1.0.1/gnu/arm-zephyr-eabi/bin/../lib/gcc/arm-zephyr-eabi/14.3.0/../../../../arm-zephyr-eabi/lib/thumb/v7e-m+fp/hard/space/libc.a(libc_tinystdio_ryu_divpow2.c.o)
 .text.__mulPow5InvDivPow2
                0x0800a55e       0x26 /home/thanga-inc-5829/zephyr-sdk-1.0.1/gnu/arm-zephyr-eabi/bin/../lib/gcc/arm-zephyr-eabi/14.3.0/../../../../arm-zephyr-eabi/lib/thumb/v7e-m+fp/hard/space/libc.a(libc_tinystdio_ryu_divpow2.c.o)
                0x0800a55e                __mulPow5InvDivPow2
 .text.__mulPow5divPow2
                0x0800a584       0x20 /home/thanga-inc-5829/zephyr-sdk-1.0.1/gnu/arm-zephyr-eabi/bin/../lib/gcc/arm-zephyr-eabi/14.3.0/../../../../arm-zephyr-eabi/lib/thumb/v7e-m+fp/hard/space/libc.a(libc_tinystdio_ryu_divpow2.c.o)
                0x0800a584                __mulPow5divPow2
 .text.__umul128
                0x0800a5a4       0x2e /home/thanga-inc-5829/zephyr-sdk-1.0.1/gnu/arm-zephyr-eabi/bin/../lib/gcc/arm-zephyr-eabi/14.3.0/../../../../arm-zephyr-eabi/lib/thumb/v7e-m+fp/hard/space/libc.a(libc_tinystdio_ryu_umul128.c.o)
                0x0800a5a4                __umul128
 .text.__shiftright128
                0x0800a5d2       0x3e /home/thanga-inc-5829/zephyr-sdk-1.0.1/gnu/arm-zephyr-eabi/bin/../lib/gcc/arm-zephyr-eabi/14.3.0/../../../../arm-zephyr-eabi/lib/thumb/v7e-m+fp/hard/space/libc.a(libc_tinystdio_ryu_umul128.c.o)
                0x0800a5d2                __shiftright128
 .text.isnan    0x0800a610       0x1e /home/thanga-inc-5829/zephyr-sdk-1.0.1/gnu/arm-zephyr-eabi/bin/../lib/gcc/arm-zephyr-eabi/14.3.0/../../../../arm-zephyr-eabi/lib/thumb/v7e-m+fp/hard/space/libc.a(libm_common_s_isnan.c.o)
                0x0800a610                __isnanl
                0x0800a610                isnan
                0x0800a610                isnanl
                0x0800a610                __isnand
 .text.__dtox_engine
                0x0800a62e      0x10c /home/thanga-inc-5829/zephyr-sdk-1.0.1/gnu/arm-zephyr-eabi/bin/../lib/gcc/arm-zephyr-eabi/14.3.0/../../../../arm-zephyr-eabi/lib/thumb/v7e-m+fp/hard/space/libc.a(libc_tinystdio_dtox_engine.c.o)
                0x0800a62e                __dtox_engine
 .text.getc     0x0800a73a       0x46 /home/thanga-inc-5829/zephyr-sdk-1.0.1/gnu/arm-zephyr-eabi/bin/../lib/gcc/arm-zephyr-eabi/14.3.0/../../../../arm-zephyr-eabi/lib/thumb/v7e-m+fp/hard/space/libc.a(libc_tinystdio_fgetc.c.o)
                0x0800a73a                getc_unlocked
                0x0800a73a                getc
                0x0800a73a                fgetc
 .text.__file_str_get
                0x0800a780       0x14 /home/thanga-inc-5829/zephyr-sdk-1.0.1/gnu/arm-zephyr-eabi/bin/../lib/gcc/arm-zephyr-eabi/14.3.0/../../../../arm-zephyr-eabi/lib/thumb/v7e-m+fp/hard/space/libc.a(libc_tinystdio_filestrget.c.o)
                0x0800a780                __file_str_get
 .text.ungetc   0x0800a794       0x3a /home/thanga-inc-5829/zephyr-sdk-1.0.1/gnu/arm-zephyr-eabi/bin/../lib/gcc/arm-zephyr-eabi/14.3.0/../../../../arm-zephyr-eabi/lib/thumb/v7e-m+fp/hard/space/libc.a(libc_tinystdio_ungetc.c.o)
                0x0800a794                ungetc
 *(SORT_BY_ALIGNMENT(.gnu.linkonce.t.*))
 *(SORT_BY_ALIGNMENT(.glue_7t))
 .glue_7t       0x0800a7ce        0x0 linker stubs
 *(SORT_BY_ALIGNMENT(.glue_7))
 .glue_7        0x0800a7ce        0x0 linker stubs
 *(SORT_BY_ALIGNMENT(.vfp11_veneer))
 .vfp11_veneer  0x0800a7ce        0x0 linker stubs
 *(SORT_BY_ALIGNMENT(.v4_bx))
 .v4_bx         0x0800a7ce        0x0 linker stubs
                0x0800a7d0                        . = ALIGN (0x4)
 *fill*         0x0800a7ce        0x2 
                0x0800a7d0                        __text_region_end = .

.ARM.extab
 *(SORT_BY_ALIGNMENT(.ARM.extab*) SORT_BY_ALIGNMENT(.gnu.linkonce.armextab.*))

.ARM.exidx      0x0800a7d0        0x8
                0x0800a7d0                        __exidx_start = .
 *(SORT_BY_ALIGNMENT(.ARM.exidx*) SORT_BY_ALIGNMENT(gnu.linkonce.armexidx.*))
 .ARM.exidx     0x0800a7d0        0x8 /home/thanga-inc-5829/zephyr-sdk-1.0.1/gnu/arm-zephyr-eabi/bin/../lib/gcc/arm-zephyr-eabi/14.3.0/thumb/v7e-m+fp/hard/space/libgcc.a(_udivmoddi4.o)
                0x0800a7d8                        __exidx_end = .
                0x0800a7d8                        __rodata_region_start = .

initlevel       0x0800a7d8       0xd0
                0x0800a7d8                        __init_start = .
                0x0800a7d8                        __init_EARLY_start = .
 *(SORT_BY_NAME(SORT_BY_ALIGNMENT(.z_init_EARLY_P_?_*)))
 *(SORT_BY_NAME(SORT_BY_ALIGNMENT(.z_init_EARLY_P_??_*)))
 *(SORT_BY_NAME(SORT_BY_ALIGNMENT(.z_init_EARLY_P_???_*)))
                0x0800a7d8                        __init_PRE_KERNEL_1_start = .
 *(SORT_BY_NAME(SORT_BY_ALIGNMENT(.z_init_PRE_KERNEL_1_P_?_*)))
 .z_init_PRE_KERNEL_1_P_1_SUB_00009_
                0x0800a7d8        0x8 zephyr/drivers/clock_control/libdrivers__clock_control.a(clock_stm32_ll_common.c.obj)
 .z_init_PRE_KERNEL_1_P_1_SUB_0_
                0x0800a7e0        0x8 zephyr/libzephyr.a(soc_config.c.obj)
 *(SORT_BY_NAME(SORT_BY_ALIGNMENT(.z_init_PRE_KERNEL_1_P_??_*)))
 .z_init_PRE_KERNEL_1_P_35_SUB_00060_
                0x0800a7e8        0x8 zephyr/drivers/reset/libdrivers__reset.a(reset_stm32.c.obj)
 .z_init_PRE_KERNEL_1_P_40_SUB_00045_
                0x0800a7f0        0x8 zephyr/libzephyr.a(gpioport_mgr.c.obj)
 .z_init_PRE_KERNEL_1_P_40_SUB_00048_
                0x0800a7f8        0x8 zephyr/libzephyr.a(gpioport_mgr.c.obj)
 .z_init_PRE_KERNEL_1_P_40_SUB_00084_
                0x0800a800        0x8 zephyr/drivers/interrupt_controller/libdrivers__interrupt_controller.a(intc_exti_stm32.c.obj)
 .z_init_PRE_KERNEL_1_P_40_SUB_00125_
                0x0800a808        0x8 zephyr/libzephyr.a(gpioport_mgr.c.obj)
 .z_init_PRE_KERNEL_1_P_40_SUB_00126_
                0x0800a810        0x8 zephyr/libzephyr.a(gpioport_mgr.c.obj)
 .z_init_PRE_KERNEL_1_P_40_SUB_00127_
                0x0800a818        0x8 zephyr/libzephyr.a(gpioport_mgr.c.obj)
 .z_init_PRE_KERNEL_1_P_40_SUB_00128_
                0x0800a820        0x8 zephyr/libzephyr.a(gpioport_mgr.c.obj)
 .z_init_PRE_KERNEL_1_P_40_SUB_00129_
                0x0800a828        0x8 zephyr/libzephyr.a(gpioport_mgr.c.obj)
 .z_init_PRE_KERNEL_1_P_40_SUB_00130_
                0x0800a830        0x8 zephyr/libzephyr.a(gpioport_mgr.c.obj)
 .z_init_PRE_KERNEL_1_P_40_SUB_0_
                0x0800a838        0x8 zephyr/drivers/interrupt_controller/libdrivers__interrupt_controller.a(intc_gpio_stm32.c.obj)
 .z_init_PRE_KERNEL_1_P_50_SUB_00091_
                0x0800a840        0x8 zephyr/drivers/serial/libdrivers__serial.a(uart_stm32.c.obj)
 .z_init_PRE_KERNEL_1_P_50_SUB_00097_
                0x0800a848        0x8 zephyr/drivers/serial/libdrivers__serial.a(uart_stm32.c.obj)
 .z_init_PRE_KERNEL_1_P_60_SUB_0_
                0x0800a850        0x8 zephyr/drivers/console/libdrivers__console.a(uart_console.c.obj)
 .z_init_PRE_KERNEL_1_P_90_SUB_00085_
                0x0800a858        0x8 zephyr/libzephyr.a(stm32_backup_sram.c.obj)
 *(SORT_BY_NAME(SORT_BY_ALIGNMENT(.z_init_PRE_KERNEL_1_P_???_*)))
                0x0800a860                        __init_PRE_KERNEL_2_start = .
 *(SORT_BY_NAME(SORT_BY_ALIGNMENT(.z_init_PRE_KERNEL_2_P_?_*)))
 .z_init_PRE_KERNEL_2_P_0_SUB_0_
                0x0800a860        0x8 zephyr/drivers/timer/libdrivers__timer.a(cortex_m_systick.c.obj)
 *(SORT_BY_NAME(SORT_BY_ALIGNMENT(.z_init_PRE_KERNEL_2_P_??_*)))
 *(SORT_BY_NAME(SORT_BY_ALIGNMENT(.z_init_PRE_KERNEL_2_P_???_*)))
                0x0800a868                        __init_POST_KERNEL_start = .
 *(SORT_BY_NAME(SORT_BY_ALIGNMENT(.z_init_POST_KERNEL_P_?_*)))
 *(SORT_BY_NAME(SORT_BY_ALIGNMENT(.z_init_POST_KERNEL_P_??_*)))
 .z_init_POST_KERNEL_P_35_SUB_0_
                0x0800a868        0x8 zephyr/lib/libc/common/liblib__libc__common.a(malloc.c.obj)
 .z_init_POST_KERNEL_P_50_SUB_00021_
                0x0800a870        0x8 zephyr/drivers/i2c/libdrivers__i2c.a(i2c_stm32.c.obj)
 .z_init_POST_KERNEL_P_50_SUB_00025_
                0x0800a878        0x8 zephyr/drivers/i2c/libdrivers__i2c.a(i2c_stm32.c.obj)
 .z_init_POST_KERNEL_P_50_SUB_00029_
                0x0800a880        0x8 zephyr/drivers/i2c/libdrivers__i2c.a(i2c_stm32.c.obj)
 .z_init_POST_KERNEL_P_50_SUB_00063_
                0x0800a888        0x8 zephyr/drivers/pwm/libdrivers__pwm.a(pwm_stm32.c.obj)
 .z_init_POST_KERNEL_P_90_SUB_00122_
                0x0800a890        0x8 zephyr/drivers/sensor/st/lps22hb/libdrivers__sensor__st__lps22hb.a(lps22hb.c.obj)
 .z_init_POST_KERNEL_P_90_SUB_00145_
                0x0800a898        0x8 zephyr/drivers/sensor/st/qdec_stm32/libdrivers__sensor__st__qdec_stm32.a(qdec_stm32.c.obj)
 *(SORT_BY_NAME(SORT_BY_ALIGNMENT(.z_init_POST_KERNEL_P_???_*)))
                0x0800a8a0                        __init_APPLICATION_start = .
 *(SORT_BY_NAME(SORT_BY_ALIGNMENT(.z_init_APPLICATION_P_?_*)))
 .z_init_APPLICATION_P_0_SUB_0_
                0x0800a8a0        0x8 zephyr/libzephyr.a(boot_banner.c.obj)
 *(SORT_BY_NAME(SORT_BY_ALIGNMENT(.z_init_APPLICATION_P_??_*)))
 *(SORT_BY_NAME(SORT_BY_ALIGNMENT(.z_init_APPLICATION_P_???_*)))
                0x0800a8a8                        __init_SMP_start = .
 *(SORT_BY_NAME(SORT_BY_ALIGNMENT(.z_init_SMP_P_?_*)))
 *(SORT_BY_NAME(SORT_BY_ALIGNMENT(.z_init_SMP_P_??_*)))
 *(SORT_BY_NAME(SORT_BY_ALIGNMENT(.z_init_SMP_P_???_*)))
                0x0800a8a8                        __init_end = .

device_area     0x0800a8a8      0x230
                0x0800a8a8                        _device_list_start = .
 *(SORT_BY_NAME(SORT_BY_ALIGNMENT(._device.static.*_?_*)))
 ._device.static.1_1_
                0x0800a8a8       0x1c zephyr/drivers/clock_control/libdrivers__clock_control.a(clock_stm32_ll_common.c.obj)
                0x0800a8a8                __device_dts_ord_9
 *(SORT_BY_NAME(SORT_BY_ALIGNMENT(._device.static.*_??_*)))
 ._device.static.1_35_
                0x0800a8c4       0x1c zephyr/drivers/reset/libdrivers__reset.a(reset_stm32.c.obj)
                0x0800a8c4                __device_dts_ord_60
 ._device.static.1_40_
                0x0800a8e0       0xe0 zephyr/libzephyr.a(gpioport_mgr.c.obj)
                0x0800a8e0                __device_dts_ord_130
                0x0800a8fc                __device_dts_ord_129
                0x0800a918                __device_dts_ord_128
                0x0800a934                __device_dts_ord_127
                0x0800a950                __device_dts_ord_126
                0x0800a96c                __device_dts_ord_45
                0x0800a988                __device_dts_ord_125
                0x0800a9a4                __device_dts_ord_48
 ._device.static.1_40_
                0x0800a9c0       0x1c zephyr/drivers/interrupt_controller/libdrivers__interrupt_controller.a(intc_exti_stm32.c.obj)
                0x0800a9c0                __device_dts_ord_84
 ._device.static.1_50_
                0x0800a9dc       0x38 zephyr/drivers/serial/libdrivers__serial.a(uart_stm32.c.obj)
                0x0800a9dc                __device_dts_ord_91
                0x0800a9f8                __device_dts_ord_97
 ._device.static.1_90_
                0x0800aa14       0x1c zephyr/libzephyr.a(stm32_backup_sram.c.obj)
                0x0800aa14                __device_dts_ord_85
 ._device.static.3_50_
                0x0800aa30       0x54 zephyr/drivers/i2c/libdrivers__i2c.a(i2c_stm32.c.obj)
                0x0800aa30                __device_dts_ord_29
                0x0800aa4c                __device_dts_ord_25
                0x0800aa68                __device_dts_ord_21
 ._device.static.3_50_
                0x0800aa84       0x1c zephyr/drivers/pwm/libdrivers__pwm.a(pwm_stm32.c.obj)
                0x0800aa84                __device_dts_ord_63
 ._device.static.3_90_
                0x0800aaa0       0x1c zephyr/drivers/sensor/st/lps22hb/libdrivers__sensor__st__lps22hb.a(lps22hb.c.obj)
                0x0800aaa0                __device_dts_ord_122
 ._device.static.3_90_
                0x0800aabc       0x1c zephyr/drivers/sensor/st/qdec_stm32/libdrivers__sensor__st__qdec_stm32.a(qdec_stm32.c.obj)
                0x0800aabc                __device_dts_ord_145
 *(SORT_BY_NAME(SORT_BY_ALIGNMENT(._device.static.*_???_*)))
 *(SORT_BY_NAME(SORT_BY_ALIGNMENT(._device.static.*_????_*)))
 *(SORT_BY_NAME(SORT_BY_ALIGNMENT(._device.static.*_?????_*)))
                0x0800aad8                        _device_list_end = .

sw_isr_table    0x0800aad8      0x250
                0x0800aad8                        . = ALIGN (0x4)
 *(SORT_BY_ALIGNMENT(.gnu.linkonce.sw_isr_table*))
 .gnu.linkonce.sw_isr_table
                0x0800aad8      0x250 zephyr/CMakeFiles/zephyr_final.dir/isr_tables.c.obj
                0x0800aad8                _sw_isr_table

initlevel_error
 *(SORT_BY_NAME(SORT_BY_ALIGNMENT(.z_init_*)))
                0x00000001                        ASSERT ((SIZEOF (initlevel_error) == 0x0), Undefined initialization levels used.)

app_shmem_regions
                0x0800ad28        0x0
                0x0800ad28                        __app_shmem_regions_start = .
 *(SORT_BY_NAME(SORT_BY_ALIGNMENT(.app_regions.*)))
                0x0800ad28                        __app_shmem_regions_end = .

k_p4wq_initparam_area
                0x0800ad28        0x0
                0x0800ad28                        _k_p4wq_initparam_list_start = .
 *(SORT_BY_NAME(SORT_BY_ALIGNMENT(._k_p4wq_initparam.static.*)))
                0x0800ad28                        _k_p4wq_initparam_list_end = .

_static_thread_data_area
                0x0800ad28        0x0
                0x0800ad28                        __static_thread_data_list_start = .
 *(SORT_BY_NAME(SORT_BY_ALIGNMENT(.__static_thread_data.static.*)))
                0x0800ad28                        __static_thread_data_list_end = .

device_deps     0x0800ad28        0x0
                0x0800ad28                        __device_deps_start = .
 *(SORT_BY_NAME(SORT_BY_ALIGNMENT(.__device_deps_pass2*)))
                0x0800ad28                        __device_deps_end = .

device_api_area
                0x0800ad28       0xbc
                0x0800ad28                        _gpio_driver_api_list_start = .
 *(SORT_BY_NAME(SORT_BY_ALIGNMENT(._gpio_driver_api.static.*)))
 ._gpio_driver_api.static.gpio_stm32_driver_
                0x0800ad28       0x24 zephyr/drivers/gpio/libdrivers__gpio.a(gpio_stm32.c.obj)
                0x0800ad28                gpio_stm32_driver
                0x0800ad4c                        _gpio_driver_api_list_end = .
                0x0800ad4c                        _gpio_driver_api_ext_end = .
                0x0800ad4c                        _i2c_driver_api_list_start = .
 *(SORT_BY_NAME(SORT_BY_ALIGNMENT(._i2c_driver_api.static.*)))
 ._i2c_driver_api.static.api_funcs_
                0x0800ad4c       0x18 zephyr/drivers/i2c/libdrivers__i2c.a(i2c_stm32.c.obj)
                0x0800ad64                        _i2c_driver_api_list_end = .
                0x0800ad64                        _i3c_driver_api_list_start = .
 *(SORT_BY_NAME(SORT_BY_ALIGNMENT(._i3c_driver_api.static.*)))
                0x0800ad64                        _i3c_driver_api_list_end = .
                0x0800ad64                        _i3c_driver_api_ext_end = .
                0x0800ad64                        _i2c_driver_api_ext_end = .
                0x0800ad64                        _i2c_target_driver_api_list_start = .
 *(SORT_BY_NAME(SORT_BY_ALIGNMENT(._i2c_target_driver_api.static.*)))
                0x0800ad64                        _i2c_target_driver_api_list_end = .
                0x0800ad64                        _i2c_target_driver_api_ext_end = .
                0x0800ad64                        _pwm_driver_api_list_start = .
 *(SORT_BY_NAME(SORT_BY_ALIGNMENT(._pwm_driver_api.static.*)))
 ._pwm_driver_api.static.pwm_stm32_driver_api_
                0x0800ad64        0x8 zephyr/drivers/pwm/libdrivers__pwm.a(pwm_stm32.c.obj)
                0x0800ad6c                        _pwm_driver_api_list_end = .
                0x0800ad6c                        _pwm_driver_api_ext_end = .
                0x0800ad6c                        _reset_driver_api_list_start = .
 *(SORT_BY_NAME(SORT_BY_ALIGNMENT(._reset_driver_api.static.*)))
 ._reset_driver_api.static.reset_stm32_driver_api_
                0x0800ad6c       0x10 zephyr/drivers/reset/libdrivers__reset.a(reset_stm32.c.obj)
                0x0800ad7c                        _reset_driver_api_list_end = .
                0x0800ad7c                        _reset_driver_api_ext_end = .
                0x0800ad7c                        _sensor_driver_api_list_start = .
 *(SORT_BY_NAME(SORT_BY_ALIGNMENT(._sensor_driver_api.static.*)))
 ._sensor_driver_api.static.lps22hb_api_funcs_
                0x0800ad7c       0x1c zephyr/drivers/sensor/st/lps22hb/libdrivers__sensor__st__lps22hb.a(lps22hb.c.obj)
 ._sensor_driver_api.static.qdec_stm32_driver_api_
                0x0800ad98       0x1c zephyr/drivers/sensor/st/qdec_stm32/libdrivers__sensor__st__qdec_stm32.a(qdec_stm32.c.obj)
                0x0800adb4                        _sensor_driver_api_list_end = .
                0x0800adb4                        _sensor_driver_api_ext_end = .
                0x0800adb4                        _shared_irq_driver_api_list_start = .
 *(SORT_BY_NAME(SORT_BY_ALIGNMENT(._shared_irq_driver_api.static.*)))
                0x0800adb4                        _shared_irq_driver_api_list_end = .
                0x0800adb4                        _shared_irq_driver_api_ext_end = .
                0x0800adb4                        _dmic_driver_api_list_start = .
 *(SORT_BY_NAME(SORT_BY_ALIGNMENT(._dmic_driver_api.static.*)))
                0x0800adb4                        _dmic_driver_api_list_end = .
                0x0800adb4                        _dmic_driver_api_ext_end = .
                0x0800adb4                        _crypto_driver_api_list_start = .
 *(SORT_BY_NAME(SORT_BY_ALIGNMENT(._crypto_driver_api.static.*)))
                0x0800adb4                        _crypto_driver_api_list_end = .
                0x0800adb4                        _crypto_driver_api_ext_end = .
                0x0800adb4                        _adc_driver_api_list_start = .
 *(SORT_BY_NAME(SORT_BY_ALIGNMENT(._adc_driver_api.static.*)))
                0x0800adb4                        _adc_driver_api_list_end = .
                0x0800adb4                        _adc_driver_api_ext_end = .
                0x0800adb4                        _auxdisplay_driver_api_list_start = .
 *(SORT_BY_NAME(SORT_BY_ALIGNMENT(._auxdisplay_driver_api.static.*)))
                0x0800adb4                        _auxdisplay_driver_api_list_end = .
                0x0800adb4                        _auxdisplay_driver_api_ext_end = .
                0x0800adb4                        _bbram_driver_api_list_start = .
 *(SORT_BY_NAME(SORT_BY_ALIGNMENT(._bbram_driver_api.static.*)))
                0x0800adb4                        _bbram_driver_api_list_end = .
                0x0800adb4                        _bbram_driver_api_ext_end = .
                0x0800adb4                        _biometric_driver_api_list_start = .
 *(SORT_BY_NAME(SORT_BY_ALIGNMENT(._biometric_driver_api.static.*)))
                0x0800adb4                        _biometric_driver_api_list_end = .
                0x0800adb4                        _biometric_driver_api_ext_end = .
                0x0800adb4                        _bt_hci_driver_api_list_start = .
 *(SORT_BY_NAME(SORT_BY_ALIGNMENT(._bt_hci_driver_api.static.*)))
                0x0800adb4                        _bt_hci_driver_api_list_end = .
                0x0800adb4                        _bt_hci_driver_api_ext_end = .
                0x0800adb4                        _buzzer_driver_api_list_start = .
 *(SORT_BY_NAME(SORT_BY_ALIGNMENT(._buzzer_driver_api.static.*)))
                0x0800adb4                        _buzzer_driver_api_list_end = .
                0x0800adb4                        _buzzer_driver_api_ext_end = .
                0x0800adb4                        _can_driver_api_list_start = .
 *(SORT_BY_NAME(SORT_BY_ALIGNMENT(._can_driver_api.static.*)))
                0x0800adb4                        _can_driver_api_list_end = .
                0x0800adb4                        _can_driver_api_ext_end = .
                0x0800adb4                        _cellular_driver_api_list_start = .
 *(SORT_BY_NAME(SORT_BY_ALIGNMENT(._cellular_driver_api.static.*)))
                0x0800adb4                        _cellular_driver_api_list_end = .
                0x0800adb4                        _cellular_driver_api_ext_end = .
                0x0800adb4                        _charger_driver_api_list_start = .
 *(SORT_BY_NAME(SORT_BY_ALIGNMENT(._charger_driver_api.static.*)))
                0x0800adb4                        _charger_driver_api_list_end = .
                0x0800adb4                        _charger_driver_api_ext_end = .
                0x0800adb4                        _clock_control_driver_api_list_start = .
 *(SORT_BY_NAME(SORT_BY_ALIGNMENT(._clock_control_driver_api.static.*)))
 ._clock_control_driver_api.static.stm32_clock_control_api_
                0x0800adb4       0x1c zephyr/drivers/clock_control/libdrivers__clock_control.a(clock_stm32_ll_common.c.obj)
                0x0800add0                        _clock_control_driver_api_list_end = .
                0x0800add0                        _nrf_clock_control_driver_api_list_start = .
 *(SORT_BY_NAME(SORT_BY_ALIGNMENT(._nrf_clock_control_driver_api.static.*)))
                0x0800add0                        _nrf_clock_control_driver_api_list_end = .
                0x0800add0                        _nrf_clock_control_driver_api_ext_end = .
                0x0800add0                        _clock_control_driver_api_ext_end = .
                0x0800add0                        _comparator_driver_api_list_start = .
 *(SORT_BY_NAME(SORT_BY_ALIGNMENT(._comparator_driver_api.static.*)))
                0x0800add0                        _comparator_driver_api_list_end = .
                0x0800add0                        _comparator_driver_api_ext_end = .
                0x0800add0                        _coredump_driver_api_list_start = .
 *(SORT_BY_NAME(SORT_BY_ALIGNMENT(._coredump_driver_api.static.*)))
                0x0800add0                        _coredump_driver_api_list_end = .
                0x0800add0                        _coredump_driver_api_ext_end = .
                0x0800add0                        _counter_driver_api_list_start = .
 *(SORT_BY_NAME(SORT_BY_ALIGNMENT(._counter_driver_api.static.*)))
                0x0800add0                        _counter_driver_api_list_end = .
                0x0800add0                        _counter_driver_api_ext_end = .
                0x0800add0                        _crc_driver_api_list_start = .
 *(SORT_BY_NAME(SORT_BY_ALIGNMENT(._crc_driver_api.static.*)))
                0x0800add0                        _crc_driver_api_list_end = .
                0x0800add0                        _crc_driver_api_ext_end = .
                0x0800add0                        _dac_driver_api_list_start = .
 *(SORT_BY_NAME(SORT_BY_ALIGNMENT(._dac_driver_api.static.*)))
                0x0800add0                        _dac_driver_api_list_end = .
                0x0800add0                        _dac_driver_api_ext_end = .
                0x0800add0                        _dai_driver_api_list_start = .
 *(SORT_BY_NAME(SORT_BY_ALIGNMENT(._dai_driver_api.static.*)))
                0x0800add0                        _dai_driver_api_list_end = .
                0x0800add0                        _dai_driver_api_ext_end = .
                0x0800add0                        _dali_driver_api_list_start = .
 *(SORT_BY_NAME(SORT_BY_ALIGNMENT(._dali_driver_api.static.*)))
                0x0800add0                        _dali_driver_api_list_end = .
                0x0800add0                        _dali_driver_api_ext_end = .
                0x0800add0                        _display_driver_api_list_start = .
 *(SORT_BY_NAME(SORT_BY_ALIGNMENT(._display_driver_api.static.*)))
                0x0800add0                        _display_driver_api_list_end = .
                0x0800add0                        _display_driver_api_ext_end = .
                0x0800add0                        _dma_driver_api_list_start = .
 *(SORT_BY_NAME(SORT_BY_ALIGNMENT(._dma_driver_api.static.*)))
                0x0800add0                        _dma_driver_api_list_end = .
                0x0800add0                        _dma_driver_api_ext_end = .
                0x0800add0                        _edac_driver_api_list_start = .
 *(SORT_BY_NAME(SORT_BY_ALIGNMENT(._edac_driver_api.static.*)))
                0x0800add0                        _edac_driver_api_list_end = .
                0x0800add0                        _edac_driver_api_ext_end = .
                0x0800add0                        _eeprom_driver_api_list_start = .
 *(SORT_BY_NAME(SORT_BY_ALIGNMENT(._eeprom_driver_api.static.*)))
                0x0800add0                        _eeprom_driver_api_list_end = .
                0x0800add0                        _eeprom_driver_api_ext_end = .
                0x0800add0                        _emul_bbram_driver_api_list_start = .
 *(SORT_BY_NAME(SORT_BY_ALIGNMENT(._emul_bbram_driver_api.static.*)))
                0x0800add0                        _emul_bbram_driver_api_list_end = .
                0x0800add0                        _emul_bbram_driver_api_ext_end = .
                0x0800add0                        _fuel_gauge_emul_driver_api_list_start = .
 *(SORT_BY_NAME(SORT_BY_ALIGNMENT(._fuel_gauge_emul_driver_api.static.*)))
                0x0800add0                        _fuel_gauge_emul_driver_api_list_end = .
                0x0800add0                        _fuel_gauge_emul_driver_api_ext_end = .
                0x0800add0                        _emul_sensor_driver_api_list_start = .
 *(SORT_BY_NAME(SORT_BY_ALIGNMENT(._emul_sensor_driver_api.static.*)))
                0x0800add0                        _emul_sensor_driver_api_list_end = .
                0x0800add0                        _emul_sensor_driver_api_ext_end = .
                0x0800add0                        _entropy_driver_api_list_start = .
 *(SORT_BY_NAME(SORT_BY_ALIGNMENT(._entropy_driver_api.static.*)))
                0x0800add0                        _entropy_driver_api_list_end = .
                0x0800add0                        _entropy_driver_api_ext_end = .
                0x0800add0                        _espi_driver_api_list_start = .
 *(SORT_BY_NAME(SORT_BY_ALIGNMENT(._espi_driver_api.static.*)))
                0x0800add0                        _espi_driver_api_list_end = .
                0x0800add0                        _emul_espi_driver_api_list_start = .
 *(SORT_BY_NAME(SORT_BY_ALIGNMENT(._emul_espi_driver_api.static.*)))
                0x0800add0                        _emul_espi_driver_api_list_end = .
                0x0800add0                        _emul_espi_driver_api_ext_end = .
                0x0800add0                        _espi_driver_api_ext_end = .
                0x0800add0                        _espi_saf_driver_api_list_start = .
 *(SORT_BY_NAME(SORT_BY_ALIGNMENT(._espi_saf_driver_api.static.*)))
                0x0800add0                        _espi_saf_driver_api_list_end = .
                0x0800add0                        _espi_saf_driver_api_ext_end = .
                0x0800add0                        _flash_driver_api_list_start = .
 *(SORT_BY_NAME(SORT_BY_ALIGNMENT(._flash_driver_api.static.*)))
                0x0800add0                        _flash_driver_api_list_end = .
                0x0800add0                        _flash_driver_api_ext_end = .
                0x0800add0                        _fpga_driver_api_list_start = .
 *(SORT_BY_NAME(SORT_BY_ALIGNMENT(._fpga_driver_api.static.*)))
                0x0800add0                        _fpga_driver_api_list_end = .
                0x0800add0                        _fpga_driver_api_ext_end = .
                0x0800add0                        _fuel_gauge_driver_api_list_start = .
 *(SORT_BY_NAME(SORT_BY_ALIGNMENT(._fuel_gauge_driver_api.static.*)))
                0x0800add0                        _fuel_gauge_driver_api_list_end = .
                0x0800add0                        _fuel_gauge_driver_api_ext_end = .
                0x0800add0                        _gnss_driver_api_list_start = .
 *(SORT_BY_NAME(SORT_BY_ALIGNMENT(._gnss_driver_api.static.*)))
                0x0800add0                        _gnss_driver_api_list_end = .
                0x0800add0                        _gnss_driver_api_ext_end = .
                0x0800add0                        _haptics_driver_api_list_start = .
 *(SORT_BY_NAME(SORT_BY_ALIGNMENT(._haptics_driver_api.static.*)))
                0x0800add0                        _haptics_driver_api_list_end = .
                0x0800add0                        _haptics_driver_api_ext_end = .
                0x0800add0                        _hwspinlock_driver_api_list_start = .
 *(SORT_BY_NAME(SORT_BY_ALIGNMENT(._hwspinlock_driver_api.static.*)))
                0x0800add0                        _hwspinlock_driver_api_list_end = .
                0x0800add0                        _hwspinlock_driver_api_ext_end = .
                0x0800add0                        _i2s_driver_api_list_start = .
 *(SORT_BY_NAME(SORT_BY_ALIGNMENT(._i2s_driver_api.static.*)))
                0x0800add0                        _i2s_driver_api_list_end = .